07-26 20:08:18.167  1921  2256 D OplusScreenOffTorchHelper: not handle with turnOff,mFlashLightEnable = false,mFlashLightAvailable=true,mCameraId = 0
07-26 20:08:18.167  1921  2256 I OplusJoystickManager: read game pad state for game manager -> false
07-26 20:08:18.167  1921  2256 W OplusJoystickManager: mInterceptGamepadKey is false
07-26 20:08:18.172  1921  2848 V WindowManager: Changing focus from Window{37b6f29 u0 com.android.launcher/com.android.launcher.Launcher} to null,diplayid=0
07-26 20:08:18.172  1921  2067 D DisplayPowerController[0]: Brightness [-1.0] reason changing to: 'screen_off', previous reason: 'manual'. id=local:0
07-26 20:08:18.172  1921  2067 I DisplayPowerController[0]: BrightnessEvent: disp=0, brt=-1.0, rcmdBrt=NaN, preBrt=NaN, lux=0.0, preLux=0.0, hbmMax=1.0, hbmMode=off, thrmMax=1.0, flags=, reason=screen_off
07-26 20:08:18.173  1921  2067 D DisplayPowerState[0]: updateRunnable run fadeLevle=0.0 state=OFF brightness changed:487.0->-1.0
07-26 20:08:18.173  1921  2848 V OplusZoomWindowManagerService: onAnimationFinished:  r = ActivityRecord{ab6785c u0 com.android.launcher/.Launcher} t6}
07-26 20:08:18.173  1921  2848 I WindowStateExtImpl: onSurfaceShowChange show = false mPackageName = com.android.launcher parentPkgName = com.android.launcher
07-26 20:08:18.173  1921  2418 D DisplayPowerState[0]: Updating screen state: id=0, state=OFF, backlight=-1.0, sdrBacklight=-1.0
07-26 20:08:18.173  1921  2418 D OplusSmartBrightnessController: requestDisplayState isFirstDisplay=true state=1 globalDisplayState=0x0
07-26 20:08:18.174  1921  2418 D LocalDisplayAdapter: setDisplayState(id=0 isFirstDisplay=true state changed:ON->OFF) t-Name=PhotonicModulator
07-26 20:08:18.175  1921  2256 E Orms_ManagerInner: cannot connect to orms core service!
07-26 20:08:18.176  1921  2256 D OplusPowerManagerHelper: [isFaceAutoUnlockEnabled]
07-26 20:08:18.176  1921  2256 D OplusPowerManagerHelper: [onWakeUp]
07-26 20:08:18.176  1921  2256 D Biometrics/Face/FaceProviderExtImpl: onWakeUp wakeupReason = android.policy:POWER
07-26 20:08:18.176  1921  2256 D OplusPowerManagerHelper: [requestKeyguard]
07-26 20:08:18.176  1921  2256 I PowerGroup: Waking up power group from Dozing (groupId=0, uid=1000, reason=WAKE_REASON_POWER_BUTTON, details=android.policy:POWER)...
07-26 20:08:18.176  1921  2256 D PowerManagerService: userActivityNoUpdateLocked: groupId=0, eventTime=101164214, event=0, flags=0x0, uid=1000
07-26 20:08:18.176  1921  2363 D Biometrics/Face/FaceProviderExtImpl: startWakeUp
07-26 20:08:18.177  1921  2848 I TaskOrganizerController: onTaskInfoChanged taskid 1 config { mBounds=Rect(0, 0 - 1080, 2400) mAppBounds=Rect(0, 110 - 1080, 2288) mMaxBounds=Rect(0, 0 - 1080, 2400) mDisplayRotation=ROTATION_0 mWindowingMode=fullscreen mDisplayWindowingMode=fullscreen mActivityType=home mAlwaysOnTop=undefined mRotation=ROTATION_0}
07-26 20:08:18.178  1921  2256 I PowerManagerService: Waking up from Dozing (uid=1000, reason=WAKE_REASON_POWER_BUTTON, details=android.policy:POWER)...
07-26 20:08:18.180  1921  2256 I Quality : ScreenOnOff: OFF 572 4
07-26 20:08:18.180  1921  2355 E OplusCustomizeRestrictionManagerService: isBiometricDisabled start
07-26 20:08:18.180  1921  2256 D OplusVFXScreenEffectFeature: notifySFUpdateVFXEffectState state VFX_SCREEN_POWER_ON NeedNotify true
07-26 20:08:18.180  1921  2355 D BiometricService: Sensor ID(4), oemStrength: 255, updatedStrength: 255, modality 8, state: 0, cookie: 0, sensorId 4, hasEnrollments: true cannot participate in Keystore operations
07-26 20:08:18.180  1921  2256 D OplusScreenOffTorchHelper: onWakeUp
07-26 20:08:18.181  1921  2069 I OplusSmartBrightnessController: handleMessage MSG_UPDATE_BRIGHTNESS_NO_ANIMATION changed:true
07-26 20:08:18.181  1921  2256 D DisplayManagerServiceExtImpl: request size(1,1),dpc=com.android.server.display.DisplayPowerController@90c34a4 size(0,1),flags=0X200F,id(0,0,local:0), phase=1, enable=true, ready=false,prox=false policy=BRIGHT,dozeState=UNKNOWN,screenBrightnessOverride=-1.000000,useAuto=false,lowPower=false,lowPowerFactor=0.500000
07-26 20:08:18.182   651 18071 I keystore2: keystore2::authorization: on_lock_screen_event(LockScreenEvent(1), user_id=0, password.is_some()=false, unlocking_sids=Some([-6226715700390196880]))
07-26 20:08:18.182   651 18071 I keystore2: keystore2::super_key: Locking screen bound for user 0 sids [-6226715700390196880]
07-26 20:08:18.183  1921  2067 D OplusSmartBrightnessController: onScreenEvent, isScreenOn displayId[0]=true
07-26 20:08:18.183  1921  2107 D VRR [OPlusRefreshRateService]: handleScreenStateChange state: 2
07-26 20:08:18.184  1921  2067 D DisplayPowerState[0]: setScreenState: state=2
07-26 20:08:18.184  1921  2067 D BackLightStat: setScreenState: state changed:OFF->ON
07-26 20:08:18.184  1921  2067 I DisplayPowerController[0]: Blocking screen on until initial contents have been drawn.
07-26 20:08:18.184  1921  2848 D DeviceStateProviderImpl: keyguard show or sleep: true mLastReportedState 0
07-26 20:08:18.186  1921  2067 D DisplayPowerController[0]: screen on blocked blocker=com.android.server.display.DisplayPowerController$ScreenOnUnblocker@e2d1c8f
07-26 20:08:18.186  1921  2067 D DpcExtImpl[0]: original brightness:487 final brightness:487.0 scale:1.0 reason:1 darkLevel:0
07-26 20:08:18.186  1921  2067 D DisplayPowerController[0]: Brightness [487.0] reason changing to: 'manual', previous reason: 'screen_off'. id=local:0
07-26 20:08:18.186  1921  2067 I DisplayPowerController[0]: BrightnessEvent: disp=0, brt=487.0, rcmdBrt=NaN, preBrt=NaN, lux=0.0, preLux=0.0, hbmMax=1.0, hbmMode=off, thrmMax=1.0, flags=, reason=manual
07-26 20:08:18.186  1921 10287 W ContextImpl: Calling a method in the system process without a qualified user: android.app.ContextImpl.sendBroadcast:1212 com.android.server.policy.PhoneWindowManagerExtImpl$9.run:2007 java.lang.Thread.run:1119 <bottom of call stack> <bottom of call stack> 
07-26 20:08:18.187  1921  2067 D DisplayPowerState[0]: updateRunnable run fadeLevle=0.0 state=ON brightness changed:487.0->-1.0
07-26 20:08:18.187  1921  2848 E OplusCustomizeRestrictionManagerService: getUnlockByFingerprintPolicies fail, return default value.
07-26 20:08:18.189  1921  2848 E OplusCustomizeRestrictionManagerService: isBiometricDisabled start
07-26 20:08:18.189  1921  2856 I StatusBarManagerService: disableLocked, what:1600000, pkg:com.android.systemui userId: 0 token:android.os.BinderProxy@8ec6c8 net1:1600000 net2:0
07-26 20:08:18.191  1921  3265 E OplusCustomizeRestrictionManagerService: isBiometricDisabled start
07-26 20:08:18.193  2599  2792 D FaceManager: FaceManager#authenticate
07-26 20:08:18.195  1921  2068 E ActivityManager: Cancel pending or running compactions as system is awake
07-26 20:08:18.195  1921  2848 E OplusCustomizeRestrictionManagerService: isBiometricDisabled start
07-26 20:08:18.198  1921  2363 D UaBiometricScheduler/FaceProvider/default/4: [Added] {[1280] com.android.server.biometrics.sensors.face.aidl.FaceAuthenticationClient, proto=3, owner=com.android.systemui, cookie=0, requestId=338, userId=0}, new queue size: 1
07-26 20:08:18.198  1921  2363 D UaBiometricScheduler/FaceProvider/default/4: [Polled] {[1280] com.android.server.biometrics.sensors.face.aidl.FaceAuthenticationClient, proto=3, owner=com.android.systemui, cookie=0, requestId=338, userId=0}, State: 0
07-26 20:08:18.198  1921  2363 D UaBiometricScheduler/FaceProvider/default/4: [Started] {[1280] com.android.server.biometrics.sensors.face.aidl.FaceAuthenticationClient, proto=3, owner=com.android.systemui, cookie=0, requestId=338, userId=0}
07-26 20:08:18.198  1921  2363 D BiometricCoexCoordinator: addAuthenticationClient(Face), client: {[1280] com.android.server.biometrics.sensors.face.aidl.FaceAuthenticationClient, proto=3, owner=com.android.systemui, cookie=0, requestId=338, userId=0}
07-26 20:08:18.198  1921  2363 D Biometrics/AuthenticationClient: Requesting auth for com.android.systemui
07-26 20:08:18.198  1921  2363 D Biometrics/Face/FaceProviderExtImpl: no blockScreenOn, currentClient = {[1280] com.android.server.biometrics.sensors.face.aidl.FaceAuthenticationClient, proto=3, owner=com.android.systemui, cookie=0, requestId=338, userId=0}, mSupportPowerBlock = false, isKeyguard = true, mWakeUpReason = android.policy:POWER, mFaceUnlockRemainUnlockEnabled = true
07-26 20:08:18.202  1921  4705 V WindowManager: Relayout Window{88d121e u0 OnScreenFingerprintDimLayer}: viewVisibility=0, oldvis=8, req=1080x2400
07-26 20:08:18.202  1921  4705 I WindowManager: Window{88d121e u0 OnScreenFingerprintDimLayer} state from NO_SURFACE to DRAW_PENDING; reason: resetDrawState
07-26 20:08:18.204  1921  2068 W ContextImpl: Calling a method in the system process without a qualified user: android.app.ContextImpl.sendBroadcast:1197 com.android.server.am.OplusAppStartupConfig.handleCountRestrictedList:1272 com.android.server.am.OplusAppStartupManager.updateScreenStatus:5273 com.android.server.OplusSysStateManager$LocalService.onWakefulnessChanged:412 com.android.server.power.NotifierExtImpl.onWakefulnessChanged:130 
07-26 20:08:18.214  1921  2363 V BiometricSchedulerOperation: started: {[1280] com.android.server.biometrics.sensors.face.aidl.FaceAuthenticationClient, proto=3, owner=com.android.systemui, cookie=0, requestId=338, userId=0}, State: 2
07-26 20:08:18.222  1921  3265 V WindowManager: Relayout Window{37b6f29 u0 com.android.launcher/com.android.launcher.Launcher}: viewVisibility=8, oldvis=0, req=1080x2400
07-26 20:08:18.222  1921  1976 I DisplayDeviceRepository: Display device changed state: "Built-in screen", OFF
07-26 20:08:18.223  1921  1976 D DisplayManagerServiceExtImpl: scheduleTraversalLocked intraversal=false
07-26 20:08:18.223  1921  1976 I DisplayManagerServiceExtImpl: handle logical display changed logicalDisplay=id=0,phase=1,stack=0,content=true,displayInfo{stack=0,type=1,id=0,uId=local:0,state=OFF,pkg=null}
07-26 20:08:18.223  1921  1976 D DisplayPowerController[0]: screen state changed reported, id = 0, state = 1
07-26 20:08:18.224  1921  3265 D DisplayManagerService: performTraversalInternal pendingTraversal
07-26 20:08:18.224  1921  3265 D DisplayDevice: setLayerStackLocked id=local:0 token=android.os.BinderProxy@bdd20fb stack=0->-1
07-26 20:08:18.227  1921  2827 V WindowManager: Relayout Window{c35994f u0 (1-1)-Window{c67a468 alpha=1.0 fl=}}: viewVisibility=8, oldvis=0, req=1080x2400
07-26 20:08:18.229  1921  2827 D DisplayManagerService: performTraversalInternal pendingTraversal
07-26 20:08:18.229  1921  2827 D DisplayDevice: setLayerStackLocked id=local:0 token=android.os.BinderProxy@bdd20fb stack=-1->-1
07-26 20:08:18.233  1921  1976 V UsbDeviceManager: onKeyguardStateChanged: isShowing:true secure:true user:0
07-26 20:08:18.234  1921  3288 D OplusAppListInterceptManager: shouldFilterTask
07-26 20:08:18.234  1921  3288 D OplusAppListInterceptManager: shouldFilterTask::packageName = org.fdroid.fdroid
07-26 20:08:18.234   596   596 I vold    : evict_sensitive_key: 1,sensitiveType=0
07-26 20:08:18.234   596   596 I vold    : evict_sensitive_key: 1
07-26 20:08:18.234  1921  3288 D OplusAppListInterceptManager: shouldFilterTask
07-26 20:08:18.235  1921  3288 D OplusAppListInterceptManager: shouldFilterTask::packageName = com.whatsapp
07-26 20:08:18.235  1921  2068 D NotifierExtImpl: notifyScreenOnOff: on = false
07-26 20:08:18.235  1921  2068 D OplusPowerManagerServiceEnhance: notifyScreenOnOff on=false
07-26 20:08:18.238   596   596 D vold    : Cannot find key for 0
07-26 20:08:18.238   596   596 D vold    : Cannot find key for 0
07-26 20:08:18.238   596   596 I vold    : evict_sensitive_key: 1,sensitiveType=1
07-26 20:08:18.238   596   596 I vold    : evict_sensitive_key: 1
07-26 20:08:18.238  1921  1976 E OplusStorageManagerFeature: clear Ae Be key
07-26 20:08:18.241  1921  2827 W ContextImpl: Calling a method in the system process without a qualified user: android.app.ContextImpl.sendBroadcast:1197 com.android.server.camera.OplusCameraStateBroadcast.notifyCameraState:51 com.android.server.camera.CameraServiceProxyExtImpl.extendNotifyCameraState:186 com.android.server.camera.CameraServiceProxy.updateActivityCount:1246 com.android.server.camera.CameraServiceProxy.-$$Nest$mupdateActivityCount:0 
07-26 20:08:18.246  1921  3265 V WindowManager: Relayout Window{cb3e1e6 u0 OnScreenFingerprintPressedIcon}: viewVisibility=0, oldvis=8, req=194x194
07-26 20:08:18.247  1921  3265 I WindowManager: Window{cb3e1e6 u0 OnScreenFingerprintPressedIcon} state from NO_SURFACE to DRAW_PENDING; reason: resetDrawState
07-26 20:08:18.252  1921  3265 D DisplayManagerService: performTraversalInternal pendingTraversal
07-26 20:08:18.252  1921  3265 D DisplayDevice: setLayerStackLocked id=local:0 token=android.os.BinderProxy@bdd20fb stack=-1->-1
07-26 20:08:18.254  1921  1976 D DisplayManagerService: Delivering display event: displayId=0, event=2
07-26 20:08:18.258  1921  1976 D DisplayManagerService: MSG_REQUEST_TRAVERSAL pendingCompleted=false
07-26 20:08:18.260  1921  1921 I WallpaperManagerServiceExt: removeDisplayData. displayId = 0
07-26 20:08:18.264  1921  2222 D OplusDisplayStateMonitor: screenState: STATE_OFF  last screenState: STATE_ON
07-26 20:08:18.265  1921  2222 D OplusDisplayStateMonitor: start stats due to screen off
07-26 20:08:18.266  1921  2848 D OplusGuardElfFeature: ICharger set value = 0
07-26 20:08:18.266  1921  2848 D OplusGuardElfFeature: calling class name = ThermalControlUtils
07-26 20:08:18.267  4362  4711 D OplusBatteryManager: set charge value = 0
07-26 20:08:18.272  1921  1973 D OplusVFXScreenEffectFeature: notifySFCompatWindowStateChange entered false
07-26 20:08:18.280  1921  4705 I WindowManager: Window{c35994f u0 (1-1)-Window{c67a468 alpha=1.0 fl=}} state from HAS_DRAWN to NO_SURFACE; reason: destroySurface
07-26 20:08:18.281  1921  4705 I WindowManager: Window{37b6f29 u0 com.android.launcher/com.android.launcher.Launcher} state from HAS_DRAWN to NO_SURFACE; reason: destroySurface
07-26 20:08:18.286  1921  2188 E OplusCustomizeRestrictionManagerService: isBiometricDisabled start
07-26 20:08:18.287  1921  1944 E OplusCustomizeRestrictionManagerService: isBiometricDisabled start
07-26 20:08:18.288  1921  1944 D OplusUserManagerServiceEnhance: getMultiSystemUserId  res = -10000
07-26 20:08:18.288  1921  1986 D PowerManagerService: onFlip: isFaceDown=false
07-26 20:08:18.289  1921  1944 E OplusCustomizeRestrictionManagerService: isBiometricDisabled start
07-26 20:08:18.289  1921  1986 D PowerManagerService: userActivityNoUpdateLocked: groupId=0, eventTime=101164338, event=0, flags=0x0, uid=1000
07-26 20:08:18.289  1921  1944 E OplusCustomizeRestrictionManagerService: isBiometricDisabled start
07-26 20:08:18.290  1921  1944 E OplusCustomizeRestrictionManagerService: isBiometricDisabled start
07-26 20:08:18.291  1921  4350 E OplusCustomizeRestrictionManagerService: isBiometricDisabled start
07-26 20:08:18.299  1921  2558 I WindowManager: Window{cb3e1e6 u0 OnScreenFingerprintPressedIcon} state from DRAW_PENDING to COMMIT_DRAW_PENDING; reason: finishDrawingLocked
07-26 20:08:18.300  1921  1977 I WindowManager: Window{cb3e1e6 u0 OnScreenFingerprintPressedIcon} state from COMMIT_DRAW_PENDING to READY_TO_SHOW; reason: commitFinishDrawingLocked
07-26 20:08:18.300  1921  1977 I WindowManager: Window{cb3e1e6 u0 OnScreenFingerprintPressedIcon} state from READY_TO_SHOW to HAS_DRAWN; reason: performShowLocked
07-26 20:08:18.308  1921  2558 I WindowManager: Window{88d121e u0 OnScreenFingerprintDimLayer} state from DRAW_PENDING to COMMIT_DRAW_PENDING; reason: finishDrawingLocked
07-26 20:08:18.310  1921  1977 I WindowManager: Window{88d121e u0 OnScreenFingerprintDimLayer} state from COMMIT_DRAW_PENDING to READY_TO_SHOW; reason: commitFinishDrawingLocked
07-26 20:08:18.310  1921  1977 I WindowManager: Window{88d121e u0 OnScreenFingerprintDimLayer} state from READY_TO_SHOW to HAS_DRAWN; reason: performShowLocked
07-26 20:08:18.322  1921  3288 W ContextImpl: Calling a method in the system process without a qualified user: android.app.ContextImpl.sendBroadcast:1197 com.android.server.camera.OplusCameraStateBroadcast.notifyCameraState:51 com.android.server.camera.CameraServiceProxyExtImpl.extendNotifyCameraState:186 com.android.server.camera.CameraServiceProxy.updateActivityCount:1246 com.android.server.camera.CameraServiceProxy.-$$Nest$mupdateActivityCount:0 
07-26 20:08:18.323  1921  2265 W OplusStorageManagerFeature: turn screenOff, maintPrepared:false
07-26 20:08:18.328  1921  1944 E OplusCustomizeRestrictionManagerService: isBiometricDisabled start
07-26 20:08:18.330  1921  1944 E OplusCustomizeRestrictionManagerService: isBiometricDisabled start
07-26 20:08:18.333  2599  2599 V KeyguardStatusViewController: refresh statusview showing:true
07-26 20:08:18.381  1921  1921 D CompatibilityChangeReporter: Compat change id reported: 171306433; UID 1000; state: ENABLED
07-26 20:08:18.381  1921  1921 D CompatibilityChangeReporter: Compat change id reported: 218533173; UID 1000; state: ENABLED
07-26 20:08:18.392  1921  1921 D OplusPowerMonitor: Receive broadcast android.intent.action.SCREEN_OFF
07-26 20:08:18.393  1921  2256 I OplusJoystickManager: read game pad state for game manager -> false
07-26 20:08:18.393  1921  2256 W OplusJoystickManager: mInterceptGamepadKey is false
07-26 20:08:18.393  1921  2256 D PhoneWindowManagerExtImpl: send check wallet message failed by exp version
07-26 20:08:18.394  1921  2256 I HwShutdownRecord: RecoverSqlFunc running start, setprop false
07-26 20:08:18.394  1921  2222 D WakeLockHelper: enable wakelock PowerMonior:work, timeout=500
07-26 20:08:18.394  1921  2222 D OplusPowerMonitor: mScreenOffCurrentTime = 1753540698394, mScreenOffElapsedRealTime = 146033420, mScreenOffUpTime = 101164443
07-26 20:08:18.395  1921  1921 V SinglePowerKeyMonitor:  p keyrule onPress.
07-26 20:08:18.395  1921  1921 I WindowManager: Suppressed redundant power key press while already in the process of turning the screen on.
07-26 20:08:18.396  1921  1921 D OplusFeatureBrightnessBarController: screen state:false
07-26 20:08:18.399  1921  1944 D PowerManagerService: userActivityNoUpdateLocked: groupId=0, eventTime=101164448, event=0, flags=0x0, uid=10109
07-26 20:08:18.405  1921  2222 D WakeLockHelper: disable wakelock PowerMonior:work
07-26 20:08:18.412  1921  1944 V WindowManager: Relayout Window{50d10c5 u0 NotificationShade}: viewVisibility=0, oldvis=4, req=1080x2400
07-26 20:08:18.413  1921  1944 I WindowManager: Window{50d10c5 u0 NotificationShade} state from NO_SURFACE to DRAW_PENDING; reason: resetDrawState
07-26 20:08:18.417  1921  1944 V WindowManager: Changing focus from null to Window{50d10c5 u0 NotificationShade},diplayid=0
07-26 20:08:18.421  1921  1944 D WindowManager: BarWindow--setVisible: id=2, oldState=0, state=2
07-26 20:08:18.451  1921  1944 I WindowManager: Window{50d10c5 u0 NotificationShade} state from DRAW_PENDING to COMMIT_DRAW_PENDING; reason: finishDrawingLocked
07-26 20:08:18.459  1921  1977 I WindowManager: Window{50d10c5 u0 NotificationShade} state from COMMIT_DRAW_PENDING to READY_TO_SHOW; reason: commitFinishDrawingLocked
07-26 20:08:18.460  1921  1977 I WindowManager: Window{50d10c5 u0 NotificationShade} state from READY_TO_SHOW to HAS_DRAWN; reason: performShowLocked
07-26 20:08:18.511  1921  2363 D Biometrics/Fingerprint21/Fingerprint21ServiceProviderExtImpl: dispatchTouchUp
07-26 20:08:18.512  1921  2418 D OplusDisplayPanelFeature: getDisplayPanelFeatureValue +++, featureID:20
07-26 20:08:18.513  1921  2418 D OplusDisplayPanelFeature: getDisplayPanelFeatureValue, ret = 0
07-26 20:08:18.513  1921  2418 I OplusDisplayPanelFeature: [0]
07-26 20:08:18.513  1921  2418 D OplusDisplayPanelFeature: getDisplayPanelFeatureValue ---, result = [0]
07-26 20:08:18.513  1921  2418 D OplusSilentRebootManager: silence flags file value is :0
07-26 20:08:18.513  1921  2418 D DisplayPowerState[0]: Updating screen state: id=0, state=ON, backlight=-1.0, sdrBacklight=-1.0
07-26 20:08:18.513  1921  2418 D OplusSmartBrightnessController: requestDisplayState isFirstDisplay=true state=2 globalDisplayState=0x2
07-26 20:08:18.513  1921  2418 D LocalDisplayAdapter: setDisplayState(id=0 isFirstDisplay=true state changed:OFF->ON) t-Name=PhotonicModulator
07-26 20:08:18.515  1921  1976 I DisplayDeviceRepository: Display device changed state: "Built-in screen", ON
07-26 20:08:18.517  1921  1976 D DisplayManagerServiceExtImpl: scheduleTraversalLocked intraversal=false
07-26 20:08:18.517  1921  1976 I DisplayManagerServiceExtImpl: handle logical display changed logicalDisplay=id=0,phase=1,stack=0,content=true,displayInfo{stack=0,type=1,id=0,uId=local:0,state=ON,pkg=null}
07-26 20:08:18.517  1921  1976 D DisplayPowerController[0]: screen state changed reported, id = 0, state = 2
07-26 20:08:18.519  1921  1976 D DisplayManagerService: Delivering display event: displayId=0, event=2
07-26 20:08:18.521  1921  2222 D OplusDisplayStateMonitor: screenState: STATE_ON  last screenState: STATE_OFF
07-26 20:08:18.521  1921  2222 D OplusDisplayStateMonitor: Display doze summary : 0 / 256 ratio:0.0
07-26 20:08:18.522  1921  1976 D DisplayManagerService: MSG_REQUEST_TRAVERSAL pendingCompleted=false
07-26 20:08:18.522  1921  1921 I WallpaperManagerServiceExt: removeDisplayData. displayId = 0
07-26 20:08:18.530  1921  1973 D OplusVFXScreenEffectFeature: notifySFCompatWindowStateChange entered false
07-26 20:08:18.530  1921  1973 D OplusWindowAnimationManager: displayChangeToOn, dc:Display{#0 state=ON size=1080x2400 ROTATION_0}
07-26 20:08:18.531  1921  3288 E OplusCustomizeRestrictionManagerService: isBiometricDisabled start
07-26 20:08:18.532  1921  1977 D DisplayManagerService: performTraversalInternal pendingTraversal
07-26 20:08:18.532  1921  1977 D DisplayDevice: setLayerStackLocked id=local:0 token=android.os.BinderProxy@bdd20fb stack=-1->0
07-26 20:08:18.532  1921  2856 E OplusCustomizeRestrictionManagerService: isBiometricDisabled start
07-26 20:08:18.536  1921  1944 E OplusCustomizeRestrictionManagerService: isBiometricDisabled start
07-26 20:08:18.537  1921  1944 E OplusCustomizeRestrictionManagerService: isBiometricDisabled start
07-26 20:08:18.541  1921  4352 D OplusUserManagerServiceEnhance: getMultiSystemUserId  res = -10000
07-26 20:08:18.541  1921  1944 E OplusCustomizeRestrictionManagerService: isBiometricDisabled start
07-26 20:08:18.542  1921  4352 E OplusCustomizeRestrictionManagerService: isBiometricDisabled start
07-26 20:08:18.543  1921  1944 E OplusCustomizeRestrictionManagerService: isBiometricDisabled start
07-26 20:08:18.543  1921  2558 E OplusCustomizeRestrictionManagerService: isBiometricDisabled start
07-26 20:08:18.547  1921  3875 D WindowManager: mKeyguardDelegate.ShowListener.onDrawn.
07-26 20:08:18.549  1921  1973 W WindowManager: Setting mKeyguardDrawComplete
07-26 20:08:18.549  1921  1973 I WindowManager: Window{50d10c5 u0 NotificationShade} state from HAS_DRAWN to DRAW_PENDING; reason: requestDrawIfNeeded
07-26 20:08:18.549  1921  1973 I WindowManager: Waiting for drawn Window{50d10c5 u0 NotificationShade}: removed=false visible=true mHasSurface=true drawState=1
07-26 20:08:18.553  1921  1977 I WindowManager: Waiting for drawn Window{50d10c5 u0 NotificationShade}: removed=false visible=true mHasSurface=true drawState=1
07-26 20:08:18.564  1921  2558 D OplusFullScreenDisplayManager: adjustWindowParamsLw: com.android.systemui, change system app cutoutMode: oplus always
07-26 20:08:18.566  1921  1976 I VRR [OPlusRefreshRateManager]: hasADFRFeature return false
07-26 20:08:18.566  1921  1976 I DisplayManagerService: Comparing display specs: baseModeId=1 allowGroupSwitching=false primaryRefreshRateRange=[0 60] appRequestRefreshRateRange=[0 60] vrrPolicy=POLICY_DEFAULT, existing: baseModeId=1 allowGroupSwitching=false primaryRefreshRateRange=[0 60] appRequestRefreshRateRange=[0 60] vrrPolicy=POLICY_DEFAULT
07-26 20:08:18.567  1921  2558 I WindowManager: addWindow: New client android.os.BinderProxy@8c2c805 : window=Window{53d228b u0 OplusFrontCameraPinholeView}
07-26 20:08:18.570  1921  2558 D CoreBackPreview: Window{53d228b u0 OplusFrontCameraPinholeView}: Setting back callback OnBackInvokedCallbackInfo{mCallback=android.window.IOnBackInvokedCallback$Stub$Proxy@2acdf81, mPriority=0}
07-26 20:08:18.593  1921  2558 V WindowManager: Relayout Window{50d10c5 u0 NotificationShade}: viewVisibility=0, oldvis=0, req=1080x2400
07-26 20:08:18.595  1921  2558 I WindowManager: Waiting for drawn Window{50d10c5 u0 NotificationShade}: removed=false visible=true mHasSurface=true drawState=1
07-26 20:08:18.607  1921  2107 D VRR [OPlusSurfaceFlingerController]:  setTouchIdle : TouchIdleBean{mEnable=true, mHwEnable=false, mSwEnable=true, mAdfrEnable=false, mAmbientEnable=false, mTimeOut=3000, mContentThreshold=-1, mContentGapMs=500, mBrightnessLimit=200, mNitLimit=-1, mPwmBrightnessLimit=-1, mPwmNitLimit=-1, mBrightnessLimitMax=2147483647, mNitLimiMax=2147483647, mExitHbmNitThreshold=2147483647, mLowestRate=60, mSpecialFps=-1, mBlackList=[], mReadingWhiteList=[], mSpecialTimeOutMap={}, mSpecialContentGap={}, mSwWhiteMap={}, mSwNegligibleOverlay=[], mHwDisablePanel=[], mDefectPanel=[], mAdfrToHwList=[], mAdfrFoldToHW=-1, mLockRateNitThresholds=[]}
07-26 20:08:18.656  1921  2450 I WindowManager: Waiting for drawn Window{50d10c5 u0 NotificationShade}: removed=false visible=true mHasSurface=true drawState=1
07-26 20:08:18.682  1921  2067 D DisplayPowerState[0]: updateRunnable run fadeLevle=0.0 state=ON brightness changed:487.0->-1.0
07-26 20:08:18.682  1921  2067 D DisplayPowerController[0]: screen on blocked blocker=com.android.server.display.DisplayPowerController$ScreenOnUnblocker@e2d1c8f
07-26 20:08:18.682  1921  2067 D DpcExtImpl[0]: original brightness:487 final brightness:487.0 scale:1.0 reason:1 darkLevel:0
07-26 20:08:18.710  1921  2558 D OplusFullScreenDisplayManager: adjustWindowParamsLw: com.android.systemui, change system app cutoutMode: oplus always
07-26 20:08:18.710  1921  2558 V WindowManager: Relayout Window{53d228b u0 OplusFrontCameraPinholeView}: viewVisibility=0, oldvis=0, req=102x102
07-26 20:08:18.710  1921  2558 I WindowManager: Window{53d228b u0 OplusFrontCameraPinholeView} state from NO_SURFACE to DRAW_PENDING; reason: resetDrawState
07-26 20:08:18.718  1921  2558 I WindowManager: Waiting for drawn Window{50d10c5 u0 NotificationShade}: removed=false visible=true mHasSurface=true drawState=1
07-26 20:08:18.727  1921  2363 V BiometricLogger: Authentication latency: -1
07-26 20:08:18.727  1921  2363 W BiometricFrameworkStatsLogger: found a negative latency : -1
07-26 20:08:18.727  1921  2363 V Biometrics/AuthenticationClient: onAuthenticated(true), ID:1, Owner: com.android.systemui, isBP: false, listener: com.android.server.biometrics.sensors.ClientMonitorCallbackConverter@63495fe, requireConfirmation: false, user: 0, clientMonitor: {[1280] com.android.server.biometrics.sensors.face.aidl.FaceAuthenticationClient, proto=3, owner=com.android.systemui, cookie=0, requestId=338, userId=0}
07-26 20:08:18.727  1921  2363 W Biometrics/AuthenticationClient: Allowing background authentication, this is allowed only for platform or test invocations
07-26 20:08:18.727  1921  2363 D BaseClientMonitor: marking operation as done: {[1280] com.android.server.biometrics.sensors.face.aidl.FaceAuthenticationClient, proto=3, owner=com.android.systemui, cookie=0, requestId=338, userId=0}
07-26 20:08:18.727  1921  2363 D Biometrics/AuthenticationClient: Skipping addAuthToken
07-26 20:08:18.727  1921  2363 D BiometricSchedulerOperation: [Finished / destroy]: {[1280] com.android.server.biometrics.sensors.face.aidl.FaceAuthenticationClient, proto=3, owner=com.android.systemui, cookie=0, requestId=338, userId=0}
07-26 20:08:18.728  1921  2363 D BiometricSchedulerOperation: [Finished / destroy]: {[1280] com.android.server.biometrics.sensors.face.aidl.FaceAuthenticationClient, proto=3, owner=com.android.systemui, cookie=0, requestId=338, userId=0}
07-26 20:08:18.731  1921 10376 V Biometrics/Face/FaceProviderExtImpl: start notify Vold when face success
07-26 20:08:18.731  1921  2363 D UaBiometricScheduler/FaceProvider/default/4: [Finishing] {[1280] com.android.server.biometrics.sensors.face.aidl.FaceAuthenticationClient, proto=3, owner=com.android.systemui, cookie=0, requestId=338, userId=0}, success: true
07-26 20:08:18.731  1921 10376 I StorageManagerService: unlockUserKey: 0 isFileEncryptedNativeOrEmulated: true hasSecret: false
07-26 20:08:18.731  1921  2363 D BiometricCoexCoordinator: removeAuthenticationClient(Face), client: {[1280] com.android.server.biometrics.sensors.face.aidl.FaceAuthenticationClient, proto=3, owner=com.android.systemui, cookie=0, requestId=338, userId=0}
07-26 20:08:18.731  1921  2363 D UaBiometricScheduler/FaceProvider/default/4: No operations, returning to idle
07-26 20:08:18.731  1921  2363 E UaBiometricScheduler/FaceProvider/default/4: [Finishing] {[1280] com.android.server.biometrics.sensors.face.aidl.FaceAuthenticationClient, proto=3, owner=com.android.systemui, cookie=0, requestId=338, userId=0} but current operation is null, success: true, possible lifecycle bug in clientMonitor implementation?
07-26 20:08:18.731   596   596 I vold    : [sensitive file debug]fscrypt_unlock_sensitive_key start: 0 serial=0 token_present=0
07-26 20:08:18.731   596   596 I vold    : [sensitive file debug]fscrypt_create_and_install_sensitive_file_key start,sensitiveType: 0 token_present=0, create_by_default=1
07-26 20:08:18.731   596   596 I vold    : [sensitive file debug]key_root = /data/misc/vold/user_keys/ae
07-26 20:08:18.731   596   596 D vold    : Key exists, using: /data/misc/vold/user_keys/ae/0/default
07-26 20:08:18.732  1921  2558 D OplusActivityManagerServiceEnhance: setGlThreads detect 2599 10306
07-26 20:08:18.736  1921  2450 I WindowManager: Window{53d228b u0 OplusFrontCameraPinholeView} state from DRAW_PENDING to COMMIT_DRAW_PENDING; reason: finishDrawingLocked
07-26 20:08:18.737  1921  1921 E OplusCustomizeRestrictionManagerService: isBiometricDisabled start
07-26 20:08:18.738  1921  1921 D BiometricService: Sensor ID(4), oemStrength: 255, updatedStrength: 255, modality 8, state: 0, cookie: 0, sensorId 4, hasEnrollments: true cannot participate in Keystore operations
07-26 20:08:18.739   651 14707 I keystore2: keystore2::authorization: on_lock_screen_event(LockScreenEvent(0), user_id=0, password.is_some()=false, unlocking_sids=Some([-6226715700390196880]))
07-26 20:08:18.739  1921  2558 D PowerManagerService: userActivityNoUpdateLocked: groupId=0, eventTime=101164788, event=0, flags=0x0, uid=10109
07-26 20:08:18.740  1921  1977 I WindowManager: Window{53d228b u0 OplusFrontCameraPinholeView} state from COMMIT_DRAW_PENDING to READY_TO_SHOW; reason: commitFinishDrawingLocked
07-26 20:08:18.740  1921  1977 I WindowManager: Window{53d228b u0 OplusFrontCameraPinholeView} state from READY_TO_SHOW to HAS_DRAWN; reason: performShowLocked
07-26 20:08:18.741  1921  1977 I WindowManager: Waiting for drawn Window{50d10c5 u0 NotificationShade}: removed=false visible=true mHasSurface=true drawState=1
07-26 20:08:18.742   651 14707 W keystore2: keystore2::super_key: In try_unlock_user_with_biometric: attempt failed: In use_key_in_one_step: Failed to begin operation.
07-26 20:08:18.742   651 14707 W keystore2: 
07-26 20:08:18.742   651 14707 W keystore2: Caused by:
07-26 20:08:18.742   651 14707 W keystore2:     0: In upgrade_keyblob_if_required_with: Closure failed
07-26 20:08:18.742   651 14707 W keystore2:     1: Error::Km(ErrorCode(-40))
07-26 20:08:18.746  1921  2450 I WindowManager: Window{50d10c5 u0 NotificationShade} state from DRAW_PENDING to COMMIT_DRAW_PENDING; reason: finishDrawingLocked
07-26 20:08:18.748   596   596 I vold    : [sensitive file debug]ae default_key_path :/data/misc/vold/user_keys/ae/0/default
07-26 20:08:18.749   596   596 E vold    : [sensitive file debug]ae default_key_path exist
07-26 20:08:18.749   596   596 I vold    : [sensitive file debug]fscrypt_create_and_install_sensitive_file_key create key,sensitiveType: 0,key.size()=32 success! 
07-26 20:08:18.749   596   596 I vold    : [sensitive file debug]fscrypt_export_sensitive_file_key start, user_id=0,sensitiveType=0,use_default=1
07-26 20:08:18.749   596   596 I vold    : [sensitive file debug]fscrypt_export_sensitive_file_key create key,sensitiveType: 0,key.size()=32
07-26 20:08:18.749  1921 10376 I StorageManagerService: exportSensitveFileKey: success, sensitiveType:0,size=32
07-26 20:08:18.749  1921 10376 D StorageManagerService: User 0's CE storage is already unlocked
07-26 20:08:18.749  1921 10376 V Biometrics/Face/FaceProviderExtImpl: notify Vold end
07-26 20:08:18.749  1921  1977 I WindowManager: Window{50d10c5 u0 NotificationShade} state from COMMIT_DRAW_PENDING to READY_TO_SHOW; reason: commitFinishDrawingLocked
07-26 20:08:18.749  1921  1977 I WindowManager: Window{50d10c5 u0 NotificationShade} state from READY_TO_SHOW to HAS_DRAWN; reason: performShowLocked
07-26 20:08:18.750  1921  1977 I WindowManager: Waiting for drawn Window{50d10c5 u0 NotificationShade}: removed=false visible=true mHasSurface=true drawState=4
07-26 20:08:18.750  1921  1977 D WindowManager: All windows drawn!
07-26 20:08:18.754  1921  4452 V WindowManager: Relayout Window{66423c3 u0 com.android.systemui.ImageWallpaper}: viewVisibility=0, oldvis=0, req=588x1308
07-26 20:08:18.757  1921  1976 I WindowManager: All windows ready for every display
07-26 20:08:18.758  1921  1973 W WindowManager: Setting mWindowManagerDrawComplete
07-26 20:08:18.758  1921  2558 D OplusUserManagerServiceEnhance: getMultiSystemUserId  res = -10000
07-26 20:08:18.758  1921  2450 D OplusUserManagerServiceEnhance: getMultiSystemUserId  res = -10000
07-26 20:08:18.759  1921  4452 D OplusUserManagerServiceEnhance: getMultiSystemUserId  res = -10000
07-26 20:08:18.760  1921  1973 I WindowManager: Finished screen turning on...
07-26 20:08:18.760  1921  1973 D DpcExtImpl[0]: ScreenOnUnblocker, onScreenOn
07-26 20:08:18.760  1921  2067 I DisplayPowerController[0]: Unblocked screen on after 576 ms
07-26 20:08:18.760  1921  2067 D DisplayPowerState[0]: setColorFadeLevel: level=1.0
07-26 20:08:18.760  1921  2067 D OplusVFXScreenEffectFeature:  setColorFadeLevel 1.0
07-26 20:08:18.760  1921  2067 D OplusVFXScreenEffectFeature: notifySFUpdateVFXEffectState state BRIGHTNESS_CHANGED NeedNotify false
07-26 20:08:18.763  1921  2067 D DpcExtImpl[0]: original brightness:487 final brightness:487.0 scale:1.0 reason:1 darkLevel:0
07-26 20:08:18.763  1921  2067 D DpcExtImpl[0]: original brightness:487 final brightness:487.0 scale:1.0 reason:1 darkLevel:0
07-26 20:08:18.763  1921  2067 D DisplayPowerController[0]: screenTurnedOn state=2 brightnessState=487.0 mustNotify=true
07-26 20:08:18.763  1921  2067 D DpcExtImpl[0]: RECORD:onUpdatePowerState policy:3 state:2 brightness:487
07-26 20:08:18.764  1921  2067 W PowerManagerService: Screen on took 600 ms. groupId = 0
07-26 20:08:18.764  1921  2067 D OplusPowerManagerHelper: [onWakeUpFinish]
07-26 20:08:18.764  1921  2067 D OplusPowerManagerHelper: scheduleNotifyStopDream
07-26 20:08:18.764  1921  2067 D OplusFeatureAOD: notifySfUnBlockScreenOn
07-26 20:08:18.765  1921  2349 D OplusFeatureColorMode: +updateUserDreaming
07-26 20:08:18.768  1921  2067 I Quality : ScreenOnOff: ON 600 1
07-26 20:08:18.768  1921  2067 D OplusPowerManagerHelper: handleMessage:102
07-26 20:08:18.768  1921  2067 D OplusPowerManagerHelper: MSG_STOP_DEAM
07-26 20:08:18.770  1921  2069 I OplusSmartBrightnessController: handleMessage MSG_UPDATE_BRIGHTNESS_NO_ANIMATION changed:false
07-26 20:08:18.787  1921  4452 W ContextImpl: Calling a method in the system process without a qualified user: android.app.ContextImpl.sendBroadcast:1197 com.android.server.camera.OplusCameraStateBroadcast.notifyCameraState:51 com.android.server.camera.CameraServiceProxyExtImpl.extendNotifyCameraState:186 com.android.server.camera.CameraServiceProxy.updateActivityCount:1246 com.android.server.camera.CameraServiceProxy.-$$Nest$mupdateActivityCount:0 
07-26 20:08:18.813  1921  2558 D CompatibilityChangeReporter: Compat change id reported: 161145287; UID 1000; state: DISABLED
07-26 20:08:18.829  1921 10382 D DropBoxManagerService: trimToFit() low storage now , nonreserved = 102400
07-26 20:08:18.829  1921 10382 D DropBoxManagerService: trimToFit() low storage now , quotaPercent = 10
07-26 20:08:18.834  1921  2450 V WindowManager: Relayout Window{50d10c5 u0 NotificationShade}: viewVisibility=0, oldvis=0, req=1080x2400
07-26 20:08:18.848  1921  3875 W ContextImpl: Calling a method in the system process without a qualified user: android.app.ContextImpl.sendBroadcast:1197 com.android.server.camera.OplusCameraStateBroadcast.notifyCameraState:51 com.android.server.camera.CameraServiceProxyExtImpl.extendNotifyCameraState:186 com.android.server.camera.CameraServiceProxy.updateActivityCount:1246 com.android.server.camera.CameraServiceProxy.-$$Nest$mupdateActivityCount:0 
07-26 20:08:18.872  1921  4452 E OplusCustomizeRestrictionManagerService: isBiometricDisabled start
07-26 20:08:18.873  1921  4452 E OplusCustomizeRestrictionManagerService: isBiometricDisabled start
07-26 20:08:18.875  2599  2703 D OneHandedController: setLockedDisabled locked = false, enabled = false ,FeatureEnabled = false
07-26 20:08:18.991  1921  2068 D NotifierExtImpl: notifyScreenOnOff: on = true
07-26 20:08:18.991  1921  2068 D OplusPowerManagerServiceEnhance: notifyScreenOnOff on=true
07-26 20:08:19.009  1921  2068 D AlarmWakeupCheck: SCREEN_ON: CntAlarmWakeup = 0
07-26 20:08:19.011   596 10385 D vold    : idle maintenance stopped
07-26 20:08:19.012  1921  2265 W OplusStorageManagerFeature: turn screenOn, maintPrepared:false
07-26 20:08:19.012  1921 10384 D DropBoxManagerService: trimToFit() low storage now , nonreserved = 102400
07-26 20:08:19.013  1921 10384 D DropBoxManagerService: trimToFit() low storage now , quotaPercent = 10
07-26 20:08:19.047  1921  2450 E OplusCustomizeRestrictionManagerService: isBiometricDisabled start
07-26 20:08:19.048  1921  4452 E OplusCustomizeRestrictionManagerService: isBiometricDisabled start
07-26 20:08:19.049  1921  4452 D CoreBackPreview: Window{53d228b u0 OplusFrontCameraPinholeView}: Setting back callback null
07-26 20:08:19.053  2599  2599 V ZoomWindowDecorView: removeZoomView
07-26 20:08:19.054  1921  1921 D NotificationService: on screen turned on, screen locked:true
07-26 20:08:19.056  1921  2450 I WindowManager: Window{53d228b u0 OplusFrontCameraPinholeView} state from HAS_DRAWN to NO_SURFACE; reason: destroySurface
07-26 20:08:19.071  1921  1921 D OplusPowerMonitor: Receive broadcast android.intent.action.SCREEN_ON
07-26 20:08:19.071  1921  1921 D NetworkDiagnostics: notifyStopMonitorScreenOn
07-26 20:08:19.072  1921  1921 D OplusFeatureBrightnessBarController: screen state:true
07-26 20:08:19.092  1921  1921 I OplusStatusBarManagerServiceEnhance:  getTopIsFullscreen mTopIsFullscreen: false
07-26 20:08:19.106  1921  2450 D OplusUserManagerServiceEnhance: getMultiSystemUserId  res = -10000
07-26 20:08:19.169  1921  3573 D OplusDisplayPanelFeature: getDisplayPanelFeatureValue +++, featureID:11
07-26 20:08:19.169  1921  3573 D OplusDisplayPanelFeature: getDisplayPanelFeatureValue, ret = -1
07-26 20:08:19.169  1921  3573 D OplusDisplayPanelFeature: getDisplayPanelFeatureValue ---, result = []
07-26 20:08:19.195  1921 10396 D DropBoxManagerService: trimToFit() low storage now , nonreserved = 102400
07-26 20:08:19.195  1921 10396 D DropBoxManagerService: trimToFit() low storage now , quotaPercent = 10
07-26 20:08:19.270  1921  2107 D VRR [OPlusSurfaceFlingerController]:  setTouchIdle : TouchIdleBean{mEnable=true, mHwEnable=true, mSwEnable=true, mAdfrEnable=false, mAmbientEnable=false, mTimeOut=3000, mContentThreshold=-1, mContentGapMs=500, mBrightnessLimit=200, mNitLimit=-1, mPwmBrightnessLimit=-1, mPwmNitLimit=-1, mBrightnessLimitMax=2147483647, mNitLimiMax=2147483647, mExitHbmNitThreshold=2147483647, mLowestRate=60, mSpecialFps=-1, mBlackList=[], mReadingWhiteList=[], mSpecialTimeOutMap={}, mSpecialContentGap={}, mSwWhiteMap={}, mSwNegligibleOverlay=[], mHwDisablePanel=[], mDefectPanel=[], mAdfrToHwList=[], mAdfrFoldToHW=-1, mLockRateNitThresholds=[]}
07-26 20:08:19.567  1921  2856 D PowerManagerService: userActivityNoUpdateLocked: groupId=0, eventTime=101165617, event=0, flags=0x0, uid=10109
07-26 20:08:19.611  1921  2856 D OplusUserManagerServiceEnhance: getMultiSystemUserId  res = -10000
07-26 20:08:19.613  1921  2856 D OplusUserManagerServiceEnhance: getMultiSystemUserId  res = -10000
07-26 20:08:19.624  1921  4452 E OplusCustomizeRestrictionManagerService: getMobileDataMode error :s == null
07-26 20:08:19.628  1921  2856 D OplusUserManagerServiceEnhance: getMultiSystemUserId  res = -10000
07-26 20:08:19.645  1921  2450 E OplusCustomizeRestrictionManagerService: isBiometricDisabled start
07-26 20:08:19.648  1921  2856 E OplusCustomizeRestrictionManagerService: isBiometricDisabled start
07-26 20:08:19.653  1921  4452 E OplusCustomizeRestrictionManagerService: getMobileDataMode error :s == null
07-26 20:08:19.659  1921  4452 E OplusCustomizeRestrictionManagerService: getMobileDataMode error :s == null
07-26 20:08:19.666  1921  4452 E OplusCustomizeRestrictionManagerService: getMobileDataMode error :s == null
07-26 20:08:19.669  1921  4452 E OplusCustomizeRestrictionManagerService: getMobileDataMode error :s == null
07-26 20:08:19.715  1921  4452 E OplusCustomizeRestrictionManagerService: getMobileDataMode error :s == null
07-26 20:08:19.816  1921  2856 E OplusCustomizeRestrictionManagerService: isBiometricDisabled start
07-26 20:08:19.817  1921  2856 E OplusCustomizeRestrictionManagerService: isBiometricDisabled start
07-26 20:08:19.839  1921  2856 V WindowManager: Relayout Window{50d10c5 u0 NotificationShade}: viewVisibility=0, oldvis=0, req=1080x2400
07-26 20:08:19.851  1921  2450 E OplusCustomizeRestrictionManagerService: isBiometricDisabled start
07-26 20:08:19.852  1921  2363 D BiometricScheduler/Fingerprint21: [Added] {[1281] com.android.server.biometrics.sensors.fingerprint.hidl.FingerprintResetLockoutClient, proto=12, owner=android, cookie=0, requestId=-1, userId=0}, new queue size: 1
07-26 20:08:19.853  1921  2363 D BiometricScheduler/Fingerprint21: [Polled] {[1281] com.android.server.biometrics.sensors.fingerprint.hidl.FingerprintResetLockoutClient, proto=12, owner=android, cookie=0, requestId=-1, userId=0}, State: 0
07-26 20:08:19.853  1921  2363 D BiometricScheduler/Fingerprint21: [Started] {[1281] com.android.server.biometrics.sensors.fingerprint.hidl.FingerprintResetLockoutClient, proto=12, owner=android, cookie=0, requestId=-1, userId=0}
07-26 20:08:19.853  1921  4452 D ActivityTaskManager: Top Process State changed to PROCESS_STATE_TOP
07-26 20:08:19.854  1921  4452 I OplusAccessController: enter isIgnoreAppSwitchActivity
07-26 20:08:19.854  1921  4452 I OplusAccessController: enter isIgnoreAppSwitchActivity and intent != null
07-26 20:08:19.854  1921  4452 I OplusAccessController: enter isIgnoreAppSwitchActivity and componentName != null
07-26 20:08:19.854  1921  4452 I OplusAccessController: enter isIgnoreAppSwitchActivity and packageName&activity is not Empty
07-26 20:08:19.854  1921  2363 D BiometricSchedulerOperation: [Finished / destroy]: {[1281] com.android.server.biometrics.sensors.fingerprint.hidl.FingerprintResetLockoutClient, proto=12, owner=android, cookie=0, requestId=-1, userId=0}
07-26 20:08:19.854  1921  2363 V BiometricSchedulerOperation: started: {[1281] com.android.server.biometrics.sensors.fingerprint.hidl.FingerprintResetLockoutClient, proto=12, owner=android, cookie=0, requestId=-1, userId=0}, State: 5
07-26 20:08:19.854  1921  2363 D BiometricScheduler/Fingerprint21: [Finishing] {[1281] com.android.server.biometrics.sensors.fingerprint.hidl.FingerprintResetLockoutClient, proto=12, owner=android, cookie=0, requestId=-1, userId=0}, success: true
07-26 20:08:19.854  1921  2363 D BiometricScheduler/Fingerprint21: No operations, returning to idle
07-26 20:08:19.864  1921  4452 D TaskFragmentExtImpl: addColorModeOnResume resume=true pkg = com.android.launcher
07-26 20:08:19.866  1921  4452 D ActivityTaskManager: getStartingWindowType: newTask=false, taskSwitch=true, processRunning=true, allowTaskSnapshot=true, activityCreated=true, snapshot=TaskSnapshot{ mId=1753540698101 mTopActivityComponent=com.android.launcher/.Launcher mSnapshot=android.hardware.HardwareBuffer@3f846a5 (1080x2400) mColorSpace=sRGB IEC61966-2.1 (id=0, model=RGB) mOrientation=1 mRotation=0 mTaskSize=Point(1080, 2400) mContentInsets=[0,110][0,112] mLetterboxInsets=[0,0][0,0] mIsLowResolution=false mIsRealSnapshot=true mWindowingMode=1 mAppearance=0 mIsTranslucent=true mHasImeSurface=false, record:ActivityRecord{ab6785c u0 com.android.launcher/.Launcher} t6}
07-26 20:08:19.866  1921  4452 D ActivityRecordExtImpl: handleStartingWindowForCompactWindow origin type:1, adjustType : 1
07-26 20:08:19.870  1921  4452 D WindowManager: BarWindow--setVisible: id=2, oldState=2, state=0
07-26 20:08:19.876  1921  2827 D UsageStatsService: User[0] type=0 b=1753540686619 e=1753540699868 cb=1753464465520 ce=1753540699860 disk=0 all=10
07-26 20:08:19.877  1921  2827 V WindowManager: Relayout Window{37b6f29 u0 com.android.launcher/com.android.launcher.Launcher}: viewVisibility=0, oldvis=8, req=1080x2400
07-26 20:08:19.877  1921  2827 I WindowManager: Window{37b6f29 u0 com.android.launcher/com.android.launcher.Launcher} state from NO_SURFACE to DRAW_PENDING; reason: resetDrawState
07-26 20:08:19.886  1921  2558 V WindowManager: Relayout Window{c35994f u0 (1-1)-Window{c67a468 alpha=1.0 fl=}}: viewVisibility=0, oldvis=8, req=1080x2400
07-26 20:08:19.886  1921  2558 I WindowManager: Window{c35994f u0 (1-1)-Window{c67a468 alpha=1.0 fl=}} state from NO_SURFACE to DRAW_PENDING; reason: resetDrawState
07-26 20:08:19.898  1921  2558 D UsageStatsService: User[0] type=1 b=1753540686619 e=1753540699868 cb=1753464465520 ce=1753540699869 disk=0 all=155
07-26 20:08:19.918  1921  2827 I WindowManager: Window{37b6f29 u0 com.android.launcher/com.android.launcher.Launcher} state from DRAW_PENDING to COMMIT_DRAW_PENDING; reason: finishDrawingLocked
07-26 20:08:19.921  1921  1977 I WindowManager: Window{37b6f29 u0 com.android.launcher/com.android.launcher.Launcher} state from COMMIT_DRAW_PENDING to READY_TO_SHOW; reason: commitFinishDrawingLocked
07-26 20:08:19.924  1921  1944 V WindowManager: Relayout Window{66423c3 u0 com.android.systemui.ImageWallpaper}: viewVisibility=0, oldvis=0, req=588x1308
07-26 20:08:19.937  1921  2827 I WindowManager: Window{c35994f u0 (1-1)-Window{c67a468 alpha=1.0 fl=}} state from DRAW_PENDING to COMMIT_DRAW_PENDING; reason: finishDrawingLocked
07-26 20:08:19.939  1921  1977 I WindowManager: Window{c35994f u0 (1-1)-Window{c67a468 alpha=1.0 fl=}} state from COMMIT_DRAW_PENDING to READY_TO_SHOW; reason: commitFinishDrawingLocked
07-26 20:08:19.940  1921  1977 E WindowManager: create RemoteAnimationController com.android.server.wm.RemoteAnimationController@32be164
07-26 20:08:19.940  1921  1977 D OplusSplitScreenManagerService: isDragToSplitState mOplusSpiltScreenDnDUI is null, just return!
07-26 20:08:19.943  1921  1977 I WindowManager: Window{37b6f29 u0 com.android.launcher/com.android.launcher.Launcher} state from READY_TO_SHOW to HAS_DRAWN; reason: performShowLocked
07-26 20:08:19.943  1921  1977 I WindowManager: Window{c35994f u0 (1-1)-Window{c67a468 alpha=1.0 fl=}} state from READY_TO_SHOW to HAS_DRAWN; reason: performShowLocked
07-26 20:08:19.951  1921  1977 I WindowStateExtImpl: onSurfaceShowChange show = true mPackageName = com.android.launcher parentPkgName = com.android.launcher
07-26 20:08:19.952  1921  1977 I TaskOrganizerController: onTaskInfoChanged taskid 1 config { mBounds=Rect(0, 0 - 1080, 2400) mAppBounds=Rect(0, 110 - 1080, 2288) mMaxBounds=Rect(0, 0 - 1080, 2400) mDisplayRotation=ROTATION_0 mWindowingMode=fullscreen mDisplayWindowingMode=fullscreen mActivityType=home mAlwaysOnTop=undefined mRotation=ROTATION_0}
07-26 20:08:19.969  1921  3875 D CompatibilityChangeReporter: Compat change id reported: 168419799; UID 10207; state: DISABLED
07-26 20:08:19.978  1921  1944 I StatusBarManagerService: disableLocked, what:0, pkg:com.android.systemui userId: 0 token:android.os.BinderProxy@8ec6c8 net1:0 net2:0
07-26 20:08:19.980  1921  1976 I VRR [OPlusRefreshRateManager]: hasADFRFeature return false
07-26 20:08:19.980  1921  1976 I DisplayManagerService: Comparing display specs: baseModeId=1 allowGroupSwitching=false primaryRefreshRateRange=[0 60] appRequestRefreshRateRange=[0 60] vrrPolicy=POLICY_DEFAULT, existing: baseModeId=1 allowGroupSwitching=false primaryRefreshRateRange=[0 60] appRequestRefreshRateRange=[0 60] vrrPolicy=POLICY_DEFAULT
07-26 20:08:19.982  1921  1921 I AccessibilityManagerService: installed services not changed, just return
07-26 20:08:19.982  1921  3875 D DeviceStateProviderImpl: keyguard show or sleep: false mLastReportedState 0
07-26 20:08:19.982  1921  1976 V UsbDeviceManager: onKeyguardStateChanged: isShowing:false secure:true user:0
07-26 20:08:19.983  1921  2349 D OplusFeatureColorMode: +updateUserPresent
07-26 20:08:19.985  1921  1921 D OplusPowerMonitor: Receive broadcast android.intent.action.USER_PRESENT
07-26 20:08:19.989  1921  1996 W BroadcastQueue: Exported Denial: sending Intent { act=android.intent.action.USER_PRESENT flg=0x24280010 }, action: android.intent.action.USER_PRESENT from com.android.systemui (uid=10109) due to receiver ProcessRecord{f83d71b 4551:com.glance.internet/u0a145} (uid 10145) not specifying RECEIVER_EXPORTED
07-26 20:08:19.989  1921  1996 W BroadcastQueue: Exported Denial: sending Intent { act=android.intent.action.USER_PRESENT flg=0x24280010 }, action: android.intent.action.USER_PRESENT from com.android.systemui (uid=10109) due to receiver ProcessRecord{f83d71b 4551:com.glance.internet/u0a145} (uid 10145) not specifying RECEIVER_EXPORTED
