07-26 20:05:36.236  1921  1996 W BroadcastQueue: Background execution not allowed: receiving Intent { act=android.intent.action.USER_PRESENT flg=0x24280010 } to com.facebook.services/com.facebook.oxygen.services.fbns.RegisteredMqttSystemBroadcastReceiver
07-26 20:05:36.237  1921  9004 V Biometrics/Fingerprint21/Fingerprint21ServiceProviderExtImpl: start notify Vold when fingerprint success
07-26 20:05:36.237  1921  1996 W BroadcastQueue: Background execution not allowed: receiving Intent { act=android.intent.action.USER_PRESENT flg=0x24280010 } to com.google.android.gms/.auth.setup.devicesignals.LockScreenReceiver
07-26 20:05:36.237  1921  9004 I StorageManagerService: unlockUserKey: 0 isFileEncryptedNativeOrEmulated: true hasSecret: false
07-26 20:05:36.237  1921  1996 W BroadcastQueue: Background execution not allowed: receiving Intent { act=android.intent.action.USER_PRESENT flg=0x24280010 } to com.google.android.gms/.chimera.GmsIntentOperationService$PersistentTrustedReceiver
07-26 20:05:36.239  1921  2363 D BiometricSchedulerOperation: [Finished / destroy]: {[1272] com.android.server.biometrics.sensors.face.aidl.FaceResetLockoutClient, proto=12, owner=android, cookie=0, requestId=-1, userId=0}
07-26 20:05:36.239  1921  2363 D BiometricScheduler/Fingerprint21: [Finishing] {[1271] com.android.server.biometrics.sensors.fingerprint.hidl.FingerprintResetLockoutClient, proto=12, owner=android, cookie=0, requestId=-1, userId=0}, success: true
07-26 20:05:36.239  1921  2363 D BiometricScheduler/Fingerprint21: No operations, returning to idle
07-26 20:05:36.239  1921  2363 D UaBiometricScheduler/FaceProvider/default/4: [Finishing] {[1272] com.android.server.biometrics.sensors.face.aidl.FaceResetLockoutClient, proto=12, owner=android, cookie=0, requestId=-1, userId=0}, success: true
07-26 20:05:36.239  1921  2363 D UaBiometricScheduler/FaceProvider/default/4: No operations, returning to idle
07-26 20:05:36.240   596   596 I vold    : [sensitive file debug]fscrypt_unlock_sensitive_key start: 0 serial=0 token_present=0
07-26 20:05:36.240   596   596 I vold    : [sensitive file debug]fscrypt_create_and_install_sensitive_file_key start,sensitiveType: 0 token_present=0, create_by_default=1
07-26 20:05:36.240   596   596 I vold    : [sensitive file debug]key_root = /data/misc/vold/user_keys/ae
07-26 20:05:36.240   596   596 D vold    : Key exists, using: /data/misc/vold/user_keys/ae/0/default
07-26 20:05:36.245  1921  4432 D OplusUserManagerServiceEnhance: getMultiSystemUserId  res = -10000
07-26 20:05:36.248  1921  3265 D OplusUserManagerServiceEnhance: getMultiSystemUserId  res = -10000
07-26 20:05:36.272  1921  4085 E OplusCustomizeRestrictionManagerService: getUnlockByFingerprintPolicies fail, return default value.
07-26 20:05:36.275  8863  8863 I Quality : ActivityThread: createClassLoader delay 707 /data/app/~~VnpblnKDzAqMto6Z2yKjGA==/com.android.vending-IERa3bODmqczZ0um0thoSg==/base.apk:/data/app/~~VnpblnKDzAqMto6Z2yKjGA==/com.android.vending-IERa3bODmqczZ0um0thoSg==/split_config.arm64_v8a.apk:/data/app/~~VnpblnKDzAqMto6Z2yKjGA==/com.android.vending-IERa3bODmqczZ0um0thoSg==/split_config.en.apk:/data/app/~~VnpblnKDzAqMto6Z2yKjGA==/com.android.vending-IERa3bODmqczZ0um0thoSg==/split_phonesky_data_loader.apk:/data/app/~~VnpblnKDzAqMto6Z2yKjGA==/com.android.vending-IERa3bODmqczZ0um0thoSg==/split_phonesky_data_loader.config.arm64_v8a.apk 8863
07-26 20:05:36.281  8863  8863 I Quality : ActivityThread: createOrUpdateClassLoaderLocked delay 958 com.android.vending 8863
07-26 20:05:36.286  1921  4452 D CompatibilityChangeReporter: Compat change id reported: 161145287; UID 10217; state: DISABLED
07-26 20:05:36.299  1921  1996 W BroadcastQueue: Permission Denial: broadcasting Intent { act=android.intent.action.USER_PRESENT flg=0x24280010 } from com.android.systemui (pid=2599, uid=10109) to com.oplus.themestore/com.gamify.space.common.receiver.PresentReceiver is not exported from uid 10184
07-26 20:05:36.300  1921  1996 W BroadcastQueue: Background execution not allowed: receiving Intent { act=android.intent.action.USER_PRESENT flg=0x24280010 } to com.instagram.android/com.instagram.push.FbnsInitBroadcastReceiver
07-26 20:05:36.305  1921  5476 E OplusCustomizeRestrictionManagerService: isBiometricDisabled start
07-26 20:05:36.310  8761  8761 I Quality : SlowBinder: com.oplus.uxdesign to android.app.IActivityManager cost= 240 code= 24
07-26 20:05:36.333   596   596 I vold    : [sensitive file debug]ae default_key_path :/data/misc/vold/user_keys/ae/0/default
07-26 20:05:36.333   596   596 E vold    : [sensitive file debug]ae default_key_path exist
07-26 20:05:36.333   596   596 I vold    : [sensitive file debug]fscrypt_create_and_install_sensitive_file_key create key,sensitiveType: 0,key.size()=32 success! 
07-26 20:05:36.335   596   596 I vold    : [sensitive file debug]fscrypt_export_sensitive_file_key start, user_id=0,sensitiveType=0,use_default=1
07-26 20:05:36.335   596   596 I vold    : [sensitive file debug]fscrypt_export_sensitive_file_key create key,sensitiveType: 0,key.size()=32
07-26 20:05:36.335  1921  9004 I StorageManagerService: exportSensitveFileKey: success, sensitiveType:0,size=32
07-26 20:05:36.335  1921  9004 D StorageManagerService: User 0's CE storage is already unlocked
07-26 20:05:36.335  1921  9004 V Biometrics/Fingerprint21/Fingerprint21ServiceProviderExtImpl: notify Vold end
07-26 20:05:36.345  1921  1943 D CompatibilityChangeReporter: Compat change id reported: 161145287; UID 10339; state: DISABLED
07-26 20:05:36.348  1921  5476 D OplusBatteryServiceFeature: setSmartCoolDown: coolDown = 0, normalCoolDown = 0, pkgName = com.coloros.phonemanager
07-26 20:05:36.362  1921  5476 V WindowManager: Relayout Window{50d10c5 u0 NotificationShade}: viewVisibility=4, oldvis=0, req=1080x2400
07-26 20:05:36.363  1921  5476 I WindowManager: Window{50d10c5 u0 NotificationShade} state from HAS_DRAWN to NO_SURFACE; reason: destroySurface
07-26 20:05:36.373  1921  3875 D UsageStatsService: User[0] type=0 b=1753536357596 e=1753540536285 cb=1753464465520 ce=1753540536067 disk=0 all=442
07-26 20:05:36.388  1921  2556 I GameManagerServiceExt: find sub services
07-26 20:05:36.413  1921  4349 E OplusCustomizeRestrictionManagerService: getMobileDataMode error :s == null
07-26 20:05:36.420  1921  4440 D OplusUserManagerServiceEnhance: getMultiSystemUserId  res = -10000
07-26 20:05:36.426  8964  8964 I Quality : SlowBinder: com.oplus.romupdate to android.app.IActivityManager cost= 353 code= 23
07-26 20:05:36.427  1921  4594 D CompatibilityChangeReporter: Compat change id reported: 135634846; UID 10329; state: DISABLED
07-26 20:05:36.427  1921  4594 D CompatibilityChangeReporter: Compat change id reported: 177438394; UID 10329; state: DISABLED
07-26 20:05:36.428  1921  4594 D CompatibilityChangeReporter: Compat change id reported: 135772972; UID 10329; state: DISABLED
07-26 20:05:36.428  1921  4594 D CompatibilityChangeReporter: Compat change id reported: 135754954; UID 10329; state: ENABLED
07-26 20:05:36.429  1921  1991 D CompatibilityChangeReporter: Compat change id reported: 143937733; UID 10329; state: ENABLED
07-26 20:05:36.448  1921  2702 D CompatibilityChangeReporter: Compat change id reported: 161145287; UID 10350; state: DISABLED
07-26 20:05:36.452  8761  8995 E ActivityThread: Failed to find provider info for com.oplus.themestore.feature.individuationprovider
07-26 20:05:36.469  1921  2827 D OplusUserManagerServiceEnhance: getMultiSystemUserId  res = -10000
07-26 20:05:36.481  1921  1991 W ActivityManager: Slow operation: 55ms so far, now at startProcess: done updating battery stats
07-26 20:05:36.481  1921  1991 W ActivityManager: Slow operation: 55ms so far, now at startProcess: building log message
07-26 20:05:36.481  1921  1991 I ActivityManager: Start proc 9027:com.oplus.aod/u0a329 for content provider {com.oplus.aod/com.oplus.aod.entry.AodDynamicProvider}
07-26 20:05:36.481  1921  1991 W ActivityManager: Slow operation: 55ms so far, now at startProcess: starting to update pids map
07-26 20:05:36.481  1921  1991 W ActivityManager: Slow operation: 56ms so far, now at startProcess: done updating pids map
07-26 20:05:36.483  1921  2067 D CameraDelegate: handleMessage MSG_MODE_RECOVERY_BRIGHTNESS
07-26 20:05:36.499  1921  1996 W BroadcastQueue: Background execution not allowed: receiving Intent { act=android.intent.action.DROPBOX_ENTRY_ADDED flg=0x10 (has extras) } to com.google.android.gms/.stats.service.DropBoxEntryAddedReceiver
07-26 20:05:36.531  1921  4349 W OplusSelfProtectManager: [addProtectRecord] com.coloros.phonemanager not in whitelist, can't add to protect
07-26 20:05:36.538  8339  8339 I Quality : Skipped: false 45 cost 746.4799 refreshRate 16546533 bit true processName com.coloros.phonemanager
07-26 20:05:36.552  1921  2857 D OplusFullScreenDisplayManager: adjustWindowParamsLw: com.coloros.phonemanager, change system app cutoutMode: oplus always
07-26 20:05:36.552  1921  2857 V WindowManager: Relayout Window{100fcbc u0 com.coloros.phonemanager/com.oplus.phonemanager.securitycheck.SecurityCheckActivity}: viewVisibility=0, oldvis=4, req=1080x2400
07-26 20:05:36.552  1921  2857 I WindowManager: Window{100fcbc u0 com.coloros.phonemanager/com.oplus.phonemanager.securitycheck.SecurityCheckActivity} state from NO_SURFACE to DRAW_PENDING; reason: resetDrawState
07-26 20:05:36.558  1921  2857 V WindowManager: Changing focus from null to Window{100fcbc u0 com.coloros.phonemanager/com.oplus.phonemanager.securitycheck.SecurityCheckActivity},diplayid=0
07-26 20:05:36.559  1921  2420 D AppTypeHttpClient: HttpResponse OK
07-26 20:05:36.560  1921  2420 D AppTypeHttpClient: response size: 64
07-26 20:05:36.562  1921  2556 I GameClassifierUsingOiface: update size: 5
07-26 20:05:36.564  1921  5111 E OplusCustomizeRestrictionManagerService: getMobileDataMode error :s == null
07-26 20:05:36.571  8339  8339 V ZoomWindowDecorView: setLastReportedMergedConfiguration mZoomDisplayHeight: 2400 getDecorView.173372624
07-26 20:05:36.573  1921  2420 W LoadedApk: System took : 538ms in onReceive of class com.oplus.deepthinker.service.OplusDeepThinkerExService$1 for action : oplus.intent.action.DEEPTHINKER_GET_APP_STORE_INFO
07-26 20:05:36.578  1921  4440 W PackageManager: package unknown uid 10127 pid 22390 call SetEnabledSetting(com.google.android.gms component = com.google.android.gms.nearby.mediums.nearfieldcommunication.NfcAdvertisingService, 1, 0)
07-26 20:05:36.591  1921  5111 D CompatibilityChangeReporter: Compat change id reported: 168419799; UID 10329; state: DISABLED
07-26 20:05:36.637  1921  4350 E OplusCustomizeRestrictionManagerService: getMobileDataMode error :s == null
07-26 20:05:36.680  1921  4349 E OplusCustomizeRestrictionManagerService: getMobileDataMode error :s == null
07-26 20:05:36.686  1921  1985 W LoadedApk: System took : 664ms in onReceive of class com.android.server.search.SearchManagerService$MyPackageMonitor for action : android.intent.action.PACKAGE_CHANGED
07-26 20:05:36.687  1921  1985 V AutofillManagerService: onPackageModified(): org.fdroid.fdroid
07-26 20:05:36.724  1921  5111 E OplusCustomizeRestrictionManagerService: getMobileDataMode error :s == null
07-26 20:05:36.725  1921  4085 D CompatibilityChangeReporter: Compat change id reported: 161252188; UID 1000; state: DISABLED
07-26 20:05:36.727  1921  4085 D CompatibilityChangeReporter: Compat change id reported: 135634846; UID 1000; state: DISABLED
07-26 20:05:36.727  1921  4085 D CompatibilityChangeReporter: Compat change id reported: 177438394; UID 1000; state: DISABLED
07-26 20:05:36.727  1921  4085 D CompatibilityChangeReporter: Compat change id reported: 135772972; UID 1000; state: DISABLED
07-26 20:05:36.727  1921  4085 D CompatibilityChangeReporter: Compat change id reported: 135754954; UID 1000; state: ENABLED
07-26 20:05:36.745  1921  1991 I ActivityManager: Start proc 9086:com.oplus.stdid/1000 for service {com.oplus.stdid/com.oplus.stdid.IdentifyService}
07-26 20:05:36.756  1921  1976 I VRR [OPlusRefreshRateManager]: hasADFRFeature return false
07-26 20:05:36.756  1921  1976 I DisplayManagerService: Comparing display specs: baseModeId=1 allowGroupSwitching=false primaryRefreshRateRange=[0 60] appRequestRefreshRateRange=[0 60] vrrPolicy=POLICY_DEFAULT, existing: baseModeId=1 allowGroupSwitching=false primaryRefreshRateRange=[0 60] appRequestRefreshRateRange=[0 60] vrrPolicy=POLICY_DEFAULT
07-26 20:05:36.840  1921  4350 I GameManagerServiceExt: re: 2, Bundle[mParcelledData.dataSize=7488] .
07-26 20:05:36.840  1921  4350 I GameClassifierImpl: updateGameListInfo 44
07-26 20:05:36.840  1921  4350 I GameClassifierImpl: Game size 5
07-26 20:05:36.842  1921  5111 V AutofillManagerServiceImpl: setAugmentedAutofillWhitelistLocked(packages=[com.whatsapp, com.google.android.apps.messaging, com.google.android.youtube, com.spotify.music, com.google.android.apps.maps, com.google.android.dialer], activities=null)
07-26 20:05:36.842  1921  5111 V AutofillManagerServiceImpl: whitelisting packages: [com.whatsapp, com.google.android.apps.messaging, com.google.android.youtube, com.spotify.music, com.google.android.apps.maps, com.google.android.dialer]and activities: null
07-26 20:05:36.884  1921  1921 I OplusStatusBarManagerServiceEnhance:  getTopIsFullscreen mTopIsFullscreen: false
07-26 20:05:36.888  1921  4085 D CompatibilityChangeReporter: Compat change id reported: 168419799; UID 1000; state: DISABLED
07-26 20:05:36.910  1921  4350 I WindowManager: Window{100fcbc u0 com.coloros.phonemanager/com.oplus.phonemanager.securitycheck.SecurityCheckActivity} state from DRAW_PENDING to COMMIT_DRAW_PENDING; reason: finishDrawingLocked
07-26 20:05:36.921  1921  1977 I WindowManager: Window{100fcbc u0 com.coloros.phonemanager/com.oplus.phonemanager.securitycheck.SecurityCheckActivity} state from COMMIT_DRAW_PENDING to READY_TO_SHOW; reason: commitFinishDrawingLocked
07-26 20:05:36.922  1921  2857 D OplusUserManagerServiceEnhance: getMultiSystemUserId  res = -10000
07-26 20:05:36.941  8339  8339 I Quality : Skipped: false 1 cost 24.639076 refreshRate 16666667 bit true processName com.coloros.phonemanager
07-26 20:05:36.945  1921  1977 D OplusStartingWindowManager: interceptRemoveStartingWindow: packageName=com.coloros.phonemanager, isSnapshot=false, startingSurfaceRunnable=null
07-26 20:05:36.945  1921  1977 D OplusSplitScreenManagerService: notifyRemoveStartingWindow mOplusSpiltScreenDnDUI is null, just return!
07-26 20:05:36.951  1921  1977 I Quality : LaunchTime2.0: com.coloros.phonemanager/com.oplus.phonemanager.securitycheck.SecurityCheckActivity 2 1554 NULL, OPEN FILE ERROR...
07-26 20:05:36.951  1921  1977 I WindowManager: Window{100fcbc u0 com.coloros.phonemanager/com.oplus.phonemanager.securitycheck.SecurityCheckActivity} state from READY_TO_SHOW to HAS_DRAWN; reason: performShowLocked
07-26 20:05:36.954  1921  4349 V WindowManager: Relayout Window{100fcbc u0 com.coloros.phonemanager/com.oplus.phonemanager.securitycheck.SecurityCheckActivity}: viewVisibility=0, oldvis=0, req=1080x2400
07-26 20:05:36.972  1921  4349 D CoreBackPreview: Window{5945474 u0 Splash Screen com.coloros.phonemanager}: Setting back callback null
07-26 20:05:36.973  2599  2709 V ZoomWindowDecorView: removeZoomView
07-26 20:05:36.975  8339  8339 I Quality : Skipped: false 1 cost 25.852257 refreshRate 16538000 bit true processName com.coloros.phonemanager
07-26 20:05:36.977  1921  4349 I ActivityTaskManager: Activity reported stop, but no longer stopping: ActivityRecord{a5ff9ac u0 com.coloros.phonemanager/com.oplus.phonemanager.securitycheck.SecurityCheckActivity} t9908} RESUMED
07-26 20:05:37.007  1921  2857 D InputMethodManagerService: isSecurity: attribute.packageName=com.coloros.phonemanager mCurMethodId=com.google.android.inputmethod.latin/com.android.inputmethod.latin.LatinIME
07-26 20:05:37.007  1921  2857 D InputMethodManagerService: isSecurity= false (  enable=false needShow=false inBlackList=false isExist=true )
07-26 20:05:37.008  1921  2857 D CompatibilityChangeReporter: Compat change id reported: 214016041; UID 10220; state: ENABLED
07-26 20:05:37.011  8339  8339 I Quality : Skipped: false 1 cost 28.293184 refreshRate 16640162 bit true processName com.coloros.phonemanager
07-26 20:05:37.029  1921  4349 V AutofillInlineSuggestionsRequestSession: onInputMethodStartInput() received on 0
07-26 20:05:37.066  8863  8863 I Quality : ActivityThread: callApplicationOnCreate delay 664 com.android.vending:background 8863
07-26 20:05:37.169  1921  1977 I WindowStateExtImpl: onSurfaceShowChange show = false mPackageName = com.coloros.phonemanager parentPkgName = com.coloros.phonemanager
07-26 20:05:37.169  1921  1977 I WindowManager: Window{5945474 u0 Splash Screen com.coloros.phonemanager EXITING} state from HAS_DRAWN to NO_SURFACE; reason: destroySurface
07-26 20:05:37.211  1921  3875 D CompatibilityChangeReporter: Compat change id reported: 161145287; UID 1000; state: DISABLED
07-26 20:05:37.269  1921  1943 D CompatibilityChangeReporter: Compat change id reported: 161145287; UID 10329; state: DISABLED
07-26 20:05:37.397  8339  9161 E ActivityThread: Failed to find provider info for com.oplus.phonemanager.RiskDetectDataProvider
07-26 20:05:37.406  1921  2856 D CompatibilityChangeReporter: Compat change id reported: 161252188; UID 10257; state: DISABLED
07-26 20:05:37.484  1921  2602 I WallpaperManagerServiceExt: getFoldWallpaperInfo user=0 which=32 phyDisplay=1
07-26 20:05:37.484  1921  2602 I WallpaperManagerServiceExt: getFoldWallpaperInfo user=0 which=16 phyDisplay=1
07-26 20:05:37.486  1921  2602 D OplusAppListInterceptManager: shouldFilterTask
07-26 20:05:37.487  1921  2602 D OplusAppListInterceptManager: shouldFilterTask::packageName = com.coloros.phonemanager
07-26 20:05:37.487  1921  2602 D OplusAppListInterceptManager: shouldFilterTask
07-26 20:05:37.487  1921  2602 D OplusAppListInterceptManager: shouldFilterTask::packageName = com.whatsapp
07-26 20:05:37.487  1921  2602 D OplusAppListInterceptManager: shouldFilterTask
07-26 20:05:37.487  1921  2602 D OplusAppListInterceptManager: shouldFilterTask::packageName = com.duckduckgo.mobile.android
07-26 20:05:37.487  1921  2602 D OplusAppListInterceptManager: shouldFilterTask
07-26 20:05:37.487  1921  2602 D OplusAppListInterceptManager: shouldFilterTask::packageName = com.Slack
07-26 20:05:37.488  1921  2602 D OplusAppListInterceptManager: shouldFilterTask
07-26 20:05:37.488  1921  2602 D OplusAppListInterceptManager: shouldFilterTask::packageName = com.twitter.android
07-26 20:05:37.488  1921  2602 D OplusAppListInterceptManager: shouldFilterTask
07-26 20:05:37.488  1921  2602 D OplusAppListInterceptManager: shouldFilterTask::packageName = com.instagram.android
07-26 20:05:37.488  1921  2602 D OplusAppListInterceptManager: shouldFilterTask
07-26 20:05:37.488  1921  2602 D OplusAppListInterceptManager: shouldFilterTask::packageName = com.oppo.quicksearchbox
07-26 20:05:37.488  1921  2602 D OplusAppListInterceptManager: shouldFilterTask
07-26 20:05:37.488  1921  2602 D OplusAppListInterceptManager: shouldFilterTask::packageName = com.google.android.apps.docs
07-26 20:05:37.488  1921  2602 D OplusAppListInterceptManager: shouldFilterTask
07-26 20:05:37.488  1921  2602 D OplusAppListInterceptManager: shouldFilterTask::packageName = com.keka.xhr
07-26 20:05:37.489  1921  2602 D OplusAppListInterceptManager: shouldFilterTask
07-26 20:05:37.489  1921  2602 D OplusAppListInterceptManager: shouldFilterTask::packageName = com.coloros.filemanager
07-26 20:05:37.489  1921  2602 D OplusAppListInterceptManager: shouldFilterTask
07-26 20:05:37.489  1921  2602 D OplusAppListInterceptManager: shouldFilterTask::packageName = com.google.android.apps.docs
07-26 20:05:37.489  1921  2602 D OplusAppListInterceptManager: shouldFilterTask
07-26 20:05:37.489  1921  2602 D OplusAppListInterceptManager: shouldFilterTask::packageName = com.android.settings
07-26 20:05:37.489  1921  2602 D CompatibilityChangeReporter: Compat change id reported: 197654537; UID 1000; state: ENABLED
07-26 20:05:37.489  1921  2602 D OplusSplitScreenManagerService: com.android.settings unSupportsSplitScreen by blockList or ForbidActivityList
07-26 20:05:37.489  1921  2602 D OplusSplitScreenManagerService: com.android.settings unSupportsSplitScreen by blockList or ForbidActivityList
07-26 20:05:37.489  1921  2602 D OplusAppListInterceptManager: shouldFilterTask
07-26 20:05:37.489  1921  2602 D OplusAppListInterceptManager: shouldFilterTask::packageName = com.openai.chatgpt
07-26 20:05:37.490  1921  2602 D OplusAppListInterceptManager: shouldFilterTask
07-26 20:05:37.490  1921  2602 D OplusAppListInterceptManager: shouldFilterTask::packageName = com.google.android.dialer
07-26 20:05:37.490  1921  2602 D OplusAppListInterceptManager: shouldFilterTask
07-26 20:05:37.490  1921  2602 D OplusAppListInterceptManager: shouldFilterTask::packageName = com.google.android.googlequicksearchbox
07-26 20:05:37.491  1921  2602 D CompatibilityChangeReporter: Compat change id reported: 197654537; UID 10138; state: ENABLED
07-26 20:05:37.491  1921  2602 D OplusAppListInterceptManager: shouldFilterTask
07-26 20:05:37.491  1921  2602 D OplusAppListInterceptManager: shouldFilterTask::packageName = com.google.android.apps.messaging
07-26 20:05:37.491  1921  2602 D OplusAppListInterceptManager: shouldFilterTask
07-26 20:05:37.491  1921  2602 D OplusAppListInterceptManager: shouldFilterTask::packageName = com.android.vending
07-26 20:05:37.492  1921  2602 D CompatibilityChangeReporter: Compat change id reported: 197654537; UID 10137; state: ENABLED
07-26 20:05:37.492  1921  2602 D OplusAppListInterceptManager: shouldFilterTask
07-26 20:05:37.492  1921  2602 D OplusAppListInterceptManager: shouldFilterTask::packageName = com.google.android.gm
07-26 20:05:37.492  1921  2602 D OplusAppListInterceptManager: shouldFilterTask
07-26 20:05:37.492  1921  2602 D OplusAppListInterceptManager: shouldFilterTask::packageName = com.google.android.youtube
07-26 20:05:37.515  1921  4593 D DisplayManagerService: Display listener for pid 7889 died.
07-26 20:05:37.533  1921  2772 I ActivityManager: Process com.heytap.pictorial (pid 7889) has died: cch+45 CEM 
07-26 20:05:37.536  1921  2772 W ActivityManager: Process 8835 does not match uid 10072 ignore setting hits oom adj
07-26 20:05:37.549  1921  3875 D CompatibilityChangeReporter: Compat change id reported: 161252188; UID 10137; state: DISABLED
07-26 20:05:37.575  1921  5189 I ActivityManager: Process com.google.android.packageinstaller (pid 8835) has died: cch+35 CEM 
07-26 20:05:37.593  1921  5189 W ActivityManager: Process 8165 does not match uid 10028 ignore setting hits oom adj
07-26 20:05:37.609  1921  2764 I ActivityManager: Process com.google.android.googlequicksearchbox:search (pid 8073) has died: cch+45 CEM 
07-26 20:05:37.613  8339  8339 I Quality : Skipped: false 3 cost 52.093075 refreshRate 16590124 bit true processName com.coloros.phonemanager
07-26 20:05:37.616  1058  1365 E FrameworkListener: read() failed (Connection reset by peer)
07-26 20:05:37.618  1921  2856 I OplusAppSwitchManagerService: hanldeBinderDied
07-26 20:05:37.618  1921  2558 I OplusAppSwitchManagerService: hanldeBinderDied
07-26 20:05:37.619  1921  2856 I OplusAppSwitchManagerService: appswitch unregisterAppSwitchObserver pkgName = com.oplus.qualityprotect config = OplusAppSwitchConfig = {  mConfigs = {} observerFingerPrint = 162056406}
07-26 20:05:37.619  1921  2856 I OplusAppSwitchStateDispatcher: unregisterAppSwitchObserver ok, pkgName = com.oplus.qualityprotect info = OplusAppSwitchRuleInfo = {  observer = null observerFingerPrint = 162056406}
07-26 20:05:37.619  1921  2857 D DisplayManagerService: Display listener for pid 28405 died.
07-26 20:05:37.619  1921  2188 D DisplayManagerService: Display listener for pid 7906 died.
07-26 20:05:37.620  1921  2558 I OplusAppSwitchManagerService: appswitch unregisterAppSwitchObserver pkgName = com.oplus.obrain config = OplusAppSwitchConfig = {  mConfigs = {} observerFingerPrint = 101246547}
07-26 20:05:37.620  1921  2558 I OplusAppSwitchStateDispatcher: unregisterAppSwitchObserver ok, pkgName = com.oplus.obrain info = OplusAppSwitchRuleInfo = {  observer = null observerFingerPrint = 101246547}
07-26 20:05:37.620  1921  2764 W ActivityManager: Process 9027 does not match uid 10329 ignore setting hits oom adj
07-26 20:05:37.620  1921  2764 W ActivityManager: Process 8761 does not match uid 10350 ignore setting hits oom adj
07-26 20:05:37.620  1921  2764 W ActivityManager: Process 8896 does not match uid 10217 ignore setting hits oom adj
07-26 20:05:37.620  1921  2764 W ActivityManager: Process 8248 does not match uid 10066 ignore setting hits oom adj
07-26 20:05:37.620  1921  2764 W ActivityManager: Process 8165 does not match uid 10028 ignore setting hits oom adj
07-26 20:05:37.620  1921  2764 W ActivityManager: Process 7906 does not match uid 10226 ignore setting hits oom adj
07-26 20:05:37.620  1921  2764 W ActivityManager: Process 7949 does not match uid 10212 ignore setting hits oom adj
07-26 20:05:37.621  1921  4598 I ActivityManager: Process com.google.android.apps.fitness (pid 8165) has died: cch+75 CEM 
07-26 20:05:37.624  1921  4598 W ActivityManager: Process 8761 does not match uid 10350 ignore setting hits oom adj
07-26 20:05:37.624  1921  4598 W ActivityManager: Process 8896 does not match uid 10217 ignore setting hits oom adj
07-26 20:05:37.625  1921  4598 W ActivityManager: Process 28405 does not match uid 1000 ignore setting hits oom adj
07-26 20:05:37.628  1921  4598 W ActivityManager: Process 8761 does not match uid 10350 ignore setting hits oom adj
07-26 20:05:37.628  1921  4598 W ActivityManager: Process 8896 does not match uid 10217 ignore setting hits oom adj
07-26 20:05:37.629  1921  4598 W ActivityManager: Process 7906 does not match uid 10226 ignore setting hits oom adj
07-26 20:05:37.629  1921  4598 W ActivityManager: Process 7949 does not match uid 10212 ignore setting hits oom adj
07-26 20:05:37.629  1921  4598 W ActivityManager: Process 28405 does not match uid 1000 ignore setting hits oom adj
07-26 20:05:37.630  1921  2772 I ActivityManager: Process com.facebook.system (pid 7949) has died: cch+85 CEM 
07-26 20:05:37.635  1921  2772 I ActivityManager: Process com.oplus.uxdesign (pid 8761) has died: cch+35 CEM 
07-26 20:05:37.637  1921  2772 W ActivityManager: Process 8896 does not match uid 10217 ignore setting hits oom adj
07-26 20:05:37.637  1921  2772 W ActivityManager: Process 28405 does not match uid 1000 ignore setting hits oom adj
07-26 20:05:37.641  1921  2772 W ActivityManager: Process 9027 does not match uid 10329 ignore setting hits oom adj
07-26 20:05:37.641  1921  2772 W ActivityManager: Process 8896 does not match uid 10217 ignore setting hits oom adj
07-26 20:05:37.641  1921  2772 W ActivityManager: Process 8248 does not match uid 10066 ignore setting hits oom adj
07-26 20:05:37.641  1921  2772 W ActivityManager: Process 7906 does not match uid 10226 ignore setting hits oom adj
07-26 20:05:37.641  1921  2772 W ActivityManager: Process 28405 does not match uid 1000 ignore setting hits oom adj
07-26 20:05:37.644  1921  2772 I ActivityManager: Process com.android.settings.intelligence (pid 5136) has died: cch+20 CACC
07-26 20:05:37.661  1921  2598 I WallpaperManagerServiceExt: getFoldWallpaperInfo user=0 which=32 phyDisplay=1
07-26 20:05:37.661  1921  2598 I WallpaperManagerServiceExt: getFoldWallpaperInfo user=0 which=16 phyDisplay=1
07-26 20:05:37.663  1921  1992 I ActivityManager: Process PhantomProcessRecord {41886cc 31722:28405:logcat/1000} died
07-26 20:05:37.680  1921  2772 D AppProfilerExtImpl: Skipped pss collection for CPU busy
07-26 20:05:37.681  1921  2772 I ActivityManager: Process com.oplus.midas (pid 28405) has died: cch+85 SVC 
07-26 20:05:37.703  1921  2772 I ActivityManager: Process com.facebook.appmanager (pid 7906) has died: cch+55 CEM 
07-26 20:05:37.725  1921  2764 I ActivityManager: Process com.oplus.aod (pid 9027) has died: cch+15 CEM 
07-26 20:05:37.729  1921  2856 D CompatibilityChangeReporter: Compat change id reported: 319212206; UID 10137; state: ENABLED
07-26 20:05:37.738  1921  2764 W ActivityManager: Process 8896 does not match uid 10217 ignore setting hits oom adj
07-26 20:05:37.743  1921  2764 W ActivityManager: Process 8248 does not match uid 10066 ignore setting hits oom adj
07-26 20:05:37.749  8339  8903 W PackageParser: Unknown element under <manifest>: queries at /data/app/~~hEUNG8YONGpjWN3OWdiXBw==/org.fdroid.fdroid-mXKFlHa20G15kCZ6KQh13Q==/base.apk Binary XML file line #116
07-26 20:05:37.749  1921  5189 I ActivityManager: Process com.google.android.apps.nbu.files (pid 8896) has died: cch+15 CEM 
07-26 20:05:37.770  1921  5189 W ActivityManager: Process 8248 does not match uid 10066 ignore setting hits oom adj
07-26 20:05:37.772  1921  4598 I ActivityManager: Process android.process.acore (pid 8248) has died: cch+25 CEM 
07-26 20:05:37.796  1921  1921 W Looper  : Slow dispatch took 170ms main h=com.android.server.job.JobSchedulerService$JobHandler c=null m=4
07-26 20:05:37.834  1921  2189 D UsageStatsService: User[0] type=0 b=1753540536285 e=1753540537832 cb=1753464465520 ce=1753540537295 disk=0 all=0
07-26 20:05:38.009  1921  1921 I OplusStatusBarManagerServiceEnhance:  getTopIsFullscreen mTopIsFullscreen: false
07-26 20:05:38.018  1921  4349 D OplusUserManagerServiceEnhance: getMultiSystemUserId  res = -10000
07-26 20:05:38.799  1921  1990 D CompatibilityChangeReporter: Compat change id reported: 135634846; UID 10104; state: DISABLED
07-26 20:05:38.799  1921  1990 D CompatibilityChangeReporter: Compat change id reported: 177438394; UID 10104; state: DISABLED
07-26 20:05:38.800  1921  1990 D CompatibilityChangeReporter: Compat change id reported: 135772972; UID 10104; state: DISABLED
07-26 20:05:38.800  1921  1990 D CompatibilityChangeReporter: Compat change id reported: 135754954; UID 10104; state: ENABLED
07-26 20:05:38.800  1921  1991 D CompatibilityChangeReporter: Compat change id reported: 143937733; UID 10104; state: ENABLED
07-26 20:05:38.802  1921  1990 D CompatibilityChangeReporter: Compat change id reported: 135634846; UID 1000; state: DISABLED
07-26 20:05:38.802  1921  1990 D CompatibilityChangeReporter: Compat change id reported: 177438394; UID 1000; state: DISABLED
07-26 20:05:38.803  1921  1990 D CompatibilityChangeReporter: Compat change id reported: 135772972; UID 1000; state: DISABLED
07-26 20:05:38.803  1921  1990 D CompatibilityChangeReporter: Compat change id reported: 135754954; UID 1000; state: ENABLED
07-26 20:05:38.808  1921  1991 I ActivityManager: Start proc 9245:com.android.settings.intelligence/u0a104 for service {com.android.settings.intelligence/com.android.settings.intelligence.search.external.AIDLService}
07-26 20:05:38.815  1921  1991 I ActivityManager: Start proc 9246:com.oplus.midas/1000 for service {com.oplus.obrain/com.oplus.onetrace.daemon.OTraceDaemonService}
07-26 20:05:38.842  1921  2450 D CompatibilityChangeReporter: Compat change id reported: 168419799; UID 10104; state: DISABLED
07-26 20:05:38.848  1921  1944 D CompatibilityChangeReporter: Compat change id reported: 168419799; UID 1000; state: DISABLED
07-26 20:05:38.852  1921  1944 D CompatibilityChangeReporter: Compat change id reported: 168419799; UID 1000; state: DISABLED
07-26 20:05:38.863  1921  1921 I OplusStatusBarManagerServiceEnhance:  getTopIsFullscreen mTopIsFullscreen: false
07-26 20:05:38.868  1921  2189 D OplusUserManagerServiceEnhance: getMultiSystemUserId  res = -10000
07-26 20:05:38.881  1921  1985 D ProcessCpuTrackerExtImpl: mContext is already set, return now! 
07-26 20:05:39.076  1921  2294 D CompatibilityChangeReporter: Compat change id reported: 74210811; UID 1000; state: DISABLED
07-26 20:05:39.103  1921  2189 I OplusAppSwitchManagerService: appswitch registerAppSwitchObserver pName = com@@oplus@@obrain observer = com.oplus.app.IOplusAppSwitchObserver$Stub$Proxy@3592cc0 config = OplusAppSwitchConfig = {  mConfigs = {} observerFingerPrint = 254380944}
07-26 20:05:39.103  1921  2189 I OplusAppSwitchStateDispatcher: registerAppSwitchObserver addDynamicListener OK, info = OplusAppSwitchRuleInfo = {  observer = com.oplus.app.IOplusAppSwitchObserver$Stub$Proxy@3592cc0 observerFingerPrint = 254380944} rule size =0
07-26 20:05:39.106  1921  1944 D CompatibilityChangeReporter: Compat change id reported: 157233955; UID 1000; state: ENABLED
07-26 20:05:39.121  1921  2450 D CompatibilityChangeReporter: Compat change id reported: 161145287; UID 1000; state: DISABLED
07-26 20:05:39.143  9246  9246 W ContextImpl: Calling a method in the system process without a qualified user: android.app.ContextImpl.startService:1871 android.content.ContextWrapper.startService:827 com.oplus.obrain.MyApplication.onCreate:39 android.app.Instrumentation.callApplicationOnCreate:1285 android.app.ActivityThread.handleBindApplication:7220 
07-26 20:05:39.592  1921  2189 D IntervalStats: Unable to parse usage stats packages: [1, 332, 342, 351, 356, 361, 369, 370, 397, 398, 399, 410, 419, 432, 444, 455, 474, 515, 520, 533, 564, 596, 598, 825, 1585, 2134, 2139, 2142, 2153, 2168, 2171, 2173, 2182, 2193, 2215, 2242, 2243, 2249, 2250, 2251, 2252, 2260, 2270, 2308, 2309, 2311, 2313, 2318, 2320, 2332, 2339, 2345, 2346, 2358, 2362, 2365, 2367, 2372, 2373, 2378, 2381, 2392, 2396, 2403, 2413, 2422, 2435, 2436, 2437, 2439, 2449, 2452, 2454, 2456, 2457, 2466, 2467, 2468, 2473, 2478, 2517, 2518, 2519, 2520, 2522, 2523, 2524, 2525, 2526, 2527, 2530, 2536, 2545, 2558, 2559, 2560, 2561, 2562, 2563, 2564, 2567, 2568, 2581, 2595, 2597, 2598, 2606, 2614, 2623, 2624, 2625, 2626, 2627, 2628, 2630, 2631, 2632, 2634, 2639, 2642, 2652, 2686, 2687, 2688, 2723, 2748, 2749, 2750, 2751, 2752, 2753, 2754, 2755, 2756, 2757, 2758, 2759, 2760, 2761, 2762, 2763, 2764, 2765, 2766, 2770, 2772, 2773, 2800, 2807, 2813, 2814, 2815, 2817, 2858, 2859, 2860, 2861, 2879, 2880, 2881, 2883, 2889, 2890, 2891, 2892, 2893, 2894, 2905, 2915]
07-26 20:05:39.597  1921  2189 D IntervalStats: Unable to parse usage stats packages: [332, 370, 397, 398, 399, 474, 1585, 2153, 2215, 2320, 2345, 2346, 2372, 2422, 2437, 2452, 2527, 2623, 2770, 2772, 2807, 2814, 2860, 2879, 2880, 2890, 2891, 2893, 2905, 2915, 2916, 2923, 2927, 2930, 2931, 2936, 2937, 2950, 2959, 2962, 2963, 2964, 2967, 2968, 2971, 2974, 2978, 2982, 2983, 2988, 2996, 3004, 3013, 3014, 3015, 3016, 3017, 3019, 3020, 3021, 3025, 3026, 3027, 3030, 3032, 3033, 3035, 3037, 3049, 3054, 3055, 3056, 3063, 3072, 3073, 3074, 3075, 3076, 3077, 3093, 3100, 3106, 3117, 3123, 3128, 3132, 3134, 3137, 3139, 3141, 3144, 3148, 3149, 3150, 3156, 3161, 3162, 3166, 3168, 3170, 3188, 3190, 3195, 3196, 3198, 3199, 3203, 3204, 3205, 3216, 3217, 3222, 3223, 3224, 3232, 3233, 3236, 3268]
07-26 20:05:39.598  1921  2189 D UsageStatsService: User[0] type=3 b=1595774139585 e=1753540539585 cb=1731244569471 ce=1753540538803 disk=702 all=1065
07-26 20:05:39.599  9245  9245 I Quality : ActivityThread: callApplicationOnCreate delay 620 com.android.settings.intelligence 9245
07-26 20:05:39.642  8339  8953 E ActivityThread: Failed to find provider info for com.oplus.securitypermission.AppControlCenterProvider
07-26 20:05:39.648  1921  1996 D CompatibilityChangeReporter: Compat change id reported: 168419799; UID 10202; state: DISABLED
07-26 20:05:39.658  8339  9160 E ActivityThread: Failed to find provider info for com.oplus.securitypermission.AppControlCenterProvider
07-26 20:05:39.664  8339  9113 E ActivityThread: Failed to find provider info for com.oplus.phonemanager.RiskDetectDataProvider
07-26 20:05:39.756  8339  8383 W PackageParser: Unknown element under <manifest>: queries at /data/app/~~hEUNG8YONGpjWN3OWdiXBw==/org.fdroid.fdroid-mXKFlHa20G15kCZ6KQh13Q==/base.apk Binary XML file line #116
07-26 20:05:39.776  1921  2255 D PowerManagerService: userActivityNoUpdateLocked: groupId=0, eventTime=101005822, event=2, flags=0x0, uid=1000
07-26 20:05:39.870  1921  1921 I OplusStatusBarManagerServiceEnhance:  getTopIsFullscreen mTopIsFullscreen: false
07-26 20:05:39.880  1921  2189 D OplusUserManagerServiceEnhance: getMultiSystemUserId  res = -10000
07-26 20:05:39.898  1921  2255 D PowerManagerService: userActivityNoUpdateLocked: groupId=0, eventTime=101005947, event=2, flags=0x0, uid=1000
07-26 20:05:40.002  1921  2255 D PowerManagerService: userActivityNoUpdateLocked: groupId=0, eventTime=101006051, event=2, flags=0x0, uid=1000
07-26 20:05:40.113  1921  2255 D PowerManagerService: userActivityNoUpdateLocked: groupId=0, eventTime=101006162, event=2, flags=0x0, uid=1000
07-26 20:05:40.151  1921  3567 I GameManagerServiceExt: re: 4, Bundle[mParcelledData.dataSize=5284] .
07-26 20:05:40.232  1921  2255 D PowerManagerService: userActivityNoUpdateLocked: groupId=0, eventTime=101006280, event=2, flags=0x0, uid=1000
07-26 20:05:40.246  1921  3567 I OplusAppSwitchManagerService: appswitch registerAppSwitchObserver pName = com@@oplus@@qualityprotect observer = com.oplus.app.IOplusAppSwitchObserver$Stub$Proxy@e9b25c6 config = OplusAppSwitchConfig = {  mConfigs = {} observerFingerPrint = 162056406}
07-26 20:05:40.247  1921  3567 I OplusAppSwitchStateDispatcher: registerAppSwitchObserver addDynamicListener OK, info = OplusAppSwitchRuleInfo = {  observer = com.oplus.app.IOplusAppSwitchObserver$Stub$Proxy@e9b25c6 observerFingerPrint = 162056406} rule size =0
07-26 20:05:40.256  9246  9287 W ContextImpl: Calling a method in the system process without a qualified user: android.app.ContextImpl.startService:1871 android.content.ContextWrapper.startService:827 com.oplus.qualityprotect.QualityAlarmReceiver.c:14 com.oplus.qualityprotect.QualityAlarmReceiver.b:46 com.oplus.qualityprotect.QualityProtectService.e0:0 
07-26 20:05:40.262  1921  4349 D CompatibilityChangeReporter: Compat change id reported: 171306433; UID 1000; state: ENABLED
07-26 20:05:40.263  1921  4349 D CompatibilityChangeReporter: Compat change id reported: 218533173; UID 1000; state: ENABLED
07-26 20:05:40.277  9246  9287 W ContextImpl: Calling a method in the system process without a qualified user: android.app.ContextImpl.bindService:1964 android.content.ContextWrapper.bindService:863 S.h.f:17 S.h.l:4 com.oplus.qualityprotect.QualityProtectService$b.handleMessage:520 
07-26 20:05:40.319  8775  8775 W ContextImpl: Calling a method in the system process without a qualified user: android.app.ContextImpl.startService:1871 android.content.ContextWrapper.startService:827 com.heytap.mcs.biz.statistics.StaticProcessTrackStatusManager.exitCurrentProcess:11 com.heytap.mcs.biz.statistics.StaticProcessTrackStatusManager$1.handleMessage:3 android.os.Handler.dispatchMessage:102 
07-26 20:05:40.349  1921  2772 I ActivityManager: Process com.heytap.mcs.statistics (pid 8775) has died: fg  IMPF
07-26 20:05:40.350  4624  4624 I ActivityThread: Removing dead content provider:android.content.ContentProviderProxy@b26dc63
07-26 20:05:40.587  1921  2255 D PowerManagerService: userActivityNoUpdateLocked: groupId=0, eventTime=101006636, event=2, flags=0x0, uid=1000
07-26 20:05:40.612  1921  4349 D IntervalStats: Unable to parse usage stats packages: [1, 332, 342, 351, 356, 361, 369, 370, 397, 398, 399, 410, 419, 432, 444, 455, 474, 515, 520, 533, 564, 596, 598, 825, 1585, 2134, 2139, 2142, 2153, 2168, 2171, 2173, 2182, 2193, 2215, 2242, 2243, 2249, 2250, 2251, 2252, 2260, 2270, 2308, 2309, 2311, 2313, 2318, 2320, 2332, 2339, 2345, 2346, 2358, 2362, 2365, 2367, 2372, 2373, 2378, 2381, 2392, 2396, 2403, 2413, 2422, 2435, 2436, 2437, 2439, 2449, 2452, 2454, 2456, 2457, 2466, 2467, 2468, 2473, 2478, 2517, 2518, 2519, 2520, 2522, 2523, 2524, 2525, 2526, 2527, 2530, 2536, 2545, 2558, 2559, 2560, 2561, 2562, 2563, 2564, 2567, 2568, 2581, 2595, 2597, 2598, 2606, 2614, 2623, 2624, 2625, 2626, 2627, 2628, 2630, 2631, 2632, 2634, 2639, 2642, 2652, 2686, 2687, 2688, 2723, 2748, 2749, 2750, 2751, 2752, 2753, 2754, 2755, 2756, 2757, 2758, 2759, 2760, 2761, 2762, 2763, 2764, 2765, 2766, 2770, 2772, 2773, 2800, 2807, 2813, 2814, 2815, 2817, 2858, 2859, 2860, 2861, 2879, 2880, 2881, 2883, 2889, 2890, 2891, 2892, 2893, 2894, 2905, 2915]
07-26 20:05:40.618  1921  4349 D IntervalStats: Unable to parse usage stats packages: [332, 370, 397, 398, 399, 474, 1585, 2153, 2215, 2320, 2345, 2346, 2372, 2422, 2437, 2452, 2527, 2623, 2770, 2772, 2807, 2814, 2860, 2879, 2880, 2890, 2891, 2893, 2905, 2915, 2916, 2923, 2927, 2930, 2931, 2936, 2937, 2950, 2959, 2962, 2963, 2964, 2967, 2968, 2971, 2974, 2978, 2982, 2983, 2988, 2996, 3004, 3013, 3014, 3015, 3016, 3017, 3019, 3020, 3021, 3025, 3026, 3027, 3030, 3032, 3033, 3035, 3037, 3049, 3054, 3055, 3056, 3063, 3072, 3073, 3074, 3075, 3076, 3077, 3093, 3100, 3106, 3117, 3123, 3128, 3132, 3134, 3137, 3139, 3141, 3144, 3148, 3149, 3150, 3156, 3161, 3162, 3166, 3168, 3170, 3188, 3190, 3195, 3196, 3198, 3199, 3203, 3204, 3205, 3216, 3217, 3222, 3223, 3224, 3232, 3233, 3236, 3268]
07-26 20:05:40.621  1921  4349 D UsageStatsService: User[0] type=3 b=1595774140608 e=1753540540608 cb=1731244569471 ce=1753540538803 disk=702 all=1065
07-26 20:05:40.632  8339  8339 D OplusInputMethodManagerInternal: get inputMethodManager extension: com.android.internal.view.IInputMethodManager$Stub$Proxy@3cc9937
07-26 20:05:40.657  8339  8400 E ActivityThread: Failed to find provider info for com.oplus.securitypermission.AppControlCenterProvider
07-26 20:05:40.667  8339  8391 E ActivityThread: Failed to find provider info for com.oplus.securitypermission.AppControlCenterProvider
07-26 20:05:40.721  1921  1944 W ActivityTaskManager: Request to remove task ignored for non-existent task 9907
07-26 20:05:40.872  1921  1921 I OplusStatusBarManagerServiceEnhance:  getTopIsFullscreen mTopIsFullscreen: false
07-26 20:05:40.885  1921  3567 D OplusUserManagerServiceEnhance: getMultiSystemUserId  res = -10000
07-26 20:05:40.946  1921  1944 D CoreBackPreview: Window{a1525de u0 com.google.android.googlequicksearchbox/com.google.android.apps.lens.MainActivity}: Setting back callback null
07-26 20:05:40.948  4621  4621 V ZoomWindowDecorView: removeZoomView
07-26 20:05:40.962  1921  2203 W UsageStatsService: Unexpected activity event reported! (com.google.android.googlequicksearchbox/com.google.android.apps.search.lens.LensExportedActivity event : 23 instanceId : 253689661)
07-26 20:05:40.962  1921  5470 D OplusMirageWindowManagerService: onTaskRemoved displayid:0 taskId:9832 callers:com.android.server.wm.MirageWindowManagerExtImpl.onTaskRemoved:47 com.android.server.wm.TaskDisplayArea.removeChildTask:398 com.android.server.wm.TaskDisplayArea.removeChild:387 com.android.server.wm.WindowContainer.removeImmediately:896 com.android.server.wm.TaskFragment.removeImmediately:2906 
07-26 20:05:40.962  1921  5470 I OplusScreenSecurityMask: onStackRemoved task = Task{1145894 #9832 type=standard A=10138:com.google.android.googlequicksearchbox.LensActivity U=0 visible=false visibleRequested=false mode=fullscreen translucent=true sz=0} record = null displayId = 0
07-26 20:05:40.963  1921  5470 D TaskFragmentExtImpl: remove ActivityRecord{c6ed2a6 u0 com.google.android.googlequicksearchbox/com.google.android.apps.lens.MainActivity} t-1 f}} to mActivityRecordSum = Counter{ }
07-26 20:05:40.967  1921  5470 D OplusAppListInterceptManager: shouldFilterTask
07-26 20:05:40.967  1921  5470 D OplusAppListInterceptManager: shouldFilterTask::packageName = com.coloros.phonemanager
07-26 20:05:40.967  1921  5470 D OplusAppListInterceptManager: shouldFilterTask
07-26 20:05:40.968  1921  5470 D OplusAppListInterceptManager: shouldFilterTask::packageName = com.whatsapp
07-26 20:05:40.968  1921  5470 D OplusAppListInterceptManager: shouldFilterTask
07-26 20:05:40.968  1921  5470 D OplusAppListInterceptManager: shouldFilterTask::packageName = com.duckduckgo.mobile.android
07-26 20:05:40.968  1921  5470 D OplusAppListInterceptManager: shouldFilterTask
07-26 20:05:40.968  1921  5470 D OplusAppListInterceptManager: shouldFilterTask::packageName = com.Slack
07-26 20:05:40.973  1921  5470 D OplusAppListInterceptManager: shouldFilterTask
07-26 20:05:40.973  1921  5470 D OplusAppListInterceptManager: shouldFilterTask::packageName = com.coloros.phonemanager
07-26 20:05:40.974  1921  5470 D OplusAppListInterceptManager: shouldFilterTask
07-26 20:05:40.974  1921  5470 D OplusAppListInterceptManager: shouldFilterTask::packageName = com.whatsapp
07-26 20:05:40.974  1921  5470 D OplusAppListInterceptManager: shouldFilterTask
07-26 20:05:40.974  1921  5470 D OplusAppListInterceptManager: shouldFilterTask::packageName = com.duckduckgo.mobile.android
07-26 20:05:40.974  1921  5470 D OplusAppListInterceptManager: shouldFilterTask
07-26 20:05:40.974  1921  5470 D OplusAppListInterceptManager: shouldFilterTask::packageName = com.Slack
07-26 20:05:41.891  1921  1921 I OplusStatusBarManagerServiceEnhance:  getTopIsFullscreen mTopIsFullscreen: false
07-26 20:05:41.916  1921  1944 D OplusUserManagerServiceEnhance: getMultiSystemUserId  res = -10000
07-26 20:05:42.151  1921  2255 D PowerManagerService: userActivityNoUpdateLocked: groupId=0, eventTime=101008197, event=2, flags=0x0, uid=1000
07-26 20:05:42.250  1921  2255 D PowerManagerService: userActivityNoUpdateLocked: groupId=0, eventTime=101008298, event=2, flags=0x0, uid=1000
07-26 20:05:42.253  1921  1944 I ActivityTaskManager: START u0 {act=android.intent.action.MAIN cat=[android.intent.category.LAUNCHER] flg=0x10000000 pkg=org.fdroid.fdroid cmp=org.fdroid.fdroid/.views.main.MainActivity mCallingUid=10220} from uid 10220
07-26 20:05:42.259  1921  1944 D CompatibilityChangeReporter: Compat change id reported: 194480991; UID 10474; state: ENABLED
07-26 20:05:42.261  1921  1944 D OplusZoomWindowManagerService: onConfigurationChanged rotation not changed - prevRotation: 0
07-26 20:05:42.263  1921  1944 I OplusScreenSecurityMask: onStackAdded task = Task{34d93ed #9909 type=standard ?? U=0 visible=false visibleRequested=false mode=fullscreen translucent=true sz=0} record = null displayId = 0
07-26 20:05:42.263  1921  1944 I OplusScreenSecurityMask: onStackAdded task = Task{34d93ed #9909 type=standard A=10474:org.fdroid.fdroid U=0 visible=false visibleRequested=false mode=fullscreen translucent=true sz=0} record = null displayId = 0
07-26 20:05:42.263  1921  1944 D CompatibilityChangeReporter: Compat change id reported: 174042980; UID 10474; state: DISABLED
07-26 20:05:42.263  1921  1944 D CompatibilityChangeReporter: Compat change id reported: 184838306; UID 10474; state: DISABLED
07-26 20:05:42.263  1921  1944 D CompatibilityChangeReporter: Compat change id reported: 185004937; UID 10474; state: DISABLED
07-26 20:05:42.264  1921  1944 D CompatibilityChangeReporter: Compat change id reported: 181136395; UID 10474; state: DISABLED
07-26 20:05:42.264  1921  1944 D CompatibilityChangeReporter: Compat change id reported: 174042936; UID 10474; state: DISABLED
07-26 20:05:42.265  1921  1944 D TaskFragmentExtImpl: add ActivityRecord{363eedd u0 org.fdroid.fdroid/.views.main.MainActivity} t9909} to mActivityRecordSum = Counter{ org.fdroid.fdroid/.views.main.MainActivity(1) }
07-26 20:05:42.265  1921  1944 D CompatibilityChangeReporter: Compat change id reported: 197654537; UID 10474; state: DISABLED
07-26 20:05:42.267  1921  1944 D ActivityTaskManager: getStartingWindowType: newTask=true, taskSwitch=true, processRunning=false, allowTaskSnapshot=true, activityCreated=false, snapshot=null, record:ActivityRecord{363eedd u0 org.fdroid.fdroid/.views.main.MainActivity} t9909}
07-26 20:05:42.267  1921  1944 D ActivityRecordExtImpl: handleStartingWindowForCompactWindow origin type:2, adjustType : 2
07-26 20:05:42.267  1921  1944 D CompatibilityChangeReporter: Compat change id reported: 205907456; UID 10474; state: DISABLED
07-26 20:05:42.268  1921  1944 D OplusZoomWindowRUSConfigManager: isSupportZoomModeWithPolicyLocked: target = org.fdroid.fdroid/.views.main.MainActivity
07-26 20:05:42.268  1921  1944 D OplusZoomWindowRUSConfigManager: targetPkg = org.fdroid.fdroid
07-26 20:05:42.268  1921  1944 V OplusZoomWindowManagerService: unSupportZoom: false ,callingPid: 8339 ,sourceStack: Task{135fe7b #9908 type=standard A=10220:com.coloros.phonemanager U=0 visible=true visibleRequested=true mode=fullscreen translucent=false sz=1}
07-26 20:05:42.268  2599  2709 D PhoneStartingWindowTypeAlgorithm: preferredStartingWindowType newTask=true, taskSwitch=true, processRunning=false, allowTaskSnapshot=true, activityCreated=false, isSolidColorSplashScreen=true, legacySplashScreen=false, activityDrawn=false, topIsHome=false
07-26 20:05:42.272  2599  2709 D OplusShellStartingWindowManager: adjustSuggestedWindowType: skip no-system app and no-exception list app
07-26 20:05:42.273  2599  2710 D ShellStartingWindow: getWindowAttrs window attributes color: 0, replace icon: false
07-26 20:05:42.273  2599  2710 W ShellStartingWindow: peekWindowBGColor mWindowBgColor:0 mWindowBgResId:2131099714 estimatedWindowBGColor:-15592942
07-26 20:05:42.273  2599  2710 D ShellStartingWindow: inconsize = 0
07-26 20:05:42.276  1921  1944 D CompatibilityChangeReporter: Compat change id reported: 194833441; UID 10474; state: DISABLED
07-26 20:05:42.288  1921  5470 D OplusFullScreenDisplayManager: adjustWindowParamsLw org.fdroid.fdroid, no change cutoutMode: 0
07-26 20:05:42.290  1921  5470 I WindowManager: addWindow: New client android.os.BinderProxy@4d4bf8f : window=Window{88d521c u0 Splash Screen org.fdroid.fdroid}
07-26 20:05:42.291  8339  8339 I Quality : Skipped: false 1 cost 32.64351 refreshRate 16557750 bit true processName com.coloros.phonemanager
07-26 20:05:42.292  2599  2709 D OplusShellStartingWindowManager: handleSplashScreenView: normal third app or no-default
07-26 20:05:42.293  1921  1944 D CoreBackPreview: Window{88d521c u0 Splash Screen org.fdroid.fdroid}: Setting back callback OnBackInvokedCallbackInfo{mCallback=android.window.IOnBackInvokedCallback$Stub$Proxy@c1875f1, mPriority=0}
