07-26 20:05:34.451  1921  1996 W BroadcastQueue: Background execution not allowed: receiving Intent { act=android.intent.action.PACKAGE_ADDED dat=package: flg=0x4000010 (has extras) } to com.heytap.cloud/.receiver.ColorCloudReceiver
07-26 20:05:34.452  1921  1921 E OplusCustomizeRestrictionManagerService: isBiometricDisabled start
07-26 20:05:34.452  1921  1921 D BiometricService: Sensor ID(4), oemStrength: 255, updatedStrength: 255, modality 8, state: 0, cookie: 0, sensorId 4, hasEnrollments: true cannot participate in Keystore operations
07-26 20:05:34.456   651 14707 I keystore2: keystore2::authorization: on_lock_screen_event(LockScreenEvent(0), user_id=0, password.is_some()=false, unlocking_sids=Some([-6226715700390196880]))
07-26 20:05:34.463   651 14707 W keystore2: keystore2::super_key: In try_unlock_user_with_biometric: attempt failed: In use_key_in_one_step: Failed to begin operation.
07-26 20:05:34.463   651 14707 W keystore2: 
07-26 20:05:34.463   651 14707 W keystore2: Caused by:
07-26 20:05:34.463   651 14707 W keystore2:     0: In upgrade_keyblob_if_required_with: Closure failed
07-26 20:05:34.463   651 14707 W keystore2:     1: Error::Km(ErrorCode(-40))
07-26 20:05:34.464  1921  2848 W AppOps  : Noting op not finished: uid 10127 pkg com.google.android.gms code 79 startTime of in progress event=1753540117060
07-26 20:05:34.464  1921  1921 E AlarmManager: Attempt to decrement existing alarm count 0 by 1 for uid 1000
07-26 20:05:34.468  1921  1990 I DropBoxManagerService: add tag=system_server_wtf isTagEnabled=true flags=0x2
07-26 20:05:34.468  1921  1990 W DropBoxManagerService: Dropping: system_server_wtf (1831 > 0 bytes)
07-26 20:05:34.478  1921  1990 D DropBoxManagerService: file :: /data/system/dropbox/system_server_wtf@1753540534468.lost
07-26 20:05:34.500  1921  1996 D CompatibilityChangeReporter: Compat change id reported: 168419799; UID 10220; state: DISABLED
07-26 20:05:34.504  1921  2848 D IntervalStats: Unable to parse usage stats packages: [332, 370, 397, 398, 399, 474, 1585, 2153, 2215, 2320, 2345, 2346, 2372, 2422, 2437, 2452, 2527, 2623, 2770, 2772, 2807, 2814, 2860, 2879, 2880, 2890, 2891, 2893, 2905, 2915, 2916, 2923, 2927, 2930, 2931, 2936, 2937, 2950, 2959, 2962, 2963, 2964, 2967, 2968, 2971, 2974, 2978, 2982, 2983, 2988, 2996, 3004, 3013, 3014, 3015, 3016, 3017, 3019, 3020, 3021, 3025, 3026, 3027, 3030, 3032, 3033, 3035, 3037, 3049, 3054, 3055, 3056, 3063, 3072, 3073, 3074, 3075, 3076, 3077, 3093, 3100, 3106, 3117, 3123, 3128, 3132, 3134, 3137, 3139, 3141, 3144, 3148, 3149, 3150, 3156, 3161, 3162, 3166, 3168, 3170, 3188, 3190, 3195, 3196, 3198, 3199, 3203, 3204, 3205, 3216, 3217, 3222, 3223, 3224, 3232, 3233, 3236, 3268]
07-26 20:05:34.504  1921  2848 D UsageStatsService: User[0] type=3 b=1722004534459 e=1753540534459 cb=1731244569471 ce=1753540534394 disk=357 all=720
07-26 20:05:34.512  1921  1991 W ActivityManager: Slow operation: 168ms so far, now at startProcess: done updating battery stats
07-26 20:05:34.512  1921  1991 W ActivityManager: Slow operation: 168ms so far, now at startProcess: building log message
07-26 20:05:34.512  1921  1991 I ActivityManager: Start proc 8737:com.coloros.securepay/u0a202 for content provider {com.coloros.securepay/com.coloros.securepay.provider.ProtectedAppProvider}
07-26 20:05:34.512  1921  1991 W ActivityManager: Slow operation: 168ms so far, now at startProcess: starting to update pids map
07-26 20:05:34.512  1921  1991 W ActivityManager: Slow operation: 168ms so far, now at startProcess: done updating pids map
07-26 20:05:34.512  1921  1991 W ActivityManager: Slow operation: 153ms so far, now at startProcess: asking zygote to start proc
07-26 20:05:34.513  1921  1991 D CompatibilityChangeReporter: Compat change id reported: 143937733; UID 10350; state: ENABLED
07-26 20:05:34.514  1921  1972 W Looper  : Slow delivery took 222ms android.fg h=android.os.Handler c=com.android.internal.infra.ServiceConnector$Impl$$ExternalSyntheticLambda2@bfd94f9 m=0
07-26 20:05:34.514  1921  1972 W Looper  : Slow dispatch took 106ms android.fg h=android.os.Handler c=com.android.internal.infra.ServiceConnector$Impl$$ExternalSyntheticLambda2@bfd94f9 m=0
07-26 20:05:34.532  1921  2189 V WindowManager: Relayout Window{6cd2c76 u0 OnScreenFingerprintIcon}: viewVisibility=8, oldvis=0, req=1080x1080
07-26 20:05:34.532  1921  2189 I WindowManager: Window{6cd2c76 u0 OnScreenFingerprintIcon} state from HAS_DRAWN to NO_SURFACE; reason: destroySurface
07-26 20:05:34.535   596   596 I vold    : [sensitive file debug]ae default_key_path :/data/misc/vold/user_keys/ae/0/default
07-26 20:05:34.535   596   596 E vold    : [sensitive file debug]ae default_key_path exist
07-26 20:05:34.535   596   596 I vold    : [sensitive file debug]fscrypt_create_and_install_sensitive_file_key create key,sensitiveType: 0,key.size()=32 success! 
07-26 20:05:34.540   596   596 I vold    : [sensitive file debug]fscrypt_export_sensitive_file_key start, user_id=0,sensitiveType=0,use_default=1
07-26 20:05:34.540   596   596 I vold    : [sensitive file debug]fscrypt_export_sensitive_file_key create key,sensitiveType: 0,key.size()=32
07-26 20:05:34.541  1921  8731 I StorageManagerService: exportSensitveFileKey: success, sensitiveType:0,size=32
07-26 20:05:34.541  1921  8731 D StorageManagerService: User 0's CE storage is already unlocked
07-26 20:05:34.541  1921  8731 V Biometrics/Face/FaceProviderExtImpl: notify Vold end
07-26 20:05:34.547  1921  1996 W BroadcastQueue: Permission Denial: receiving Intent { act=oplus.intent.action.PACKAGE_ADDED dat=package: flg=0x5000010 (has extras) } to com.oplus.themestore/com.nearme.themespace.receiver.ThemeBizReceiver requires oplus.permission.RECEIVE_INSTALL_BACKGROUND due to sender null (uid 1000)
07-26 20:05:34.548  1921  1991 W ActivityManager: Slow operation: 190ms so far, now at startProcess: returned from zygote!
07-26 20:05:34.566  1921  2189 D CompatibilityChangeReporter: Compat change id reported: 161252188; UID 10220; state: DISABLED
07-26 20:05:34.569  1921  1972 W Looper  : Drained
07-26 20:05:34.588  4909  4909 W ContextImpl: Calling a method in the system process without a qualified user: android.app.ContextImpl.startService:1871 android.content.ContextWrapper.startService:827 android.content.ContextWrapper.startService:827 com.oplusos.securitypermission.permission.OplusPermissionReceiver.h:13 com.oplusos.securitypermission.permission.OplusPermissionReceiver.onReceive:24 
07-26 20:05:34.612  1921  4594 W ContextImpl: Calling a method in the system process without a qualified user: android.app.ContextImpl.sendBroadcast:1197 com.android.server.camera.OplusCameraStateBroadcast.notifyCameraState:51 com.android.server.camera.CameraServiceProxyExtImpl.extendNotifyCameraState:186 com.android.server.camera.CameraServiceProxy.updateActivityCount:1246 com.android.server.camera.CameraServiceProxy.-$$Nest$mupdateActivityCount:0 
07-26 20:05:34.621  1921  1991 W ActivityManager: Slow operation: 262ms so far, now at startProcess: done updating battery stats
07-26 20:05:34.621  1921  1991 W ActivityManager: Slow operation: 263ms so far, now at startProcess: building log message
07-26 20:05:34.621  1921  1991 I ActivityManager: Start proc 8761:com.oplus.uxdesign/u0a350 for service {com.oplus.uxdesign/com.oplus.uxdesign.icon.service.LaunchIconService}
07-26 20:05:34.621  1921  1991 W ActivityManager: Slow operation: 263ms so far, now at startProcess: starting to update pids map
07-26 20:05:34.622  1921  1991 W ActivityManager: Slow operation: 263ms so far, now at startProcess: done updating pids map
07-26 20:05:34.625  1921  1991 W ActivityManager: Slow operation: 201ms so far, now at startProcess: asking zygote to start proc
07-26 20:05:34.637  1921  1921 D CompatibilityChangeReporter: Compat change id reported: 135634846; UID 10339; state: DISABLED
07-26 20:05:34.637  1921  1921 D CompatibilityChangeReporter: Compat change id reported: 177438394; UID 10339; state: DISABLED
07-26 20:05:34.637  1921  1921 D CompatibilityChangeReporter: Compat change id reported: 135772972; UID 10339; state: DISABLED
07-26 20:05:34.637  1921  1921 D CompatibilityChangeReporter: Compat change id reported: 135754954; UID 10339; state: ENABLED
07-26 20:05:34.639  1921  1921 W Looper  : Drained
07-26 20:05:34.639  1921  1921 W Looper  : Slow dispatch took 113ms main h=com.android.server.job.JobSchedulerService$JobHandler c=null m=0
07-26 20:05:34.649  1921  1991 W ActivityManager: Slow operation: 225ms so far, now at startProcess: returned from zygote!
07-26 20:05:34.663  1921  1996 I ActivityManager: com.google.android.packageinstaller is exempt from freezer
07-26 20:05:34.663  1921  1996 D CompatibilityChangeReporter: Compat change id reported: 135634846; UID 10072; state: DISABLED
07-26 20:05:34.663  1921  1996 D CompatibilityChangeReporter: Compat change id reported: 177438394; UID 10072; state: DISABLED
07-26 20:05:34.664  1921  1996 D CompatibilityChangeReporter: Compat change id reported: 135772972; UID 10072; state: DISABLED
07-26 20:05:34.664  1921  1996 D CompatibilityChangeReporter: Compat change id reported: 135754954; UID 10072; state: ENABLED
07-26 20:05:34.667  1921  1943 D CompatibilityChangeReporter: Compat change id reported: 168419799; UID 10202; state: DISABLED
07-26 20:05:34.683  1921  1991 W ActivityManager: Slow operation: 258ms so far, now at startProcess: done updating battery stats
07-26 20:05:34.683  1921  1991 W ActivityManager: Slow operation: 259ms so far, now at startProcess: building log message
07-26 20:05:34.683  1921  1991 I ActivityManager: Start proc 8775:com.heytap.mcs.statistics/1000 for content provider {com.heytap.mcs/com.heytap.mcs.biz.statistics.provider.StatisticsContentProvider}
07-26 20:05:34.683  1921  1991 W ActivityManager: Slow operation: 259ms so far, now at startProcess: starting to update pids map
07-26 20:05:34.689  1921  8717 D OplusOsPackageManager: uploadInstallAppInfos:{code=1021051, abi1=null, abi2=null, update=0, cert=43238D512C;, targetSdkVersion=29, source=pc, app_pkg=org.fdroid.fdroid, version=1.21.1, md5=c5adf6842d8341fd839cfffba884bfb0},path=/data/app/~~hEUNG8YONGpjWN3OWdiXBw==/org.fdroid.fdroid-mXKFlHa20G15kCZ6KQh13Q==/base.apk,installerPackageName:pc
07-26 20:05:34.690  1921  4275 W BackupTransportManager: Package org.fdroid.fdroid enabled setting: 0
07-26 20:05:34.694  1921  1991 W ActivityManager: Slow operation: 269ms so far, now at startProcess: done updating pids map
07-26 20:05:34.694  1921  1991 W ActivityManager: Slow operation: 58ms so far, now at startProcess: asking zygote to start proc
07-26 20:05:34.694  1921  1991 D CompatibilityChangeReporter: Compat change id reported: 143937733; UID 10339; state: ENABLED
07-26 20:05:34.742  1921  4599 W AppOps  : Noting op not finished: uid 10127 pkg com.google.android.gms code 79 startTime of in progress event=1753540117060
07-26 20:05:34.760  1921  1991 W ActivityManager: Slow operation: 124ms so far, now at startProcess: returned from zygote!
07-26 20:05:34.761  1921  1991 W ActivityManager: Slow operation: 124ms so far, now at startProcess: done updating battery stats
07-26 20:05:34.761  1921  1991 W ActivityManager: Slow operation: 124ms so far, now at startProcess: building log message
07-26 20:05:34.761  1921  1991 I ActivityManager: Start proc 8812:com.oplus.deepthinker:worker/u0a339 for service {com.oplus.deepthinker/com.oplus.deepthinker.internal.inner.proton.schedule.TrainJobService}
07-26 20:05:34.761  1921  1991 W ActivityManager: Slow operation: 124ms so far, now at startProcess: starting to update pids map
07-26 20:05:34.764  1921  1991 W ActivityManager: Slow operation: 127ms so far, now at startProcess: done updating pids map
07-26 20:05:34.764  1921  1991 W ActivityManager: Slow operation: 101ms so far, now at startProcess: asking zygote to start proc
07-26 20:05:34.764  1921  1991 D CompatibilityChangeReporter: Compat change id reported: 143937733; UID 10072; state: ENABLED
07-26 20:05:34.850  1921  1943 I SecurityPermissionService: updateCachedPermission pkgName:org.fdroid.fdroid, userId:0, delete:false
07-26 20:05:34.853  1921  1991 W ActivityManager: Slow operation: 191ms so far, now at startProcess: returned from zygote!
07-26 20:05:34.867  1921  1991 W ActivityManager: Slow operation: 204ms so far, now at startProcess: done updating battery stats
07-26 20:05:34.867  1921  1991 W ActivityManager: Slow operation: 204ms so far, now at startProcess: building log message
07-26 20:05:34.867  1921  1991 I ActivityManager: Start proc 8835:com.google.android.packageinstaller/u0a72 for broadcast {com.google.android.packageinstaller/com.android.packageinstaller.PackageInstalledReceiver}
07-26 20:05:34.869  1921  1991 W ActivityManager: Slow operation: 207ms so far, now at startProcess: starting to update pids map
07-26 20:05:34.869  1921  1991 W ActivityManager: Slow operation: 207ms so far, now at startProcess: done updating pids map
07-26 20:05:34.875  1921  4705 W AppOps  : Noting op not finished: uid 10127 pkg com.google.android.gms code 79 startTime of in progress event=1753540117060
07-26 20:05:34.931  1921  4349 D CompatibilityChangeReporter: Compat change id reported: 168419799; UID 10072; state: DISABLED
07-26 20:05:34.937  1921  1921 I OplusStatusBarManagerServiceEnhance:  getTopIsFullscreen mTopIsFullscreen: false
07-26 20:05:34.937  1921  1996 I ActivityManager: com.android.vending is exempt from freezer
07-26 20:05:34.937  1921  1996 D CompatibilityChangeReporter: Compat change id reported: 135634846; UID 10137; state: DISABLED
07-26 20:05:34.937  1921  1996 D CompatibilityChangeReporter: Compat change id reported: 177438394; UID 10137; state: DISABLED
07-26 20:05:34.937  1921  1996 D CompatibilityChangeReporter: Compat change id reported: 135772972; UID 10137; state: DISABLED
07-26 20:05:34.938  1921  1996 D CompatibilityChangeReporter: Compat change id reported: 135754954; UID 10137; state: ENABLED
07-26 20:05:34.938  1921  1991 D CompatibilityChangeReporter: Compat change id reported: 143937733; UID 10137; state: ENABLED
07-26 20:05:34.981  1921  2263 W WindowMagnificationMgr: requestConnection duplicated request: connect=false, mConnectionState=DISCONNECTED
07-26 20:05:34.984  1921  2263 W LoadedApk: System took : 866ms in onReceive of class com.android.server.accessibility.AccessibilityManagerService$1 for action : android.intent.action.PACKAGE_ADDED
07-26 20:05:34.986  1921  4705 D OplusUserManagerServiceEnhance: getMultiSystemUserId  res = -10000
07-26 20:05:34.991  1921  1943 W AppOps  : Noting op not finished: uid 10127 pkg com.google.android.gms code 79 startTime of in progress event=1753540117060
07-26 20:05:34.999  1921  1991 W ActivityManager: Slow operation: 62ms so far, now at startProcess: done updating battery stats
07-26 20:05:34.999  1921  1991 W ActivityManager: Slow operation: 63ms so far, now at startProcess: building log message
07-26 20:05:34.999  1921  1991 I ActivityManager: Start proc 8863:com.android.vending:background/u0a137 for broadcast {com.android.vending/com.google.android.finsky.packagemonitor.backgroundimpl.BackgroundPackageMonitorReceiverImpl$RegisteredReceiver}
07-26 20:05:34.999  1921  1991 W ActivityManager: Slow operation: 63ms so far, now at startProcess: starting to update pids map
07-26 20:05:35.000  1921  1991 W ActivityManager: Slow operation: 64ms so far, now at startProcess: done updating pids map
07-26 20:05:35.004  1921  1943 W ActivityManager: Unable to start service Intent { act=com.oplus.dcc.action.RECEIVE_MESSAGE pkg=com.heytap.market (has extras) } U=0: not found
07-26 20:05:35.018  1921  4599 D CompatibilityChangeReporter: Compat change id reported: 161252188; UID 10474; state: DISABLED
07-26 20:05:35.057  1921  4440 D IntervalStats: Unable to parse usage stats packages: [332, 370, 397, 398, 399, 474, 1585, 2153, 2215, 2320, 2345, 2346, 2372, 2422, 2437, 2452, 2527, 2623, 2770, 2772, 2807, 2814, 2860, 2879, 2880, 2890, 2891, 2893, 2905, 2915, 2916, 2923, 2927, 2930, 2931, 2936, 2937, 2950, 2959, 2962, 2963, 2964, 2967, 2968, 2971, 2974, 2978, 2982, 2983, 2988, 2996, 3004, 3013, 3014, 3015, 3016, 3017, 3019, 3020, 3021, 3025, 3026, 3027, 3030, 3032, 3033, 3035, 3037, 3049, 3054, 3055, 3056, 3063, 3072, 3073, 3074, 3075, 3076, 3077, 3093, 3100, 3106, 3117, 3123, 3128, 3132, 3134, 3137, 3139, 3141, 3144, 3148, 3149, 3150, 3156, 3161, 3162, 3166, 3168, 3170, 3188, 3190, 3195, 3196, 3198, 3199, 3203, 3204, 3205, 3216, 3217, 3222, 3223, 3224, 3232, 3233, 3236, 3268]
07-26 20:05:35.058  1921  4440 D UsageStatsService: User[0] type=3 b=1722004535000 e=1753540535000 cb=1731244569471 ce=1753540534877 disk=357 all=720
07-26 20:05:35.070  1921  2294 D CompatibilityChangeReporter: Compat change id reported: 74210811; UID 1000; state: DISABLED
07-26 20:05:35.102  1921  1985 W LoadedApk: System took : 954ms in onReceive of class android.content.pm.RegisteredServicesCache$1 for action : android.intent.action.PACKAGE_ADDED
07-26 20:05:35.108  1921  2263 W WindowMagnificationMgr: requestConnection duplicated request: connect=false, mConnectionState=DISCONNECTED
07-26 20:05:35.108  1921  1921 W Looper  : Slow dispatch took 103ms main h=com.android.server.accessibility.AccessibilityManagerService$MainHandler c=<recycled PooledLambda@d4f4235> m=0
07-26 20:05:35.119  1921  1996 D CompatibilityChangeReporter: Compat change id reported: 177438394; UID 10217; state: DISABLED
07-26 20:05:35.119  1921  1996 D CompatibilityChangeReporter: Compat change id reported: 135772972; UID 10217; state: DISABLED
07-26 20:05:35.119  1921  1996 D CompatibilityChangeReporter: Compat change id reported: 135754954; UID 10217; state: ENABLED
07-26 20:05:35.119  1921  1991 D CompatibilityChangeReporter: Compat change id reported: 143937733; UID 10217; state: ENABLED
07-26 20:05:35.134  1921  2117 E VerityUtils: Failed to measure fs-verity, errno 1: /data/app/~~hEUNG8YONGpjWN3OWdiXBw==/org.fdroid.fdroid-mXKFlHa20G15kCZ6KQh13Q==/base.apk
07-26 20:05:35.138  1921  2263 W LoadedApk: System took : 154ms in onReceive of class com.android.server.accessibility.AccessibilityManagerService$1 for action : android.intent.action.PACKAGE_CHANGED
07-26 20:05:35.146  1921  4349 D CompatibilityChangeReporter: Compat change id reported: 161145287; UID 10137; state: DISABLED
07-26 20:05:35.167  1921  1944 D OplusUserManagerServiceEnhance: getMultiSystemUserId  res = -10000
07-26 20:05:35.196  1921  1991 W ActivityManager: Slow operation: 77ms so far, now at startProcess: returned from zygote!
07-26 20:05:35.196  1921  1991 W ActivityManager: Slow operation: 77ms so far, now at startProcess: done updating battery stats
07-26 20:05:35.196  1921  1991 W ActivityManager: Slow operation: 77ms so far, now at startProcess: building log message
07-26 20:05:35.196  1921  1991 I ActivityManager: Start proc 8896:com.google.android.apps.nbu.files/u0a217 for broadcast {com.google.android.apps.nbu.files/com.google.android.apps.nbu.files.documentbrowser.browselanding.rootcontainerlist.receiver.PackageChangeReceiver_Receiver}
07-26 20:05:35.196  1921  1991 W ActivityManager: Slow operation: 77ms so far, now at startProcess: starting to update pids map
07-26 20:05:35.197  1921  1991 W ActivityManager: Slow operation: 78ms so far, now at startProcess: done updating pids map
07-26 20:05:35.214  1921  4440 W AppOps  : Noting op not finished: uid 10127 pkg com.google.android.gms code 79 startTime of in progress event=1753540117060
07-26 20:05:35.275  1921  4593 W AppOps  : Noting op not finished: uid 10127 pkg com.google.android.gms code 79 startTime of in progress event=1753540117060
07-26 20:05:35.290  1921  1944 D CoreBackPreview: Window{3ecfa8f u0 OplusFrontCameraPinholeView}: Setting back callback null
07-26 20:05:35.294  2599  2599 V ZoomWindowDecorView: removeZoomView
07-26 20:05:35.297  1921  2558 I WindowManager: Window{3ecfa8f u0 OplusFrontCameraPinholeView} state from HAS_DRAWN to NO_SURFACE; reason: destroySurface
07-26 20:05:35.349  1921  2558 D CompatibilityChangeReporter: Compat change id reported: 194532703; UID 10137; state: ENABLED
07-26 20:05:35.358  1921  4599 D CompatibilityChangeReporter: Compat change id reported: 168419799; UID 10217; state: DISABLED
07-26 20:05:35.366  1921  4440 I ActivityTaskManager: START u0 {dat=package: flg=0x10000000 cmp=com.coloros.phonemanager/com.oplus.phonemanager.securitycheck.SecurityCheckActivity (has extras) mCallingUid=10220} from uid 10220
07-26 20:05:35.366  1921  4440 W ActivityTaskManager: Background activity start for com.coloros.phonemanager allowed because SYSTEM_ALERT_WINDOW permission is granted.
07-26 20:05:35.374  1921  4440 D CompatibilityChangeReporter: Compat change id reported: 194480991; UID 10220; state: ENABLED
07-26 20:05:35.375  1921  4440 D OplusZoomWindowManagerService: onConfigurationChanged rotation not changed - prevRotation: 0
07-26 20:05:35.377  1921  4440 I OplusScreenSecurityMask: onStackAdded task = Task{135fe7b #9908 type=standard ?? U=0 visible=false visibleRequested=false mode=fullscreen translucent=true sz=0} record = null displayId = 0
07-26 20:05:35.377  1921  4440 I OplusScreenSecurityMask: onStackAdded task = Task{135fe7b #9908 type=standard A=10220:com.coloros.phonemanager U=0 visible=false visibleRequested=false mode=fullscreen translucent=true sz=0} record = null displayId = 0
07-26 20:05:35.378  1921  4440 D CompatibilityChangeReporter: Compat change id reported: 174042980; UID 10220; state: DISABLED
07-26 20:05:35.378  1921  4440 D CompatibilityChangeReporter: Compat change id reported: 184838306; UID 10220; state: DISABLED
07-26 20:05:35.378  1921  4440 D CompatibilityChangeReporter: Compat change id reported: 185004937; UID 10220; state: DISABLED
07-26 20:05:35.378  1921  4440 D CompatibilityChangeReporter: Compat change id reported: 181136395; UID 10220; state: DISABLED
07-26 20:05:35.378  1921  4440 D CompatibilityChangeReporter: Compat change id reported: 174042936; UID 10220; state: DISABLED
07-26 20:05:35.379  1921  4440 D TaskFragmentExtImpl: add ActivityRecord{a5ff9ac u0 com.coloros.phonemanager/com.oplus.phonemanager.securitycheck.SecurityCheckActivity} t9908} to mActivityRecordSum = Counter{ com.coloros.phonemanager/com.oplus.phonemanager.securitycheck.SecurityCheckActivity(1) }
07-26 20:05:35.379  1921  4440 D CompatibilityChangeReporter: Compat change id reported: 197654537; UID 10220; state: ENABLED
07-26 20:05:35.380  1921  4440 D ActivityTaskManager: Temporarily retain top process state for launching app
07-26 20:05:35.381  1921  4440 D ActivityTaskManager: getStartingWindowType: newTask=true, taskSwitch=true, processRunning=true, allowTaskSnapshot=true, activityCreated=false, snapshot=null, record:ActivityRecord{a5ff9ac u0 com.coloros.phonemanager/com.oplus.phonemanager.securitycheck.SecurityCheckActivity} t9908}
07-26 20:05:35.381  1921  4440 D ActivityRecordExtImpl: handleStartingWindowForCompactWindow origin type:2, adjustType : 2
07-26 20:05:35.381  1921  4440 D CompatibilityChangeReporter: Compat change id reported: 205907456; UID 10220; state: ENABLED
07-26 20:05:35.381  1921  4440 D OplusZoomWindowRUSConfigManager: isSupportZoomModeWithPolicyLocked: target = com.coloros.phonemanager/com.oplus.phonemanager.securitycheck.SecurityCheckActivity
07-26 20:05:35.381  1921  4440 D OplusZoomWindowRUSConfigManager: targetPkg = com.coloros.phonemanager
07-26 20:05:35.381  1921  4440 I OplusZoomWindowRUSConfigManager: target pkg is unsupport zoom window mode
07-26 20:05:35.381  1921  4440 V OplusZoomWindowManagerService: unSupportZoom: true ,callingPid: 8339 ,sourceStack: null
07-26 20:05:35.383  1921  4440 D OplusDexOptimizeManager: Do not in AppLaunchOptList!
07-26 20:05:35.386  1921  4440 I OplusJoystickManager: handleApplicationSwitch deprecated!
07-26 20:05:35.387  2599  2709 D PhoneStartingWindowTypeAlgorithm: preferredStartingWindowType newTask=true, taskSwitch=true, processRunning=true, allowTaskSnapshot=true, activityCreated=false, isSolidColorSplashScreen=true, legacySplashScreen=false, activityDrawn=false, topIsHome=false
07-26 20:05:35.387  1921  4440 D ActivityTaskManager: onWindowFocusChanged Task{135fe7b #9908 type=standard A=10220:com.coloros.phonemanager U=0 visible=true visibleRequested=false mode=fullscreen translucent=false sz=1} would transfer to compact
07-26 20:05:35.392  2599  2709 D ShellStartingWindow: getWindowAttrs window attributes color: 0, replace icon: false
07-26 20:05:35.394  1921  4349 D OplusActivityManagerServiceEnhance: setGlThreads detect 2599 2709
07-26 20:05:35.394  1921  3144 D OplusAppSwitchListener: Detect com.android.launcher switch to background
07-26 20:05:35.394  1921  3144 D OplusEapManager: mTargetExitName :com.android.launcher
07-26 20:05:35.395  1921  1976 D OplusKeepAliveManager: TOP_APP is ProcessRecord{5449d9b 8339:com.coloros.phonemanager/u0a220} uid is 10220
07-26 20:05:35.399  2599  2710 D OplusShellStartingWindowManager: isSystemApp support, windowInfo=StartingWindowInfo{taskId=9908 targetActivityInfo=null displayId=0 topActivityType=1 preferredStartingWindowType=af insetsState=null topWindowLayoutParams=null mainWindowLayoutParams=null splashScreenThemeResId 7f140362
07-26 20:05:35.399  2599  2710 D ShellStartingWindow: inconsize = 0
07-26 20:05:35.401  1921  4440 D OplusFullScreenDisplayManager: adjustWindowParamsLw: com.coloros.phonemanager, change system app cutoutMode: oplus always
07-26 20:05:35.403  1921  4440 I WindowManager: addWindow: New client android.os.BinderProxy@9577447 : window=Window{5945474 u0 Splash Screen com.coloros.phonemanager}
07-26 20:05:35.405  1921  2189 D CoreBackPreview: Window{5945474 u0 Splash Screen com.coloros.phonemanager}: Setting back callback OnBackInvokedCallbackInfo{mCallback=android.window.IOnBackInvokedCallback$Stub$Proxy@38d0de3, mPriority=0}
07-26 20:05:35.406  2599  2709 D OplusShellStartingWindowManager: handleWindowBarIfNeeded true, windowInfo=StartingWindowInfo{taskId=9908 targetActivityInfo=null displayId=0 topActivityType=1 preferredStartingWindowType=af insetsState=null topWindowLayoutParams=null mainWindowLayoutParams=null splashScreenThemeResId 7f140362
07-26 20:05:35.422  1921  2189 D OplusActivityManagerServiceEnhance: setGlThreads detect 8339 8936
07-26 20:05:35.425  1921  1943 D OplusFullScreenDisplayManager: adjustWindowParamsLw: com.coloros.phonemanager, change system app cutoutMode: oplus always
07-26 20:05:35.425  1921  1943 V WindowManager: Relayout Window{5945474 u0 Splash Screen com.coloros.phonemanager}: viewVisibility=0, oldvis=0, req=1080x2400
07-26 20:05:35.425  1921  1943 I WindowManager: Window{5945474 u0 Splash Screen com.coloros.phonemanager} state from NO_SURFACE to DRAW_PENDING; reason: resetDrawState
07-26 20:05:35.436  1921  3144 D VRR [OPlusFrontAppManager]: OnAppSwitchObserver: onAppExit , info.targetName = com.android.launcher
07-26 20:05:35.436  1921  3144 D VRR [OPlusFrontAppManager]: packageName: null
07-26 20:05:35.436  1921  2107 D VRR [OPlusRefreshRateService]: handleFrontAppChange pkgName: null
07-26 20:05:35.438  1921  2107 D VRR [OPlusExternalRefreshRateManager]: setFrontPackageName pkgName: null CurPkgName: com.android.launcher
07-26 20:05:35.450  1921  2558 I WindowManager: Window{5945474 u0 Splash Screen com.coloros.phonemanager} state from DRAW_PENDING to COMMIT_DRAW_PENDING; reason: finishDrawingLocked
07-26 20:05:35.458  1921  1977 I WindowManager: Window{5945474 u0 Splash Screen com.coloros.phonemanager} state from COMMIT_DRAW_PENDING to READY_TO_SHOW; reason: commitFinishDrawingLocked
07-26 20:05:35.470  1921  2856 D UsageStatsService: User[0] type=0 b=1753468200000 e=1753540535202 cb=1753464465520 ce=1753540535130 disk=0 all=6348
07-26 20:05:35.478  1921  3144 D OplusFeatureReduceBrightness: OnAppSwitchObserver: onAppEnter , info targetName = com.coloros.phonemanager
07-26 20:05:35.483  1921  3144 D OplusAppSwitchListener: Detect com.coloros.phonemanager switch to foreground
07-26 20:05:35.483  1921  3144 D OplusEapManager: mTargetEnterName :com.coloros.phonemanager
07-26 20:05:35.483  1921  3144 D VRR [OPlusFrontAppManager]: OnAppSwitchObserver: onAppEnter , info.targetName = com.coloros.phonemanager
07-26 20:05:35.483  1921  3144 D VRR [OPlusFrontAppManager]: packageName: com.coloros.phonemanager
07-26 20:05:35.483  1921  2107 D VRR [OPlusRefreshRateService]: handleFrontAppChange pkgName: com.coloros.phonemanager
07-26 20:05:35.483  1921  2107 D VRR [OPlusExternalRefreshRateManager]: setFrontPackageName pkgName: com.coloros.phonemanager CurPkgName: null
07-26 20:05:35.515  8339  8469 E AndroidRuntime: FATAL EXCEPTION: pm-common-5
07-26 20:05:35.515  8339  8469 E AndroidRuntime: Process: com.coloros.phonemanager, PID: 8339
07-26 20:05:35.515  8339  8469 E AndroidRuntime: java.lang.IllegalArgumentException: Parameter specified as non-null is null: method com.oplus.nearx.track.TrackApi.J, parameter properties
07-26 20:05:35.515  8339  8469 E AndroidRuntime: 	at com.oplus.nearx.track.TrackApi.J(TrackApi.kt:13)
07-26 20:05:35.515  8339  8469 E AndroidRuntime: 	at com.avast.android.sdk.antivirus.partner.obfuscated.rf6.x(Statistics.java:7)
07-26 20:05:35.515  8339  8469 E AndroidRuntime: 	at com.avast.android.sdk.antivirus.partner.obfuscated.rf6.b(Statistics.java:1)
07-26 20:05:35.515  8339  8469 E AndroidRuntime: 	at com.avast.android.sdk.antivirus.partner.obfuscated.nf6.run(R8$$SyntheticClass:7)
07-26 20:05:35.515  8339  8469 E AndroidRuntime: 	at java.util.concurrent.ThreadPoolExecutor.runWorker(ThreadPoolExecutor.java:1156)
07-26 20:05:35.515  8339  8469 E AndroidRuntime: 	at java.util.concurrent.ThreadPoolExecutor$Worker.run(ThreadPoolExecutor.java:651)
07-26 20:05:35.515  8339  8469 E AndroidRuntime: 	at java.lang.Thread.run(Thread.java:1119)
07-26 20:05:35.528  8339  8339 E OplusCustomizeRestrictionManager: sInstance is null, start a new sInstance
07-26 20:05:35.544  1921  4902 D CommonDcsUploader: notifyMsgToCommonDcs, logTag: 20120fingerprint_auth_dcsmsg
07-26 20:05:35.555  1921  2286 V OplusNPMS: getWarningNotification numWarningNotificaion10
07-26 20:05:35.555  1921  2286 V OplusNPMS: getWarningNotification numWarningNotificaion10
07-26 20:05:35.555  1921  2286 V OplusNPMS: getLimitNotificationState subID=2
07-26 20:05:35.555  1921  2286 V OplusNPMS: getLimitNotificationState mSubidToIccId != null
07-26 20:05:35.563  1921  2856 D CompatibilityChangeReporter: Compat change id reported: 135634846; UID 10335; state: DISABLED
07-26 20:05:35.563  1921  2856 D CompatibilityChangeReporter: Compat change id reported: 177438394; UID 10335; state: DISABLED
07-26 20:05:35.563  1921  2856 D CompatibilityChangeReporter: Compat change id reported: 135772972; UID 10335; state: DISABLED
07-26 20:05:35.563  1921  2856 D CompatibilityChangeReporter: Compat change id reported: 135754954; UID 10335; state: ENABLED
07-26 20:05:35.564  1921  1991 D CompatibilityChangeReporter: Compat change id reported: 143937733; UID 10335; state: ENABLED
07-26 20:05:35.617  1921  1991 W ActivityManager: Slow operation: 54ms so far, now at startProcess: returned from zygote!
07-26 20:05:35.617  1921  1991 W ActivityManager: Slow operation: 55ms so far, now at startProcess: done updating battery stats
07-26 20:05:35.617  1921  1991 W ActivityManager: Slow operation: 55ms so far, now at startProcess: building log message
07-26 20:05:35.618  1921  1991 I ActivityManager: Start proc 8964:com.oplus.romupdate/u0a335 for content provider {com.oplus.romupdate/com.oplusos.romupdate.provider.RomUpdateContentProvider}
07-26 20:05:35.618  1921  1991 W ActivityManager: Slow operation: 55ms so far, now at startProcess: starting to update pids map
07-26 20:05:35.618  1921  1991 W ActivityManager: Slow operation: 55ms so far, now at startProcess: done updating pids map
07-26 20:05:35.640  8339  8901 W PowerProfile: screen.on is deprecated! Use screen.on.display0 instead.
07-26 20:05:35.640  8339  8901 W PowerProfile: screen.full is deprecated! Use screen.full.display0 instead.
07-26 20:05:35.641  8339  8901 W ModemPowerProfile: getAverageBatteryDrainMaH called with unexpected key: 0x0, drain:0,RAT:DEFAULT
07-26 20:05:35.641  8339  8901 W ModemPowerProfile: getAverageBatteryDrainMaH called with unexpected key: 0x10000000, drain:IDLE,RAT:DEFAULT
07-26 20:05:35.641  8339  8901 W ModemPowerProfile: getAverageBatteryDrainMaH called with unexpected key: 0x20000000, drain:RX,RAT:DEFAULT
07-26 20:05:35.641  8339  8901 W ModemPowerProfile: getAverageBatteryDrainMaH called with unexpected key: 0x30000000, drain:TX,level:UNKNOWN(0x0)RAT:DEFAULT
07-26 20:05:35.641  8339  8901 W ModemPowerProfile: getAverageBatteryDrainMaH called with unexpected key: 0x31000000, drain:TX,level:UNKNOWN(0x1000000)RAT:DEFAULT
07-26 20:05:35.641  8339  8901 W ModemPowerProfile: getAverageBatteryDrainMaH called with unexpected key: 0x32000000, drain:TX,level:UNKNOWN(0x2000000)RAT:DEFAULT
07-26 20:05:35.641  8339  8901 W ModemPowerProfile: getAverageBatteryDrainMaH called with unexpected key: 0x33000000, drain:TX,level:UNKNOWN(0x3000000)RAT:DEFAULT
07-26 20:05:35.641  8339  8901 W ModemPowerProfile: getAverageBatteryDrainMaH called with unexpected key: 0x34000000, drain:TX,level:UNKNOWN(0x4000000)RAT:DEFAULT
07-26 20:05:35.647  8339  8339 D OplusInputMethodUtil: init sDebug to false, init sDebugIme to false, init sAlwaysOn to false
07-26 20:05:35.647  8339  8339 D OplusInputMethodUtil: updateDebugToClass InputMethodManager.DEBUG = false
07-26 20:05:35.647  8339  8339 D OplusInputMethodUtil: updateDebugToClass ImeFocusController.DEBUG = false
07-26 20:05:35.647  8339  8339 D OplusInputMethodUtil: updateDebugToClass BaseInputConnection.DEBUG = false
07-26 20:05:35.647  8339  8339 D OplusInputMethodUtil: updateDebugToClass ImeFocusController.sDebugIme = false
07-26 20:05:35.681  1921  4440 D PowerManagerService: userActivityNoUpdateLocked: groupId=0, eventTime=101001729, event=0, flags=0x0, uid=10109
07-26 20:05:35.732  1921  1944 D OplusUserManagerServiceEnhance: getMultiSystemUserId  res = -10000
07-26 20:05:35.734  1921  1944 D OplusUserManagerServiceEnhance: getMultiSystemUserId  res = -10000
07-26 20:05:35.778  1921  1985 W LoadedApk: System took : 665ms in onReceive of class com.android.server.search.SearchManagerService$MyPackageMonitor for action : android.intent.action.PACKAGE_ADDED
07-26 20:05:35.782  1921  1943 D CompatibilityChangeReporter: Compat change id reported: 168419799; UID 10335; state: DISABLED
07-26 20:05:35.785  1921  1944 D OplusFullScreenDisplayManager: adjustWindowParamsLw: com.coloros.phonemanager, change system app cutoutMode: oplus always
07-26 20:05:35.788  1921  1944 I WindowManager: addWindow: New client android.os.BinderProxy@5b7f0af : window=Window{100fcbc u0 com.coloros.phonemanager/com.oplus.phonemanager.securitycheck.SecurityCheckActivity}
07-26 20:05:35.801  1921  1977 I TaskOrganizerController: onTaskInfoChanged taskid 9908 config { mBounds=Rect(0, 0 - 1080, 2400) mAppBounds=Rect(0, 110 - 1080, 2288) mMaxBounds=Rect(0, 0 - 1080, 2400) mDisplayRotation=ROTATION_0 mWindowingMode=fullscreen mDisplayWindowingMode=fullscreen mActivityType=standard mAlwaysOnTop=undefined mRotation=ROTATION_0}
07-26 20:05:35.814  1921  2189 D CoreBackPreview: Window{100fcbc u0 com.coloros.phonemanager/com.oplus.phonemanager.securitycheck.SecurityCheckActivity}: Setting back callback OnBackInvokedCallbackInfo{mCallback=android.window.IOnBackInvokedCallback$Stub$Proxy@ee79ab0, mPriority=0}
07-26 20:05:35.817  1921  2848 E OplusCustomizeRestrictionManagerService: isBiometricDisabled start
07-26 20:05:35.819  1921  3875 E OplusCustomizeRestrictionManagerService: isBiometricDisabled start
07-26 20:05:35.832  1921  2857 I GameManagerServiceExt: re: 2, Bundle[mParcelledData.dataSize=6632] .
07-26 20:05:35.833  1921  2857 I GameClassifierImpl: updateGameListInfo 39
07-26 20:05:35.833  1921  2857 I GameClassifierImpl: Game size 0
07-26 20:05:35.838  8896  8896 I Quality : ActivityThread: createOrUpdateClassLoaderLocked delay 403 com.google.android.apps.nbu.files 8896
07-26 20:05:35.871  1921  1921 I OplusStatusBarManagerServiceEnhance:  getTopIsFullscreen mTopIsFullscreen: false
07-26 20:05:35.896  1921  2857 D OplusUserManagerServiceEnhance: getMultiSystemUserId  res = -10000
07-26 20:05:35.918  1921  4440 E OplusCustomizeRestrictionManagerService: isBiometricDisabled start
07-26 20:05:35.919  1921  4440 E OplusCustomizeRestrictionManagerService: isBiometricDisabled start
07-26 20:05:35.943  1921  2189 V WindowManager: Relayout Window{50d10c5 u0 NotificationShade}: viewVisibility=0, oldvis=0, req=1080x2400
07-26 20:05:35.954  8761  8761 I Quality : ActivityThread: makeApplication delay 591 com.oplus.uxdesign 8761
07-26 20:05:35.968  1921  4349 E OplusCustomizeRestrictionManagerService: isBiometricDisabled start
07-26 20:05:35.969  1921  1985 W LoadedApk: System took : 183ms in onReceive of class android.content.pm.RegisteredServicesCache$1 for action : android.intent.action.PACKAGE_ADDED
07-26 20:05:35.973  1921  2856 D ActivityTaskManager: Top Process State changed to PROCESS_STATE_TOP
07-26 20:05:35.974  1921  2856 I OplusAccessController: enter isIgnoreAppSwitchActivity
07-26 20:05:35.974  1921  2856 I OplusAccessController: enter isIgnoreAppSwitchActivity and intent != null
07-26 20:05:35.974  1921  2856 I OplusAccessController: enter isIgnoreAppSwitchActivity and componentName != null
07-26 20:05:35.974  1921  2856 I OplusAccessController: enter isIgnoreAppSwitchActivity and packageName&activity is not Empty
07-26 20:05:35.986  1921  2856 I TaskOrganizerController: onTaskInfoChanged taskid 9908 config { mBounds=Rect(0, 0 - 1080, 2400) mAppBounds=Rect(0, 110 - 1080, 2288) mMaxBounds=Rect(0, 0 - 1080, 2400) mDisplayRotation=ROTATION_0 mWindowingMode=fullscreen mDisplayWindowingMode=fullscreen mActivityType=standard mAlwaysOnTop=undefined mRotation=ROTATION_0}
07-26 20:05:35.987  1921  2856 D TaskFragmentExtImpl: addColorModeOnResume resume=true pkg = com.coloros.phonemanager
07-26 20:05:35.997  1921  2856 D WindowManager: BarWindow--setVisible: id=2, oldState=2, state=0
07-26 20:05:36.002  1921  2856 E WindowManager: create RemoteAnimationController com.android.server.wm.RemoteAnimationController@f41dc05
07-26 20:05:36.003  1921  2856 D OplusSplitScreenManagerService: isDragToSplitState mOplusSpiltScreenDnDUI is null, just return!
07-26 20:05:36.005  1921  2856 I WindowManager: Window{5945474 u0 Splash Screen com.coloros.phonemanager} state from READY_TO_SHOW to HAS_DRAWN; reason: performShowLocked
07-26 20:05:36.021  1921  2856 I WindowStateExtImpl: onSurfaceShowChange show = true mPackageName = com.coloros.phonemanager parentPkgName = com.coloros.phonemanager
07-26 20:05:36.024  1921  2856 I TaskOrganizerController: onTaskInfoChanged taskid 9908 config { mBounds=Rect(0, 0 - 1080, 2400) mAppBounds=Rect(0, 110 - 1080, 2288) mMaxBounds=Rect(0, 0 - 1080, 2400) mDisplayRotation=ROTATION_0 mWindowingMode=fullscreen mDisplayWindowingMode=fullscreen mActivityType=standard mAlwaysOnTop=undefined mRotation=ROTATION_0}
07-26 20:05:36.036  1921  2420 D OplusDeepThinkerExService: appType onReceive
07-26 20:05:36.036  1921  2420 D AppTypeHttpClient: getAppStoreKindInfo
07-26 20:05:36.052  1921  4440 I StatusBarManagerService: disableLocked, what:0, pkg:com.android.systemui userId: 0 token:android.os.BinderProxy@8ec6c8 net1:0 net2:0
07-26 20:05:36.059  1921  2189 D DeviceStateProviderImpl: keyguard show or sleep: false mLastReportedState 0
07-26 20:05:36.066  1921  1976 V UsbDeviceManager: onKeyguardStateChanged: isShowing:false secure:true user:0
07-26 20:05:36.078  1921  1943 D OplusUserManagerServiceEnhance: getMultiSystemUserId  res = -10000
07-26 20:05:36.085  1921  2349 D OplusFeatureColorMode: +updateUserPresent
07-26 20:05:36.089  1921  1921 I AccessibilityManagerService: installed services not changed, just return
07-26 20:05:36.101  1921  1921 D OplusPowerMonitor: Receive broadcast android.intent.action.USER_PRESENT
07-26 20:05:36.114  1921  1996 W BroadcastQueue: Exported Denial: sending Intent { act=android.intent.action.USER_PRESENT flg=0x24280010 }, action: android.intent.action.USER_PRESENT from com.android.systemui (uid=10109) due to receiver ProcessRecord{f83d71b 4551:com.glance.internet/u0a145} (uid 10145) not specifying RECEIVER_EXPORTED
07-26 20:05:36.115  1921  1996 W BroadcastQueue: Exported Denial: sending Intent { act=android.intent.action.USER_PRESENT flg=0x24280010 }, action: android.intent.action.USER_PRESENT from com.android.systemui (uid=10109) due to receiver ProcessRecord{f83d71b 4551:com.glance.internet/u0a145} (uid 10145) not specifying RECEIVER_EXPORTED
07-26 20:05:36.124  1921  2827 V OplusZoomWindowManagerService: onAnimationFinished:  r = ActivityRecord{a5ff9ac u0 com.coloros.phonemanager/com.oplus.phonemanager.securitycheck.SecurityCheckActivity} t9908}
07-26 20:05:36.125  1921  2827 I OplusAppSwitchManagerService:  handleAppVisible , r = ActivityRecord{a5ff9ac u0 com.coloros.phonemanager/com.oplus.phonemanager.securitycheck.SecurityCheckActivity} t9908}
07-26 20:05:36.158  1921  1944 V WindowManager: Relayout Window{50d10c5 u0 NotificationShade}: viewVisibility=0, oldvis=0, req=1080x2400
07-26 20:05:36.161  1921  1944 V WindowManager: Changing focus from Window{50d10c5 u0 NotificationShade} to null,diplayid=0
07-26 20:05:36.164  1921  3567 V WindowManager: Relayout Window{88d121e u0 OnScreenFingerprintDimLayer}: viewVisibility=8, oldvis=0, req=1080x2400
07-26 20:05:36.165  1921  3567 I WindowManager: Window{88d121e u0 OnScreenFingerprintDimLayer} state from HAS_DRAWN to NO_SURFACE; reason: destroySurface
07-26 20:05:36.187  1921  1944 W PackageManager: package unknown uid 10475 pid 19062 call SetEnabledSetting(com.instagram.android component = com.instagram.push.FbnsInitBroadcastReceiver, 1, 0)
07-26 20:05:36.188  1921  2363 D Biometrics/Fingerprint21/Fingerprint21ServiceProviderExtImpl: dispatchTouchUp
07-26 20:05:36.188  1921  2363 D Biometrics/Fingerprint21/UdfpsHelperExtImpl: preShowUdfpsOverlay sensor:0 reason:9
07-26 20:05:36.188  1921  2363 D Biometrics/Fingerprint21/Fingerprint21ServiceProviderExtImpl: [handleOnPointerUp] dispatch to Auth
07-26 20:05:36.189  1921  2363 V Biometrics/AcquisitionClient: Acquired: 0 0, shouldSend: true
07-26 20:05:36.195  1921  2363 D PowerManagerService: userActivityNoUpdateLocked: groupId=0, eventTime=101002238, event=2, flags=0x0, uid=1000
07-26 20:05:36.197  1921  2362 D PowerManagerService: userActivityNoUpdateLocked: groupId=0, eventTime=101002247, event=2, flags=0x0, uid=1000
07-26 20:05:36.198  1921  4432 V WindowManager: Relayout Window{cb3e1e6 u0 OnScreenFingerprintPressedIcon}: viewVisibility=8, oldvis=0, req=194x194
07-26 20:05:36.199  1921  4432 I WindowManager: Window{cb3e1e6 u0 OnScreenFingerprintPressedIcon} state from HAS_DRAWN to NO_SURFACE; reason: destroySurface
07-26 20:05:36.199  1921  2363 V BiometricLogger: Authentication latency: -1
07-26 20:05:36.199  1921  2363 W BiometricFrameworkStatsLogger: found a negative latency : -1
07-26 20:05:36.199  1921  2363 V Biometrics/AuthenticationClient: onAuthenticated(true), ID:1392397074, Owner: com.android.systemui, isBP: false, listener: com.android.server.biometrics.sensors.ClientMonitorCallbackConverter@ecc8fa3, requireConfirmation: false, user: 0, clientMonitor: {[1269] com.android.server.biometrics.sensors.fingerprint.hidl.FingerprintAuthenticationClient, proto=3, owner=com.android.systemui, cookie=0, requestId=346, userId=0}
07-26 20:05:36.199  1921  2363 W Biometrics/AuthenticationClient: Allowing background authentication, this is allowed only for platform or test invocations
07-26 20:05:36.199  1921  2363 D BaseClientMonitor: marking operation as done: {[1269] com.android.server.biometrics.sensors.fingerprint.hidl.FingerprintAuthenticationClient, proto=3, owner=com.android.systemui, cookie=0, requestId=346, userId=0}
07-26 20:05:36.199  1921  2363 D BiometricService: resetLockout from: 0, for: 4, userId: 0
07-26 20:05:36.203  1921  2363 D Biometrics/AuthenticationClient: addAuthToken: 0
07-26 20:05:36.203  1921  2363 D BiometricStateCallback: Client finished, state updated to 0, client {[1269] com.android.server.biometrics.sensors.fingerprint.hidl.FingerprintAuthenticationClient, proto=3, owner=com.android.systemui, cookie=0, requestId=346, userId=0}
07-26 20:05:36.203  1921  2363 D BiometricSchedulerOperation: [Finished / destroy]: {[1269] com.android.server.biometrics.sensors.fingerprint.hidl.FingerprintAuthenticationClient, proto=3, owner=com.android.systemui, cookie=0, requestId=346, userId=0}
07-26 20:05:36.209  1921  2363 D Biometrics/Fingerprint21/UdfpsHelperExtImpl: preHideUdfpsOverlay sensor:0
07-26 20:05:36.209  1921  2363 D BiometricScheduler/Fingerprint21: [Added] {[1271] com.android.server.biometrics.sensors.fingerprint.hidl.FingerprintResetLockoutClient, proto=12, owner=android, cookie=0, requestId=-1, userId=0}, new queue size: 1
07-26 20:05:36.209  1921  2363 V BiometricScheduler/Fingerprint21: Not idle, current operation: {[1269] com.android.server.biometrics.sensors.fingerprint.hidl.FingerprintAuthenticationClient, proto=3, owner=com.android.systemui, cookie=0, requestId=346, userId=0}, State: 5
07-26 20:05:36.209  1921  2363 D Fingerprint21: handleError, client: FingerprintAuthenticationClient, error: 5, vendorCode: 0
07-26 20:05:36.210  1921  2363 D Biometrics/AcquisitionClient: onErrorInternal code: 5, finish: true
07-26 20:05:36.210  1921  2363 V BiometricLogger: Error latency: -1
07-26 20:05:36.210  1921  2363 W BiometricFrameworkStatsLogger: found a negative latency : -1
07-26 20:05:36.211  1921  2363 D BiometricStateCallback: Client finished, state updated to 0, client {[1269] com.android.server.biometrics.sensors.fingerprint.hidl.FingerprintAuthenticationClient, proto=3, owner=com.android.systemui, cookie=0, requestId=346, userId=0}
07-26 20:05:36.211  1921  2363 D BiometricSchedulerOperation: [Finished / destroy]: {[1269] com.android.server.biometrics.sensors.fingerprint.hidl.FingerprintAuthenticationClient, proto=3, owner=com.android.systemui, cookie=0, requestId=346, userId=0}
07-26 20:05:36.211  1921  2363 V BiometricCoexCoordinator: no haptic shouldUsuallyVibrate: false, hapticSuppressedByCoex: false
07-26 20:05:36.211  1921  2363 D Biometrics/Fingerprint21/UdfpsHelperExtImpl: preHideUdfpsOverlay sensor:0
07-26 20:05:36.212  1921  2363 D UaBiometricScheduler/FaceProvider/default/4: [Added] {[1272] com.android.server.biometrics.sensors.face.aidl.FaceResetLockoutClient, proto=12, owner=android, cookie=0, requestId=-1, userId=0}, new queue size: 1
07-26 20:05:36.212  1921  2363 D UaBiometricScheduler/FaceProvider/default/4: [Polled] {[1272] com.android.server.biometrics.sensors.face.aidl.FaceResetLockoutClient, proto=12, owner=android, cookie=0, requestId=-1, userId=0}, State: 0
07-26 20:05:36.212  1921  2363 D UaBiometricScheduler/FaceProvider/default/4: [Started] {[1272] com.android.server.biometrics.sensors.face.aidl.FaceResetLockoutClient, proto=12, owner=android, cookie=0, requestId=-1, userId=0}
07-26 20:05:36.216  1921  2363 V BiometricSchedulerOperation: started: {[1272] com.android.server.biometrics.sensors.face.aidl.FaceResetLockoutClient, proto=12, owner=android, cookie=0, requestId=-1, userId=0}, State: 2
07-26 20:05:36.216  1921  2363 D BiometricScheduler/Fingerprint21: [Finishing] {[1269] com.android.server.biometrics.sensors.fingerprint.hidl.FingerprintAuthenticationClient, proto=3, owner=com.android.systemui, cookie=0, requestId=346, userId=0}, success: true
07-26 20:05:36.217  1921  2363 D BiometricCoexCoordinator: removeAuthenticationClient(Udfps), client: {[1269] com.android.server.biometrics.sensors.fingerprint.hidl.FingerprintAuthenticationClient, proto=3, owner=com.android.systemui, cookie=0, requestId=346, userId=0}
07-26 20:05:36.217  1921  2363 D GestureAvailabilityTracker: Notifying gesture availability, active=true
07-26 20:05:36.217  1921  2363 D BiometricScheduler/Fingerprint21: [Polled] {[1271] com.android.server.biometrics.sensors.fingerprint.hidl.FingerprintResetLockoutClient, proto=12, owner=android, cookie=0, requestId=-1, userId=0}, State: 0
07-26 20:05:36.217  1921  2363 D BiometricScheduler/Fingerprint21: [Started] {[1271] com.android.server.biometrics.sensors.fingerprint.hidl.FingerprintResetLockoutClient, proto=12, owner=android, cookie=0, requestId=-1, userId=0}
07-26 20:05:36.218  1921  2363 D BiometricSchedulerOperation: [Finished / destroy]: {[1271] com.android.server.biometrics.sensors.fingerprint.hidl.FingerprintResetLockoutClient, proto=12, owner=android, cookie=0, requestId=-1, userId=0}
07-26 20:05:36.218  1921  2363 V BiometricSchedulerOperation: started: {[1271] com.android.server.biometrics.sensors.fingerprint.hidl.FingerprintResetLockoutClient, proto=12, owner=android, cookie=0, requestId=-1, userId=0}, State: 5
07-26 20:05:36.218  1921  2363 E BiometricScheduler/Fingerprint21: [Ignoring Finish] {[1269] com.android.server.biometrics.sensors.fingerprint.hidl.FingerprintAuthenticationClient, proto=3, owner=com.android.systemui, cookie=0, requestId=346, userId=0} does not match current: {[1271] com.android.server.biometrics.sensors.fingerprint.hidl.FingerprintResetLockoutClient, proto=12, owner=android, cookie=0, requestId=-1, userId=0}, State: 5
07-26 20:05:36.218  1921  2363 D FaceProvider/default/4: onLockoutCleared after resetLockout
07-26 20:05:36.218  1921  2363 D LockoutCache: Lockout for user: 0 is 0
07-26 20:05:36.221  1921  2702 E OplusCustomizeRestrictionManagerService: getUnlockByFingerprintPolicies fail, return default value.
07-26 20:05:36.236  1921  1996 W BroadcastQueue: Background execution not allowed: receiving Intent { act=android.intent.action.USER_PRESENT flg=0x24280010 } to com.android.chrome/org.chromium.chrome.browser.sharing.click_to_call.ClickToCallMessageHandler$PhoneUnlockedReceiver
