07-26 20:08:05.584  1921  2363 D BiometricScheduler/Fingerprint21: No operations, returning to idle
07-26 20:08:05.585  1921  2363 D UaBiometricScheduler/FaceProvider/default/4: [Finishing] {[1278] com.android.server.biometrics.sensors.face.aidl.FaceResetLockoutClient, proto=12, owner=android, cookie=0, requestId=-1, userId=0}, success: true
07-26 20:08:05.585  1921  2363 D UaBiometricScheduler/FaceProvider/default/4: No operations, returning to idle
07-26 20:08:05.585  1921  4575 D TaskFragmentExtImpl: addColorModeOnResume resume=true pkg = org.fdroid.fdroid
07-26 20:08:05.589  1921  4575 W ActivityTaskManager: App already has a visible window, why would you want a starting window?
07-26 20:08:05.591  1921  4575 D WindowManager: BarWindow--setVisible: id=2, oldState=2, state=0
07-26 20:08:05.595  1921  2857 E OplusCustomizeRestrictionManagerService: getUnlockByFingerprintPolicies fail, return default value.
07-26 20:08:05.595  1921  4575 E WindowManager: create RemoteAnimationController com.android.server.wm.RemoteAnimationController@e15a6e2
07-26 20:08:05.595  1921  4575 D OplusSplitScreenManagerService: isDragToSplitState mOplusSpiltScreenDnDUI is null, just return!
07-26 20:08:05.598   596   596 I vold    : [sensitive file debug]ae default_key_path :/data/misc/vold/user_keys/ae/0/default
07-26 20:08:05.598   596   596 E vold    : [sensitive file debug]ae default_key_path exist
07-26 20:08:05.598   596   596 I vold    : [sensitive file debug]fscrypt_create_and_install_sensitive_file_key create key,sensitiveType: 0,key.size()=32 success! 
07-26 20:08:05.599   596   596 I vold    : [sensitive file debug]fscrypt_export_sensitive_file_key start, user_id=0,sensitiveType=0,use_default=1
07-26 20:08:05.599   596   596 I vold    : [sensitive file debug]fscrypt_export_sensitive_file_key create key,sensitiveType: 0,key.size()=32
07-26 20:08:05.599  1921 10065 I StorageManagerService: exportSensitveFileKey: success, sensitiveType:0,size=32
07-26 20:08:05.599  1921 10065 D StorageManagerService: User 0's CE storage is already unlocked
07-26 20:08:05.599  1921 10065 V Biometrics/Fingerprint21/Fingerprint21ServiceProviderExtImpl: notify Vold end
07-26 20:08:05.603  1921  3875 E OplusCustomizeRestrictionManagerService: getMobileDataMode error :s == null
07-26 20:08:05.604  1921  4575 I TaskOrganizerController: onTaskInfoChanged taskid 9909 config { mBounds=Rect(0, 0 - 1080, 2400) mAppBounds=Rect(0, 110 - 1080, 2288) mMaxBounds=Rect(0, 0 - 1080, 2400) mDisplayRotation=ROTATION_0 mWindowingMode=fullscreen mDisplayWindowingMode=fullscreen mActivityType=standard mAlwaysOnTop=undefined mRotation=ROTATION_0}
07-26 20:08:05.607  2599  2599 I Quality : 13003201:  Fingerprint 39
07-26 20:08:05.610  1921  3875 E OplusCustomizeRestrictionManagerService: getMobileDataMode error :s == null
07-26 20:08:05.611  1921  1943 I ActivityTaskManager: START u0 {act=android.content.pm.action.REQUEST_PERMISSIONS pkg=com.google.android.permissioncontroller cmp=com.google.android.permissioncontroller/com.android.permissioncontroller.permission.ui.GrantPermissionsActivity (has extras) mCallingUid=10474} from uid 10474
07-26 20:08:05.612  1921  2286 V OplusNPMS: getWarningNotification numWarningNotificaion10
07-26 20:08:05.612  1921  2286 V OplusNPMS: getWarningNotification numWarningNotificaion10
07-26 20:08:05.612  1921  2286 V OplusNPMS: getLimitNotificationState subID=2
07-26 20:08:05.612  1921  2286 V OplusNPMS: getLimitNotificationState mSubidToIccId != null
07-26 20:08:05.614  1921  1943 D OplusZoomWindowRUSConfigManager: isSupportZoomModeWithPolicyLocked: target = com.google.android.permissioncontroller/com.android.permissioncontroller.permission.ui.GrantPermissionsActivity
07-26 20:08:05.614  1921  1943 D OplusZoomWindowRUSConfigManager: targetPkg = com.google.android.permissioncontroller
07-26 20:08:05.614  1921  1943 V OplusZoomWindowManagerService: unSupportZoom: false ,callingPid: 9325 ,sourceStack: Task{34d93ed #9909 type=standard A=10474:org.fdroid.fdroid U=0 visible=true visibleRequested=true mode=fullscreen translucent=false sz=1}
07-26 20:08:05.617  1921  1943 D TaskFragmentExtImpl: add ActivityRecord{9e4eacf u0 com.google.android.permissioncontroller/com.android.permissioncontroller.permission.ui.GrantPermissionsActivity} t9909} to mActivityRecordSum = Counter{ com.google.android.permissioncontroller/com.android.permissioncontroller.permission.ui.GrantPermissionsActivity(1) org.fdroid.fdroid/.views.main.MainActivity(1) }
07-26 20:08:05.618  1921  1943 D ActivityTaskManager: getStartingWindowType: newTask=false, taskSwitch=false, processRunning=true, allowTaskSnapshot=true, activityCreated=false, snapshot=TaskSnapshot{ mId=1753540565878 mTopActivityComponent=org.fdroid.fdroid/.views.main.MainActivity mSnapshot=android.hardware.HardwareBuffer@1ef64eb (1080x2400) mColorSpace=sRGB IEC61966-2.1 (id=0, model=RGB) mOrientation=1 mRotation=0 mTaskSize=Point(1080, 2400) mContentInsets=[0,110][0,112] mLetterboxInsets=[0,0][0,0] mIsLowResolution=false mIsRealSnapshot=true mWindowingMode=1 mAppearance=0 mIsTranslucent=false mHasImeSurface=false, record:ActivityRecord{9e4eacf u0 com.google.android.permissioncontroller/com.android.permissioncontroller.permission.ui.GrantPermissionsActivity} t9909}
07-26 20:08:05.619  1921  1943 D ActivityRecordExtImpl: handleStartingWindowForCompactWindow origin type:0, adjustType : 0
07-26 20:08:05.619  1921  1943 D OplusZoomWindowRUSConfigManager: isSupportZoomModeWithPolicyLocked: target = com.google.android.permissioncontroller/com.android.permissioncontroller.permission.ui.GrantPermissionsActivity
07-26 20:08:05.619  1921  1943 D OplusZoomWindowRUSConfigManager: targetPkg = com.google.android.permissioncontroller
07-26 20:08:05.619  1921  1943 V OplusZoomWindowManagerService: unSupportZoom: false ,callingPid: 9325 ,sourceStack: Task{34d93ed #9909 type=standard A=10474:org.fdroid.fdroid U=0 visible=true visibleRequested=true mode=fullscreen translucent=false sz=2}
07-26 20:08:05.620  1921  2188 I StatusBarManagerService: disableLocked, what:0, pkg:com.android.systemui userId: 0 token:android.os.BinderProxy@8ec6c8 net1:0 net2:0
07-26 20:08:05.625  1921  2188 E OplusCustomizeRestrictionManagerService: getMobileDataMode error :s == null
07-26 20:08:05.628  9325  9325 I Quality : Skipped: false 0 cost 1.271 refreshRate 16537441 bit true processName org.fdroid.fdroid
07-26 20:08:05.630  1921  4705 D OplusFullScreenDisplayManager: adjustWindowParamsLw org.fdroid.fdroid, no change cutoutMode: 0
07-26 20:08:05.630  1921  4705 V WindowManager: Relayout Window{eff5678 u0 org.fdroid.fdroid/org.fdroid.fdroid.views.main.MainActivity}: viewVisibility=0, oldvis=8, req=1080x2400
07-26 20:08:05.635  1921  1943 E OplusCustomizeRestrictionManagerService: getMobileDataMode error :s == null
07-26 20:08:05.638  1921  1976 I VRR [OPlusRefreshRateManager]: hasADFRFeature return false
07-26 20:08:05.638  1921  1976 I DisplayManagerService: Comparing display specs: baseModeId=1 allowGroupSwitching=false primaryRefreshRateRange=[0 60] appRequestRefreshRateRange=[0 60] vrrPolicy=POLICY_DEFAULT, existing: baseModeId=1 allowGroupSwitching=false primaryRefreshRateRange=[0 60] appRequestRefreshRateRange=[0 60] vrrPolicy=POLICY_DEFAULT
07-26 20:08:05.642  1921  1921 I AccessibilityManagerService: installed services not changed, just return
07-26 20:08:05.644  1921  2349 D OplusFeatureColorMode: +updateUserPresent
07-26 20:08:05.646  1921  1996 W BroadcastQueue: Exported Denial: sending Intent { act=android.intent.action.USER_PRESENT flg=0x24280010 }, action: android.intent.action.USER_PRESENT from com.android.systemui (uid=10109) due to receiver ProcessRecord{f83d71b 4551:com.glance.internet/u0a145} (uid 10145) not specifying RECEIVER_EXPORTED
07-26 20:08:05.646  1921  1996 W BroadcastQueue: Exported Denial: sending Intent { act=android.intent.action.USER_PRESENT flg=0x24280010 }, action: android.intent.action.USER_PRESENT from com.android.systemui (uid=10109) due to receiver ProcessRecord{f83d71b 4551:com.glance.internet/u0a145} (uid 10145) not specifying RECEIVER_EXPORTED
07-26 20:08:05.647  1921  4440 I OplusAccessController: enter isIgnoreAppSwitchActivity
07-26 20:08:05.647  1921  4440 I OplusAccessController: enter isIgnoreAppSwitchActivity and intent != null
07-26 20:08:05.647  1921  4440 I OplusAccessController: enter isIgnoreAppSwitchActivity and componentName != null
07-26 20:08:05.647  1921  4440 I OplusAccessController: enter isIgnoreAppSwitchActivity and packageName&activity is not Empty
07-26 20:08:05.648  1921  4440 W ActivityTaskManager: Tried to set launchTime (0) < mLastActivityLaunchTime (101008799)
07-26 20:08:05.649  1921  1921 D OplusPowerMonitor: Receive broadcast android.intent.action.USER_PRESENT
07-26 20:08:05.650  1921  4440 I TaskOrganizerController: onTaskInfoChanged taskid 9909 config { mBounds=Rect(0, 0 - 1080, 2400) mAppBounds=Rect(0, 110 - 1080, 2288) mMaxBounds=Rect(0, 0 - 1080, 2400) mDisplayRotation=ROTATION_0 mWindowingMode=fullscreen mDisplayWindowingMode=fullscreen mActivityType=standard mAlwaysOnTop=undefined mRotation=ROTATION_0}
07-26 20:08:05.650  1921  4440 D OplusDexOptimizeManager: Do not in AppLaunchOptList!
07-26 20:08:05.654  1921  4440 I OplusJoystickManager: handleApplicationSwitch deprecated!
07-26 20:08:05.655  1921  3144 D OplusAppSwitchListener: Detect org.fdroid.fdroid switch to background
07-26 20:08:05.661  1921  3144 D OplusEapManager: mTargetExitName :org.fdroid.fdroid
07-26 20:08:05.661  1921  4440 D WindowManager: getNavControlTarget skip focus on NotificationShade for going away, appWin==null
07-26 20:08:05.661  1921  2827 W PackageManager: package unknown uid 10475 pid 19062 call SetEnabledSetting(com.instagram.android component = com.instagram.push.FbnsInitBroadcastReceiver, 1, 0)
07-26 20:08:05.662  1921  1996 W BroadcastQueue: Background execution not allowed: receiving Intent { act=android.intent.action.USER_PRESENT flg=0x24280010 } to com.android.chrome/org.chromium.chrome.browser.sharing.click_to_call.ClickToCallMessageHandler$PhoneUnlockedReceiver
07-26 20:08:05.662  1921  1996 W BroadcastQueue: Background execution not allowed: receiving Intent { act=android.intent.action.USER_PRESENT flg=0x24280010 } to com.facebook.services/com.facebook.oxygen.services.fbns.RegisteredMqttSystemBroadcastReceiver
07-26 20:08:05.662  1921  1996 W BroadcastQueue: Background execution not allowed: receiving Intent { act=android.intent.action.USER_PRESENT flg=0x24280010 } to com.google.android.gms/.auth.setup.devicesignals.LockScreenReceiver
07-26 20:08:05.662  1921  1996 W BroadcastQueue: Background execution not allowed: receiving Intent { act=android.intent.action.USER_PRESENT flg=0x24280010 } to com.google.android.gms/.chimera.GmsIntentOperationService$PersistentTrustedReceiver
07-26 20:08:05.663  1921  1996 W BroadcastQueue: Permission Denial: broadcasting Intent { act=android.intent.action.USER_PRESENT flg=0x24280010 } from com.android.systemui (pid=2599, uid=10109) to com.oplus.themestore/com.gamify.space.common.receiver.PresentReceiver is not exported from uid 10184
07-26 20:08:05.663  1921  1996 W BroadcastQueue: Background execution not allowed: receiving Intent { act=android.intent.action.USER_PRESENT flg=0x24280010 } to com.instagram.android/com.instagram.push.FbnsInitBroadcastReceiver
07-26 20:08:05.663  1921  3144 D VRR [OPlusFrontAppManager]: OnAppSwitchObserver: onAppExit , info.targetName = org.fdroid.fdroid
07-26 20:08:05.663  1921  3144 D VRR [OPlusFrontAppManager]: packageName: null
07-26 20:08:05.663  1921  2107 D VRR [OPlusRefreshRateService]: handleFrontAppChange pkgName: null
07-26 20:08:05.663  1921  2107 D VRR [OPlusExternalRefreshRateManager]: setFrontPackageName pkgName: null CurPkgName: org.fdroid.fdroid
07-26 20:08:05.664  1921  3144 D OplusAppSwitchListener: Detect com.google.android.permissioncontroller switch to foreground
07-26 20:08:05.664  1921  3144 D OplusEapManager: mTargetEnterName :com.google.android.permissioncontroller
07-26 20:08:05.664  1921  3144 D VRR [OPlusFrontAppManager]: OnAppSwitchObserver: onAppEnter , info.targetName = com.google.android.permissioncontroller
07-26 20:08:05.664  1921  3144 D VRR [OPlusFrontAppManager]: packageName: com.google.android.permissioncontroller
07-26 20:08:05.664  1921  2107 D VRR [OPlusRefreshRateService]: handleFrontAppChange pkgName: com.google.android.permissioncontroller
07-26 20:08:05.664  1921  2107 D VRR [OPlusExternalRefreshRateManager]: setFrontPackageName pkgName: com.google.android.permissioncontroller CurPkgName: null
07-26 20:08:05.664  1921  4440 D WindowManager: getNavControlTarget skip focus on NotificationShade for going away, appWin==null
07-26 20:08:05.667  1921  2188 D DeviceStateProviderImpl: keyguard show or sleep: false mLastReportedState 0
07-26 20:08:05.668  1921  4593 D OplusUserManagerServiceEnhance: getMultiSystemUserId  res = -10000
07-26 20:08:05.672  1921  4440 V OplusZoomWindowManagerService: onAnimationFinished:  r = ActivityRecord{363eedd u0 org.fdroid.fdroid/.views.main.MainActivity} t9909}
07-26 20:08:05.673  1921  4440 I OplusAppSwitchManagerService:  handleAppVisible , r = ActivityRecord{363eedd u0 org.fdroid.fdroid/.views.main.MainActivity} t9909}
07-26 20:08:05.683  1921  1943 V WindowManager: Relayout Window{50d10c5 u0 NotificationShade}: viewVisibility=0, oldvis=0, req=1080x2400
07-26 20:08:05.689  1921  1977 I TaskOrganizerController: onTaskInfoChanged taskid 9909 config { mBounds=Rect(0, 0 - 1080, 2400) mAppBounds=Rect(0, 110 - 1080, 2288) mMaxBounds=Rect(0, 0 - 1080, 2400) mDisplayRotation=ROTATION_0 mWindowingMode=fullscreen mDisplayWindowingMode=fullscreen mActivityType=standard mAlwaysOnTop=undefined mRotation=ROTATION_0}
07-26 20:08:05.697  1921  1976 D OplusKeepAliveManager: TOP_APP is ProcessRecord{1cf29bc 8020:com.google.android.permissioncontroller/u0a235} uid is 10235
07-26 20:08:05.705  1921  1943 V WindowManager: Relayout Window{88d121e u0 OnScreenFingerprintDimLayer}: viewVisibility=8, oldvis=0, req=1080x2400
07-26 20:08:05.705  1921  1943 I WindowManager: Window{88d121e u0 OnScreenFingerprintDimLayer} state from HAS_DRAWN to NO_SURFACE; reason: destroySurface
07-26 20:08:05.714  1921  1976 V UsbDeviceManager: onKeyguardStateChanged: isShowing:false secure:true user:0
07-26 20:08:05.717  1921  4349 V WindowManager: Relayout Window{cb3e1e6 u0 OnScreenFingerprintPressedIcon}: viewVisibility=8, oldvis=0, req=194x194
07-26 20:08:05.718  1921  4349 I WindowManager: Window{cb3e1e6 u0 OnScreenFingerprintPressedIcon} state from HAS_DRAWN to NO_SURFACE; reason: destroySurface
07-26 20:08:05.728  1921  4705 D OplusUserManagerServiceEnhance: getMultiSystemUserId  res = -10000
07-26 20:08:05.729  1921  2857 D OplusUserManagerServiceEnhance: getMultiSystemUserId  res = -10000
07-26 20:08:05.730  1921  4705 D OplusUserManagerServiceEnhance: getMultiSystemUserId  res = -10000
07-26 20:08:05.762  1921  2848 D OplusFullScreenDisplayManager: adjustWindowParamsLw com.google.android.permissioncontroller, no change cutoutMode: 0
07-26 20:08:05.764  1921  2848 I WindowManager: addWindow: New client android.os.BinderProxy@8ad956d : window=Window{4be05a2 u0 com.google.android.permissioncontroller/com.android.permissioncontroller.permission.ui.GrantPermissionsActivity}
07-26 20:08:05.766  1921  4432 D CoreBackPreview: Window{4be05a2 u0 com.google.android.permissioncontroller/com.android.permissioncontroller.permission.ui.GrantPermissionsActivity}: Setting back callback OnBackInvokedCallbackInfo{mCallback=android.window.IOnBackInvokedCallback$Stub$Proxy@9b3d9f0, mPriority=0}
07-26 20:08:05.766  1921  2848 D OplusBatteryServiceFeature: setSmartCoolDown: coolDown = 0, normalCoolDown = 0, pkgName = com.google.android.permissioncontroller
07-26 20:08:05.788  1921  4705 W PackageManager: package unknown uid 10127 pid 22390 call SetEnabledSetting(com.google.android.gms component = com.google.android.gms.nearby.mediums.nearfieldcommunication.NfcAdvertisingService, 1, 0)
07-26 20:08:05.795  1921  4440 D OplusFullScreenDisplayManager: adjustWindowParamsLw com.google.android.permissioncontroller, no change cutoutMode: 0
07-26 20:08:05.795  1921  4440 V WindowManager: Relayout Window{4be05a2 u0 com.google.android.permissioncontroller/com.android.permissioncontroller.permission.ui.GrantPermissionsActivity}: viewVisibility=0, oldvis=4, req=1024x0
07-26 20:08:05.795  1921  4440 I WindowManager: Window{4be05a2 u0 com.google.android.permissioncontroller/com.android.permissioncontroller.permission.ui.GrantPermissionsActivity} state from NO_SURFACE to DRAW_PENDING; reason: resetDrawState
07-26 20:08:05.803  1921  4705 V WindowManager: Relayout Window{50d10c5 u0 NotificationShade}: viewVisibility=0, oldvis=0, req=1080x2400
07-26 20:08:05.805  8020  8020 V ZoomWindowDecorView: setLastReportedMergedConfiguration mZoomDisplayHeight: 2400 getDecorView.267446858
07-26 20:08:05.807  1921  4705 V WindowManager: Changing focus from Window{50d10c5 u0 NotificationShade} to Window{4be05a2 u0 com.google.android.permissioncontroller/com.android.permissioncontroller.permission.ui.GrantPermissionsActivity},diplayid=0
07-26 20:08:05.827  8020  8020 I Quality : Skipped: false 1 cost 23.555311 refreshRate 16572475 bit true processName com.google.android.permissioncontroller
07-26 20:08:05.827  1921  4349 I WindowManager: Window{4be05a2 u0 com.google.android.permissioncontroller/com.android.permissioncontroller.permission.ui.GrantPermissionsActivity} state from DRAW_PENDING to COMMIT_DRAW_PENDING; reason: finishDrawingLocked
07-26 20:08:05.831  1921  1977 I WindowManager: Window{4be05a2 u0 com.google.android.permissioncontroller/com.android.permissioncontroller.permission.ui.GrantPermissionsActivity} state from COMMIT_DRAW_PENDING to READY_TO_SHOW; reason: commitFinishDrawingLocked
07-26 20:08:05.834  1921  1977 V OplusZoomWindowManagerService: onAnimationFinished:  r = ActivityRecord{9e4eacf u0 com.google.android.permissioncontroller/com.android.permissioncontroller.permission.ui.GrantPermissionsActivity} t9909}
07-26 20:08:05.834  1921  1977 I OplusAppSwitchManagerService:  handleAppVisible , r = ActivityRecord{9e4eacf u0 com.google.android.permissioncontroller/com.android.permissioncontroller.permission.ui.GrantPermissionsActivity} t9909}
07-26 20:08:05.835  1921  1977 I OplusAppSwitchManagerService:  handleAppVisible , r = ActivityRecord{9e4eacf u0 com.google.android.permissioncontroller/com.android.permissioncontroller.permission.ui.GrantPermissionsActivity} t9909}
07-26 20:08:05.835  1921  5111 E OplusCustomizeRestrictionManagerService: getUnlockByFingerprintPolicies fail, return default value.
07-26 20:08:05.835  1921  1977 I WindowManager: Window{4be05a2 u0 com.google.android.permissioncontroller/com.android.permissioncontroller.permission.ui.GrantPermissionsActivity} state from READY_TO_SHOW to HAS_DRAWN; reason: performShowLocked
07-26 20:08:05.836  1921  1977 I Quality : LaunchTime2.0: com.google.android.permissioncontroller/com.android.permissioncontroller.permission.ui.GrantPermissionsActivity 2 211
07-26 20:08:05.846  1921  4349 D ActivityRecordExtImpl: skipPrepareAppTransitionForZoom false
07-26 20:08:05.855  1921  5111 I OplusAccessController: enter isIgnoreAppSwitchActivity
07-26 20:08:05.855  1921  5111 I OplusAccessController: enter isIgnoreAppSwitchActivity and intent != null
07-26 20:08:05.855  1921  5111 I OplusAccessController: enter isIgnoreAppSwitchActivity and componentName != null
07-26 20:08:05.855  1921  5111 I OplusAccessController: enter isIgnoreAppSwitchActivity and packageName&activity is not Empty
07-26 20:08:05.858  1921  5111 I OplusJoystickManager: handleApplicationSwitch deprecated!
07-26 20:08:05.859  1921  3144 D OplusAppSwitchListener: Detect com.google.android.permissioncontroller switch to background
07-26 20:08:05.859  1921  3144 D OplusEapManager: mTargetExitName :com.google.android.permissioncontroller
07-26 20:08:05.859  1921  3144 D VRR [OPlusFrontAppManager]: OnAppSwitchObserver: onAppExit , info.targetName = com.google.android.permissioncontroller
07-26 20:08:05.859  1921  3144 D VRR [OPlusFrontAppManager]: packageName: null
07-26 20:08:05.860  1921  5111 V WindowManager: Changing focus from Window{4be05a2 u0 com.google.android.permissioncontroller/com.android.permissioncontroller.permission.ui.GrantPermissionsActivity} to Window{eff5678 u0 org.fdroid.fdroid/org.fdroid.fdroid.views.main.MainActivity},diplayid=0
07-26 20:08:05.862  1921  2107 D VRR [OPlusRefreshRateService]: handleFrontAppChange pkgName: null
07-26 20:08:05.862  1921  2107 D VRR [OPlusExternalRefreshRateManager]: setFrontPackageName pkgName: null CurPkgName: com.google.android.permissioncontroller
07-26 20:08:05.862  1921  3144 D OplusAppSwitchListener: Detect org.fdroid.fdroid switch to foreground
07-26 20:08:05.862  1921  3144 D OplusEapManager: mTargetEnterName :org.fdroid.fdroid
07-26 20:08:05.863  1921  3144 D VRR [OPlusFrontAppManager]: OnAppSwitchObserver: onAppEnter , info.targetName = org.fdroid.fdroid
07-26 20:08:05.863  1921  3144 D VRR [OPlusFrontAppManager]: packageName: org.fdroid.fdroid
07-26 20:08:05.865  1921  2107 D VRR [OPlusRefreshRateService]: handleFrontAppChange pkgName: org.fdroid.fdroid
07-26 20:08:05.865  1921  2107 D VRR [OPlusExternalRefreshRateManager]: setFrontPackageName pkgName: org.fdroid.fdroid CurPkgName: null
07-26 20:08:05.866  1921  5111 I TaskOrganizerController: onTaskInfoChanged taskid 9909 config { mBounds=Rect(0, 0 - 1080, 2400) mAppBounds=Rect(0, 110 - 1080, 2288) mMaxBounds=Rect(0, 0 - 1080, 2400) mDisplayRotation=ROTATION_0 mWindowingMode=fullscreen mDisplayWindowingMode=fullscreen mActivityType=standard mAlwaysOnTop=undefined mRotation=ROTATION_0}
07-26 20:08:05.866  1921  5111 D TaskFragmentExtImpl: addColorModeOnResume resume=true pkg = org.fdroid.fdroid
07-26 20:08:05.874  1921  5111 D OplusZoomWindowManagerService: adjustWindowCropForLeash start: appToken = ActivityRecord{9e4eacf u0 com.google.android.permissioncontroller/com.android.permissioncontroller.permission.ui.GrantPermissionsActivity} t9909 f}}
07-26 20:08:05.874  1921  1976 D OplusKeepAliveManager: TOP_APP is ProcessRecord{62aaa7f 9325:org.fdroid.fdroid/u0a474} uid is 10474
07-26 20:08:05.894  1921  4349 D InputMethodManagerService: isSecurity: attribute.packageName=org.fdroid.fdroid mCurMethodId=com.google.android.inputmethod.latin/com.android.inputmethod.latin.LatinIME
07-26 20:08:05.894  1921  4349 D InputMethodManagerService: isSecurity= false (  enable=false needShow=false inBlackList=false isExist=true )
07-26 20:08:05.896  1921  2827 V AutofillInlineSuggestionsRequestSession: onInputMethodStartInput() received on 0
07-26 20:08:05.909  1921  2827 D CoreBackPreview: Window{4be05a2 u0 com.google.android.permissioncontroller/com.android.permissioncontroller.permission.ui.GrantPermissionsActivity}: Setting back callback null
07-26 20:08:05.910  8020  8020 V ZoomWindowDecorView: removeZoomView
07-26 20:08:05.920  1921  4432 V WindowManager: Relayout Window{50d10c5 u0 NotificationShade}: viewVisibility=4, oldvis=0, req=1080x2400
07-26 20:08:05.920  1921  4432 I WindowManager: Window{50d10c5 u0 NotificationShade} state from HAS_DRAWN to NO_SURFACE; reason: destroySurface
07-26 20:08:05.989  1921  1977 V OplusZoomWindowManagerService: onAnimationFinished:  r = ActivityRecord{9e4eacf u0 com.google.android.permissioncontroller/com.android.permissioncontroller.permission.ui.GrantPermissionsActivity} t9909 f} isExiting}
07-26 20:08:06.008  1921  1977 I OplusAppSwitchManagerService:  handleAppVisible , r = ActivityRecord{363eedd u0 org.fdroid.fdroid/.views.main.MainActivity} t9909}
07-26 20:08:06.069  1921  1921 I OplusStatusBarManagerServiceEnhance:  getTopIsFullscreen mTopIsFullscreen: false
07-26 20:08:06.085  1921  4432 D OplusUserManagerServiceEnhance: getMultiSystemUserId  res = -10000
07-26 20:08:06.088  1921  1977 I WindowManager: Window{4be05a2 u0 com.google.android.permissioncontroller/com.android.permissioncontroller.permission.ui.GrantPermissionsActivity EXITING} state from HAS_DRAWN to NO_SURFACE; reason: destroySurface
07-26 20:08:06.105  1921  1977 D TaskFragmentExtImpl: remove ActivityRecord{9e4eacf u0 com.google.android.permissioncontroller/com.android.permissioncontroller.permission.ui.GrantPermissionsActivity} t-1 f}} to mActivityRecordSum = Counter{ org.fdroid.fdroid/.views.main.MainActivity(1) }
07-26 20:08:06.107  1921  1977 I TaskOrganizerController: onTaskInfoChanged taskid 9909 config { mBounds=Rect(0, 0 - 1080, 2400) mAppBounds=Rect(0, 110 - 1080, 2288) mMaxBounds=Rect(0, 0 - 1080, 2400) mDisplayRotation=ROTATION_0 mWindowingMode=fullscreen mDisplayWindowingMode=fullscreen mActivityType=standard mAlwaysOnTop=undefined mRotation=ROTATION_0}
07-26 20:08:06.519  1921  2255 D PowerManagerService: userActivityNoUpdateLocked: groupId=0, eventTime=101152567, event=2, flags=0x0, uid=1000
07-26 20:08:06.522  1921  4432 E OplusCustomizeRestrictionManagerService: isBackButtonDisabled start
07-26 20:08:06.522  1921  4432 I OplusJoystickManager: read game pad state for game manager -> false
07-26 20:08:06.522  1921  4432 W OplusJoystickManager: mInterceptGamepadKey is false
07-26 20:08:06.522  1921  2255 D PowerManagerService: userActivityNoUpdateLocked: groupId=0, eventTime=101152568, event=1, flags=0x0, uid=1000
07-26 20:08:06.605  1921  4432 I OplusJoystickManager: read game pad state for game manager -> false
07-26 20:08:06.605  1921  4432 W OplusJoystickManager: mInterceptGamepadKey is false
07-26 20:08:06.606  1921  1973 D AutofillManagerService: onBackKeyPressed()
07-26 20:08:06.606  1921  1973 V AutofillUI: hideSaveUiUiThread(): mSaveUi=null, callback=null, mCallback=null
07-26 20:08:06.608  1921  4432 I ActivityTaskManager: moveTaskToBack: Task{34d93ed #9909 type=standard A=10474:org.fdroid.fdroid U=0 visible=true visibleRequested=true mode=fullscreen translucent=false sz=1}
07-26 20:08:06.613  1921  4432 V OplusZoomWindowManagerService: prepareZoomTransition: curStack=Task{34d93ed #9909 type=standard A=10474:org.fdroid.fdroid U=0 visible=true visibleRequested=true mode=fullscreen translucent=false sz=1}   nextStackTask{34d93ed #9909 type=standard A=10474:org.fdroid.fdroid U=0 visible=true visibleRequested=true mode=fullscreen translucent=false sz=1}
07-26 20:08:06.616  1921  4432 I OplusAccessController: enter isIgnoreAppSwitchActivity
07-26 20:08:06.616  1921  4432 I OplusAccessController: enter isIgnoreAppSwitchActivity and intent != null
07-26 20:08:06.616  1921  4432 I OplusAccessController: enter isIgnoreAppSwitchActivity and componentName != null
07-26 20:08:06.616  1921  4432 I OplusAccessController: enter isIgnoreAppSwitchActivity and packageName&activity is not Empty
07-26 20:08:06.620  1921  1996 D OplusKeepAliveManager: TOP_APP is ProcessRecord{da9121d 2855:com.android.launcher/u0a108} uid is 10108
07-26 20:08:06.620  1921  4432 D ActivityTaskManager: onWindowFocusChanged Task{c660851 #6 type=home I=com.android.launcher/.Launcher U=0 rootTaskId=1 visible=true visibleRequested=true mode=fullscreen translucent=false sz=1} would transfer to compact
07-26 20:08:06.621  1921  4432 V WindowManager: Changing focus from Window{eff5678 u0 org.fdroid.fdroid/org.fdroid.fdroid.views.main.MainActivity} to null,diplayid=0
07-26 20:08:06.623  1921  5111 D UsageStatsService: User[0] type=0 b=1753540090094 e=1753540686619 cb=1753464465520 ce=1753540685926 disk=0 all=44
07-26 20:08:06.624  1921  4432 D TaskFragmentExtImpl: addColorModeOnResume resume=true pkg = com.android.launcher
07-26 20:08:06.626  1921  2857 I OplusJoystickManager: handleApplicationSwitch deprecated!
07-26 20:08:06.626  1921  3144 D OplusAppSwitchListener: Detect org.fdroid.fdroid switch to background
07-26 20:08:06.626  1921  3144 D OplusEapManager: mTargetExitName :org.fdroid.fdroid
07-26 20:08:06.626  1921  3144 D VRR [OPlusFrontAppManager]: OnAppSwitchObserver: onAppExit , info.targetName = org.fdroid.fdroid
07-26 20:08:06.626  1921  3144 D VRR [OPlusFrontAppManager]: packageName: null
07-26 20:08:06.626  1921  2107 D VRR [OPlusRefreshRateService]: handleFrontAppChange pkgName: null
07-26 20:08:06.627  1921  3144 D OplusAppSwitchListener: Detect com.android.launcher switch to foreground
07-26 20:08:06.627  1921  3144 D OplusEapManager: mTargetEnterName :com.android.launcher
07-26 20:08:06.627  1921  3144 D VRR [OPlusFrontAppManager]: OnAppSwitchObserver: onAppEnter , info.targetName = com.android.launcher
07-26 20:08:06.627  1921  3144 D VRR [OPlusFrontAppManager]: packageName: com.android.launcher
07-26 20:08:06.627  1921  2107 D VRR [OPlusExternalRefreshRateManager]: setFrontPackageName pkgName: null CurPkgName: org.fdroid.fdroid
07-26 20:08:06.627  1921  2107 D VRR [OPlusRefreshRateService]: handleFrontAppChange pkgName: com.android.launcher
07-26 20:08:06.627  1921  2107 D VRR [OPlusExternalRefreshRateManager]: setFrontPackageName pkgName: com.android.launcher CurPkgName: null
07-26 20:08:06.628  1921  1977 I TaskOrganizerController: onTaskInfoChanged taskid 9909 config { mBounds=Rect(0, 0 - 1080, 2400) mAppBounds=Rect(0, 110 - 1080, 2288) mMaxBounds=Rect(0, 0 - 1080, 2400) mDisplayRotation=ROTATION_0 mWindowingMode=fullscreen mDisplayWindowingMode=fullscreen mActivityType=standard mAlwaysOnTop=undefined mRotation=ROTATION_0}
07-26 20:08:06.633  1921  4349 V WindowManager: Relayout Window{c35994f u0 (1-1)-Window{c67a468 alpha=1.0 fl=}}: viewVisibility=0, oldvis=8, req=1080x2400
07-26 20:08:06.633  1921  4349 I WindowManager: Window{c35994f u0 (1-1)-Window{c67a468 alpha=1.0 fl=}} state from NO_SURFACE to DRAW_PENDING; reason: resetDrawState
07-26 20:08:06.645  1921  4349 D UsageStatsService: User[0] type=1 b=1753540090094 e=1753540686619 cb=1753464465520 ce=1753540685926 disk=0 all=155
07-26 20:08:06.645  1921  5111 V WindowManager: Relayout Window{37b6f29 u0 com.android.launcher/com.android.launcher.Launcher}: viewVisibility=0, oldvis=8, req=1080x2400
07-26 20:08:06.645  1921  5111 I WindowManager: Window{37b6f29 u0 com.android.launcher/com.android.launcher.Launcher} state from NO_SURFACE to DRAW_PENDING; reason: resetDrawState
07-26 20:08:06.650  1921  5111 V WindowManager: Changing focus from null to Window{37b6f29 u0 com.android.launcher/com.android.launcher.Launcher},diplayid=0
07-26 20:08:06.677  1921  4349 I WindowManager: Window{c35994f u0 (1-1)-Window{c67a468 alpha=1.0 fl=}} state from DRAW_PENDING to COMMIT_DRAW_PENDING; reason: finishDrawingLocked
07-26 20:08:06.678  1921  1977 I WindowManager: Window{c35994f u0 (1-1)-Window{c67a468 alpha=1.0 fl=}} state from COMMIT_DRAW_PENDING to READY_TO_SHOW; reason: commitFinishDrawingLocked
07-26 20:08:06.747  1921  2856 I WindowManager: Window{37b6f29 u0 com.android.launcher/com.android.launcher.Launcher} state from DRAW_PENDING to COMMIT_DRAW_PENDING; reason: finishDrawingLocked
07-26 20:08:06.750  1921  1977 I WindowManager: Window{37b6f29 u0 com.android.launcher/com.android.launcher.Launcher} state from COMMIT_DRAW_PENDING to READY_TO_SHOW; reason: commitFinishDrawingLocked
07-26 20:08:06.752  1921  1977 E WindowManager: create RemoteAnimationController com.android.server.wm.RemoteAnimationController@986d6f8
07-26 20:08:06.752  1921  1977 D OplusSplitScreenManagerService: isDragToSplitState mOplusSpiltScreenDnDUI is null, just return!
07-26 20:08:06.752  1921  1977 D OplusSplitScreenManagerService: isDragToSplitState mOplusSpiltScreenDnDUI is null, just return!
07-26 20:08:06.756  1921  1977 I WindowManager: Window{37b6f29 u0 com.android.launcher/com.android.launcher.Launcher} state from READY_TO_SHOW to HAS_DRAWN; reason: performShowLocked
07-26 20:08:06.757  1921  1977 I WindowManager: Window{c35994f u0 (1-1)-Window{c67a468 alpha=1.0 fl=}} state from READY_TO_SHOW to HAS_DRAWN; reason: performShowLocked
07-26 20:08:06.768  1921  1977 I WindowStateExtImpl: onSurfaceShowChange show = true mPackageName = com.android.launcher parentPkgName = com.android.launcher
07-26 20:08:06.769  1921  1977 I TaskOrganizerController: onTaskInfoChanged taskid 9909 config { mBounds=Rect(0, 0 - 1080, 2400) mAppBounds=Rect(0, 110 - 1080, 2288) mMaxBounds=Rect(0, 0 - 1080, 2400) mDisplayRotation=ROTATION_0 mWindowingMode=fullscreen mDisplayWindowingMode=fullscreen mActivityType=standard mAlwaysOnTop=undefined mRotation=ROTATION_0}
07-26 20:08:06.769  1921  1977 I TaskOrganizerController: onTaskInfoChanged taskid 1 config { mBounds=Rect(0, 0 - 1080, 2400) mAppBounds=Rect(0, 110 - 1080, 2288) mMaxBounds=Rect(0, 0 - 1080, 2400) mDisplayRotation=ROTATION_0 mWindowingMode=fullscreen mDisplayWindowingMode=fullscreen mActivityType=home mAlwaysOnTop=undefined mRotation=ROTATION_0}
07-26 20:08:06.771  1921  4349 V WindowManager: Relayout Window{37b6f29 u0 com.android.launcher/com.android.launcher.Launcher}: viewVisibility=0, oldvis=0, req=1080x2400
07-26 20:08:06.773  1921  2856 V WindowManager: Relayout Window{66423c3 u0 com.android.systemui.ImageWallpaper}: viewVisibility=0, oldvis=0, req=588x1308
07-26 20:08:06.774  1921  1976 D TaskChangeNotificationControllerExtImpl: Skip pass Snapshot to listener:android.app.ITaskStackListener$Stub$Proxy@38db80f
07-26 20:08:06.779  2855  2855 I Quality : Skipped: true 1 cost 17.523539 refreshRate 16545757 bit true processName com.android.launcher
07-26 20:08:06.791  1921  4349 D CompatibilityChangeReporter: Compat change id reported: 135634846; UID 10207; state: DISABLED
07-26 20:08:06.791  1921  4349 D CompatibilityChangeReporter: Compat change id reported: 177438394; UID 10207; state: DISABLED
07-26 20:08:06.791  1921  4349 D CompatibilityChangeReporter: Compat change id reported: 135772972; UID 10207; state: DISABLED
07-26 20:08:06.791  1921  4349 D CompatibilityChangeReporter: Compat change id reported: 135754954; UID 10207; state: ENABLED
07-26 20:08:06.792  1921  1991 D CompatibilityChangeReporter: Compat change id reported: 143937733; UID 10207; state: ENABLED
07-26 20:08:06.807  1921  1991 I ActivityManager: Start proc 10094:com.coloros.weather.service/u0a207 for service {com.coloros.weather.service/com.oplus.weather.external.WeatherCommonService}
07-26 20:08:06.826  1921  2856 D InputMethodManagerService: isSecurity: attribute.packageName=com.android.launcher mCurMethodId=com.google.android.inputmethod.latin/com.android.inputmethod.latin.LatinIME
07-26 20:08:06.827  1921  2856 D InputMethodManagerService: isSecurity= false (  enable=false needShow=false inBlackList=false isExist=true )
07-26 20:08:06.831  1921  2827 V AutofillInlineSuggestionsRequestSession: onInputMethodFinishInput() received
07-26 20:08:06.840  1921  2827 V AutofillInlineSuggestionsRequestSession: onInputMethodStartInput() received on 0
07-26 20:08:07.041  1921  3288 D CompatibilityChangeReporter: Compat change id reported: 319212206; UID 10207; state: DISABLED
07-26 20:08:07.044  1921  3288 D CompatibilityChangeReporter: Compat change id reported: 161145287; UID 10207; state: DISABLED
07-26 20:08:07.066  1921  1921 I OplusStatusBarManagerServiceEnhance:  getTopIsFullscreen mTopIsFullscreen: false
07-26 20:08:07.072  1921  2827 D OplusUserManagerServiceEnhance: getMultiSystemUserId  res = -10000
07-26 20:08:07.124  1921  3288 D CompatibilityChangeReporter: Compat change id reported: 168936375; UID 10207; state: ENABLED
07-26 20:08:07.132  1921  3288 D CompatibilityChangeReporter: Compat change id reported: 73144566; UID 10207; state: ENABLED
07-26 20:08:07.160  1921  3288 V OplusZoomWindowManagerService: onAnimationFinished:  r = ActivityRecord{363eedd u0 org.fdroid.fdroid/.views.main.MainActivity} t9909}
07-26 20:08:07.162  1921  3288 V OplusZoomWindowManagerService: onAnimationFinished:  r = ActivityRecord{ab6785c u0 com.android.launcher/.Launcher} t6}
07-26 20:08:07.162  1921  3288 I OplusAppSwitchManagerService:  handleAppVisible , r = ActivityRecord{ab6785c u0 com.android.launcher/.Launcher} t6}
07-26 20:08:07.180  1921  2827 V WindowManager: Relayout Window{eff5678 u0 org.fdroid.fdroid/org.fdroid.fdroid.views.main.MainActivity}: viewVisibility=8, oldvis=0, req=1080x2400
07-26 20:08:07.197  1921  2856 I WindowManager: Window{eff5678 u0 org.fdroid.fdroid/org.fdroid.fdroid.views.main.MainActivity} state from HAS_DRAWN to NO_SURFACE; reason: destroySurface
07-26 20:08:07.582  1921  1996 W BroadcastQueue: Background execution not allowed: receiving Intent { act=android.intent.action.DROPBOX_ENTRY_ADDED flg=0x10 (has extras) } to com.google.android.gms/.stats.service.DropBoxEntryAddedReceiver
07-26 20:08:07.627  1921  2067 D CameraDelegate: handleMessage MSG_MODE_RECOVERY_BRIGHTNESS
07-26 20:08:08.064  1921  1921 I OplusStatusBarManagerServiceEnhance:  getTopIsFullscreen mTopIsFullscreen: false
07-26 20:08:08.067  1921  2856 D OplusUserManagerServiceEnhance: getMultiSystemUserId  res = -10000
07-26 20:08:08.785  1921  1973 V WindowOrientationListener: onSensorChanged mDesiredRotation = 4
07-26 20:08:09.088  1921  1921 I OplusStatusBarManagerServiceEnhance:  getTopIsFullscreen mTopIsFullscreen: false
07-26 20:08:09.116  1921  3265 D OplusUserManagerServiceEnhance: getMultiSystemUserId  res = -10000
07-26 20:08:09.800  9325  9325 D ActivityThread: do gfx trim 40 success
07-26 20:08:09.805  1921  3265 E OplusCustomizePackageManagerService: getAdbInstallUninstallDisabled start
07-26 20:08:09.809  1921  3265 D OplusAccessControlManagerService: isEncryptedPackage: notepad.note.notas.notes.notizen is true
07-26 20:08:09.809  1921  3265 D OplusForbidUninstallAppManager: prevent uninstall protect apps:notepad.note.notas.notes.notizen,userId:0
07-26 20:08:09.817  1921  1996 D CompatibilityChangeReporter: Compat change id reported: 168419799; UID 1000; state: DISABLED
07-26 20:08:09.848  1921  3265 D OplusFullScreenDisplayManager: adjustWindowParamsLw: com.android.systemui, change system app cutoutMode: oplus always
07-26 20:08:09.851  1921  3265 I WindowManager: addWindow: New client android.os.BinderProxy@bc75f87 : window=Window{c68feb4 u0 Toast}
07-26 20:08:09.853  1921  3265 D CoreBackPreview: Window{c68feb4 u0 Toast}: Setting back callback OnBackInvokedCallbackInfo{mCallback=android.window.IOnBackInvokedCallback$Stub$Proxy@a0cd652, mPriority=0}
07-26 20:08:09.862  1921  2848 D OplusFullScreenDisplayManager: adjustWindowParamsLw: com.android.systemui, change system app cutoutMode: oplus always
07-26 20:08:09.862  1921  2848 V WindowManager: Relayout Window{c68feb4 u0 Toast}: viewVisibility=0, oldvis=0, req=775x130
07-26 20:08:09.862  1921  2848 I WindowManager: Window{c68feb4 u0 Toast} state from NO_SURFACE to DRAW_PENDING; reason: resetDrawState
07-26 20:08:09.889  1921  2848 I WindowManager: Window{c68feb4 u0 Toast} state from DRAW_PENDING to COMMIT_DRAW_PENDING; reason: finishDrawingLocked
07-26 20:08:09.894  1921  1977 I WindowManager: Window{c68feb4 u0 Toast} state from COMMIT_DRAW_PENDING to READY_TO_SHOW; reason: commitFinishDrawingLocked
07-26 20:08:09.895  1921  1977 I WindowManager: Window{c68feb4 u0 Toast} state from READY_TO_SHOW to HAS_DRAWN; reason: performShowLocked
07-26 20:08:09.922  1921  1977 D WindowManager: Acquiring screen wakelock due to Window{c68feb4 u0 Toast}
07-26 20:08:09.922  1921  1977 D OplusAONSmartDim: onWakeLockAcquireLocked: lock=150350844, flags=0x2000000a, packageName=android, tag="WindowManager", ws=WorkSource{10109}, uid=1000, pid=1921
07-26 20:08:10.089  1921  1921 I OplusStatusBarManagerServiceEnhance:  getTopIsFullscreen mTopIsFullscreen: false
07-26 20:08:10.109  1921  2848 D OplusUserManagerServiceEnhance: getMultiSystemUserId  res = -10000
07-26 20:08:10.897  1921  2255 D PowerManagerService: userActivityNoUpdateLocked: groupId=0, eventTime=101156942, event=2, flags=0x0, uid=1000
07-26 20:08:10.997  1921  2255 D PowerManagerService: userActivityNoUpdateLocked: groupId=0, eventTime=101157045, event=2, flags=0x0, uid=1000
07-26 20:08:11.003  2855  2855 I Quality : Skipped: false 1 cost 22.18418 refreshRate 16561675 bit true processName com.android.launcher
07-26 20:08:11.089  1921  1921 I OplusStatusBarManagerServiceEnhance:  getTopIsFullscreen mTopIsFullscreen: false
07-26 20:08:11.101  1921  2255 D PowerManagerService: userActivityNoUpdateLocked: groupId=0, eventTime=101157148, event=2, flags=0x0, uid=1000
07-26 20:08:11.118  1921  2848 D OplusUserManagerServiceEnhance: getMultiSystemUserId  res = -10000
07-26 20:08:12.087  1921  1921 I OplusStatusBarManagerServiceEnhance:  getTopIsFullscreen mTopIsFullscreen: false
07-26 20:08:12.109  1921  3265 D OplusUserManagerServiceEnhance: getMultiSystemUserId  res = -10000
07-26 20:08:12.822  1921  3265 D CompatibilityChangeReporter: Compat change id reported: 135634846; UID 10227; state: DISABLED
07-26 20:08:12.822  1921  3265 D CompatibilityChangeReporter: Compat change id reported: 177438394; UID 10227; state: DISABLED
07-26 20:08:12.822  1921  3265 D CompatibilityChangeReporter: Compat change id reported: 135772972; UID 10227; state: DISABLED
07-26 20:08:12.822  1921  3265 D CompatibilityChangeReporter: Compat change id reported: 135754954; UID 10227; state: ENABLED
07-26 20:08:12.822  1921  1991 D CompatibilityChangeReporter: Compat change id reported: 143937733; UID 10227; state: ENABLED
07-26 20:08:12.838  1921  1991 I ActivityManager: Start proc 10191:com.google.android.apps.messaging/u0a227 for content provider {com.google.android.apps.messaging/com.google.android.apps.messaging.shared.datamodel.provider.sharedstorage.SharedStorageProvider}
07-26 20:08:12.866  1921  2848 D CompatibilityChangeReporter: Compat change id reported: 168419799; UID 10227; state: DISABLED
07-26 20:08:13.071  1921  1921 I OplusStatusBarManagerServiceEnhance:  getTopIsFullscreen mTopIsFullscreen: false
07-26 20:08:13.075  1921  3265 D OplusUserManagerServiceEnhance: getMultiSystemUserId  res = -10000
07-26 20:08:13.084  1921  3265 D CompatibilityChangeReporter: Compat change id reported: 161145287; UID 10227; state: DISABLED
07-26 20:08:13.416  1921  3288 W PackageManager: package unknown uid 10227 pid 10191 call SetEnabledSetting(com.google.android.apps.messaging component = com.google.android.ims.binding.SystemBindingService, 1, 0)
07-26 20:08:13.459  1921  3288 W PackageManager: package unknown uid 10227 pid 10191 call SetEnabledSetting(com.google.android.apps.messaging component = com.google.android.apps.messaging.auto.MessagingTemplateScreenServiceModule, 1, 0)
07-26 20:08:13.942  1921  2848 D CoreBackPreview: Window{c68feb4 u0 Toast}: Setting back callback null
07-26 20:08:13.942  2599  2599 V ZoomWindowDecorView: removeZoomView
07-26 20:08:13.945  1921  2848 I WindowManager: Window{c68feb4 u0 Toast} state from HAS_DRAWN to NO_SURFACE; reason: destroySurface
07-26 20:08:13.947  1921  2848 D WindowManager: Releasing screen wakelock due to Window{c68feb4 u0 Toast}
07-26 20:08:13.947  1921  2848 D OplusAONSmartDim: onWakeLockReleaseLocked: lock=150350844, flags=0x2000000a, packageName=android, tag="WindowManager", ws=WorkSource{10109}, uid=1000, pid=1921
07-26 20:08:13.947  1921  2848 D PowerManagerService: userActivityNoUpdateLocked: groupId=0, eventTime=101159997, event=0, flags=0x1, uid=1000
07-26 20:08:13.949  1921  2848 W NotificationService: Toast already killed. pkg=com.oplus.safecenter token=android.os.BinderProxy@c9a99b1
07-26 20:08:13.970  1921  2222 D NetworkDiagnostics: unbind service
07-26 20:08:14.012 10191 10234 I Quality : SlowSQLite: /b78790ce56b4e3d75b4a65a5f280aa31/ cost= /505
07-26 20:08:14.074  1921  1921 I OplusStatusBarManagerServiceEnhance:  getTopIsFullscreen mTopIsFullscreen: false
07-26 20:08:14.079  1921  3288 D OplusUserManagerServiceEnhance: getMultiSystemUserId  res = -10000
07-26 20:08:14.191  1921  2848 D CompatibilityChangeReporter: Compat change id reported: 194532703; UID 10227; state: ENABLED
07-26 20:08:15.073  1921  1921 I OplusStatusBarManagerServiceEnhance:  getTopIsFullscreen mTopIsFullscreen: false
07-26 20:08:15.077  1921  3288 D OplusUserManagerServiceEnhance: getMultiSystemUserId  res = -10000
07-26 20:08:15.466  1921  1921 W WindowManager: removeWindowToken: Attempted to remove non-existing token: android.os.Binder@c25789a
07-26 20:08:15.581  1921  2255 D PowerManagerService: userActivityNoUpdateLocked: groupId=0, eventTime=101161628, event=2, flags=0x0, uid=1000
07-26 20:08:15.682  1921  2255 D PowerManagerService: userActivityNoUpdateLocked: groupId=0, eventTime=101161730, event=2, flags=0x0, uid=1000
07-26 20:08:16.073  1921  1921 I OplusStatusBarManagerServiceEnhance:  getTopIsFullscreen mTopIsFullscreen: false
07-26 20:08:16.077  1921  2856 D OplusUserManagerServiceEnhance: getMultiSystemUserId  res = -10000
07-26 20:08:16.655  1921  3265 D CompatibilityChangeReporter: Compat change id reported: 319212206; UID 10227; state: ENABLED
07-26 20:08:17.076  1921  1921 I OplusStatusBarManagerServiceEnhance:  getTopIsFullscreen mTopIsFullscreen: false
07-26 20:08:17.081  1921  3265 D OplusUserManagerServiceEnhance: getMultiSystemUserId  res = -10000
07-26 20:08:17.611  1921  2256 D OplusScreenOffTorchHelper: not handle with turnOff,mFlashLightEnable = false,mFlashLightAvailable=true,mCameraId = 0
07-26 20:08:17.611  1921  2256 I OplusJoystickManager: read game pad state for game manager -> false
07-26 20:08:17.611  1921  2256 W OplusJoystickManager: mInterceptGamepadKey is false
07-26 20:08:17.791  1921  2256 I OplusJoystickManager: read game pad state for game manager -> false
07-26 20:08:17.791  1921  2256 W OplusJoystickManager: mInterceptGamepadKey is false
07-26 20:08:17.792  1921  2256 D PhoneWindowManagerExtImpl: send check wallet message failed by exp version
07-26 20:08:17.792  1921  1921 V SinglePowerKeyMonitor:  p keyrule onPress.
07-26 20:08:17.792  1921  1921 D WindowManager: powerPress: eventTime=101163656 interactive=true count=1 beganFromNonInteractive=false mShortPressOnPowerBehavior=1
07-26 20:08:17.793  1921  2256 I HwShutdownRecord: RecoverSqlFunc running start, setprop false
07-26 20:08:17.801  1921  1921 D OplusPowerManagerHelper: goToSleepNoUpdateLocked  needIntercepet: false
07-26 20:08:17.801  1921  1921 D OplusPowerManagerHelper: [onGoToSleep]
07-26 20:08:17.801  1921  1921 D OplusPowerManagerHelper: [requestKeyguard]
07-26 20:08:17.801  1921  1921 I PowerGroup: Powering off display group due to power_button (groupId= 0, uid= 1000)...
07-26 20:08:17.801  1921  1921 I PowerManagerService: Going to sleep due to power_button (uid 1000)...
07-26 20:08:17.802  1921  1921 D OplusVFXScreenEffectFeature: notifySFUpdateVFXEffectState state VFX_SCREEN_POWER_OFF NeedNotify false
07-26 20:08:17.808  1921  1921 D OplusPowerManagerHelper: wakelock list dump: mLocks.size=2:
07-26 20:08:17.808  1921  1921 D OplusPowerManagerHelper: No.0: PARTIAL_WAKE_LOCK             activated(flags=1, uid=10227, pid=10191) total=2078ms)
07-26 20:08:17.808  1921  1921 D OplusPowerManagerHelper: No.1: PARTIAL_WAKE_LOCK             activated(flags=1, uid=10227, pid=10191) total=2040ms)
07-26 20:08:17.809  1921  1921 D DisplayManagerServiceExtImpl: request size(1,1),dpc=com.android.server.display.DisplayPowerController@90c34a4 size(0,1),flags=0X200F,id(0,0,local:0), phase=1, enable=true, ready=false,prox=false policy=OFF,dozeState=UNKNOWN,screenBrightnessOverride=-1.000000,useAuto=false,lowPower=false,lowPowerFactor=0.500000
07-26 20:08:17.811  1921  2856 V AutofillInlineSuggestionsRequestSession: onInputMethodFinishInput() received
07-26 20:08:17.839  2599  2703 D OneHandedController: setLockedDisabled locked = true, enabled = false ,FeatureEnabled = false
07-26 20:08:17.893  1921  2067 D DisplayPowerState[0]: setColorFadeLevel: level=0.98429155
07-26 20:08:17.910  1921  2067 D DisplayPowerState[0]: setColorFadeLevel: level=0.9381534
07-26 20:08:17.926  1921  2067 D DisplayPowerState[0]: setColorFadeLevel: level=0.85906315
07-26 20:08:17.943  1921  2067 D DisplayPowerState[0]: setColorFadeLevel: level=0.7612492
07-26 20:08:17.959  1921  2067 D DisplayPowerState[0]: setColorFadeLevel: level=0.6394956
07-26 20:08:17.976  1921  2067 D DisplayPowerState[0]: setColorFadeLevel: level=0.51570535
07-26 20:08:17.992  1921  2067 D DisplayPowerState[0]: setColorFadeLevel: level=0.38327724
07-26 20:08:18.009  1921  2067 D DisplayPowerState[0]: setColorFadeLevel: level=0.26603514
07-26 20:08:18.025  1921  2067 D DisplayPowerState[0]: setColorFadeLevel: level=0.1577264
07-26 20:08:18.042  1921  2067 D DisplayPowerState[0]: setColorFadeLevel: level=0.0778361
07-26 20:08:18.058  1921  2067 D DisplayPowerState[0]: setColorFadeLevel: level=0.022103548
07-26 20:08:18.075  1921  2067 D DisplayPowerState[0]: setColorFadeLevel: level=2.4676323E-4
07-26 20:08:18.080  1921  1921 I OplusStatusBarManagerServiceEnhance:  getTopIsFullscreen mTopIsFullscreen: false
07-26 20:08:18.085  1921  2827 D OplusUserManagerServiceEnhance: getMultiSystemUserId  res = -10000
07-26 20:08:18.091  1921  2067 D DisplayPowerState[0]: setColorFadeLevel: level=0.0
07-26 20:08:18.091  1921  2067 D DpcExtImpl[0]: RECORD: Animation finished when screen is off
07-26 20:08:18.091  1921  2067 D DpcExtImpl[0]: [onGoToSleepFinish]
07-26 20:08:18.100  1921  2067 D DisplayPowerState[0]: updateRunnable run fadeLevle=0.0 state=ON brightness changed:487.0->-1.0
07-26 20:08:18.100  1921  2067 I DisplayPowerController[0]: Blocking screen off
07-26 20:08:18.101  1921  2067 I DisplayPowerController[0]: Unblocked screen off after 0 ms
07-26 20:08:18.101  1921  2067 D OplusSmartBrightnessController: onScreenEvent, isScreenOn displayId[0]=false
07-26 20:08:18.101  1921  2067 D OplusSmartBrightnessController: NeedResetSpline:false, NeedResetSplineByLargeChange:false
07-26 20:08:18.101  1921  2107 D VRR [OPlusRefreshRateService]: handleScreenStateChange state: 1
07-26 20:08:18.101  1921  2069 I OplusSmartBrightnessController: handleMessage MSG_NEXT_LUX_WILL_CHANGED.
07-26 20:08:18.102  1921  2067 D DisplayPowerState[0]: setScreenState: state=1
07-26 20:08:18.102  1921  2067 D BackLightStat: setScreenState: state changed:ON->OFF
07-26 20:08:18.166  1921  2067 D ActivityTaskManager: Top Process State changed to PROCESS_STATE_TOP_SLEEPING
